[roll] ckpt=/scratch/e452103/checkpoints/roma_mifutagent_dim1_H8_r16p64_ft_collstop_nodiv/roma_dim1_step4000579584.pt
[roll] code=/home/e452103/roma_film branch=mi-future-agentcentric-film
[roll] alphas=-2,-1,0,1,2 (sweep=1) axis=PC1 episodes=6 map_pool=1000
[roll] out=/scratch/e452103/regimes_rollout/cand_4000579584_rep2
[roll] zones for 9493 scenes  device=cpu
[roll] role_dim=1
[alpha] warmup axes from 2964 role vectors
[roll] measured natural sigma(PC1) = 2.7181
[roll] axis derived from this checkpoint
[roll] sweeping PC1  sigma=2.7181
[roll] PC1-2 ep 1/6: 2331 trajectories, 58 conflicts
[roll] PC1-2 ep 2/6: 4530 trajectories, 160 conflicts
[roll] PC1-2 ep 3/6: 6688 trajectories, 236 conflicts
[roll] PC1-2 ep 4/6: 8919 trajectories, 326 conflicts
[roll] PC1-2 ep 5/6: 11151 trajectories, 412 conflicts
[roll] PC1-2 ep 6/6: 13376 trajectories, 497 conflicts

=== PC1-2: 13376 trajectories, 497 conflicts ===

  ROLE VARIANCE SPLIT (is it a disposition or a reaction?)
    dim 0: between-agent=7.7761  between-regime(within agent)=1.6943  step-level sd^2=2.6102
            disposition share = 0.821  (-> 1.0 = a stable style; -> 0.5 = as much situational swing as driver difference)
    desired speed (rel)    n=10422  med=0.781
    time headway (s)       n=1140   med=2.268
  wrote /scratch/e452103/regimes_rollout/cand_4000579584_rep2/conflicts_PC1-2.csv + regimes_PC1-2.csv
[roll] PC1-1 ep 1/6: 2225 trajectories, 88 conflicts
[roll] PC1-1 ep 2/6: 4498 trajectories, 180 conflicts
[roll] PC1-1 ep 3/6: 6747 trajectories, 278 conflicts
[roll] PC1-1 ep 4/6: 8881 trajectories, 346 conflicts
[roll] PC1-1 ep 5/6: 11114 trajectories, 447 conflicts
[roll] PC1-1 ep 6/6: 13336 trajectories, 549 conflicts

=== PC1-1: 13336 trajectories, 549 conflicts ===

  ROLE VARIANCE SPLIT (is it a disposition or a reaction?)
    dim 0: between-agent=7.1119  between-regime(within agent)=1.5246  step-level sd^2=2.5299
            disposition share = 0.823  (-> 1.0 = a stable style; -> 0.5 = as much situational swing as driver difference)
    desired speed (rel)    n=10449  med=0.792
    time headway (s)       n=885    med=1.998
  wrote /scratch/e452103/regimes_rollout/cand_4000579584_rep2/conflicts_PC1-1.csv + regimes_PC1-1.csv
[roll] natural ep 1/6: 2203 trajectories, 111 conflicts
[roll] natural ep 2/6: 4617 trajectories, 222 conflicts
[roll] natural ep 3/6: 6847 trajectories, 343 conflicts
[roll] natural ep 4/6: 9153 trajectories, 445 conflicts
[roll] natural ep 5/6: 11369 trajectories, 543 conflicts
[roll] natural ep 6/6: 13642 trajectories, 645 conflicts

=== natural: 13642 trajectories, 645 conflicts ===

  ROLE VARIANCE SPLIT (is it a disposition or a reaction?)
    dim 0: between-agent=7.5187  between-regime(within agent)=2.0405  step-level sd^2=2.9478
            disposition share = 0.787  (-> 1.0 = a stable style; -> 0.5 = as much situational swing as driver difference)
    desired speed (rel)    n=10707  med=0.792
    time headway (s)       n=696    med=1.649
  wrote /scratch/e452103/regimes_rollout/cand_4000579584_rep2/conflicts_natural.csv + regimes_natural.csv
[roll] PC1+1 ep 1/6: 2156 trajectories, 100 conflicts
[roll] PC1+1 ep 2/6: 4389 trajectories, 242 conflicts
[roll] PC1+1 ep 3/6: 6604 trajectories, 355 conflicts
[roll] PC1+1 ep 4/6: 8769 trajectories, 477 conflicts
[roll] PC1+1 ep 5/6: 11052 trajectories, 592 conflicts
[roll] PC1+1 ep 6/6: 13212 trajectories, 686 conflicts

=== PC1+1: 13212 trajectories, 686 conflicts ===

  ROLE VARIANCE SPLIT (is it a disposition or a reaction?)
    dim 0: between-agent=7.7755  between-regime(within agent)=2.5074  step-level sd^2=3.2266
            disposition share = 0.756  (-> 1.0 = a stable style; -> 0.5 = as much situational swing as driver difference)
    desired speed (rel)    n=10383  med=0.797
    time headway (s)       n=557    med=1.263
  wrote /scratch/e452103/regimes_rollout/cand_4000579584_rep2/conflicts_PC1+1.csv + regimes_PC1+1.csv
[roll] PC1+2 ep 1/6: 2247 trajectories, 136 conflicts
[roll] PC1+2 ep 2/6: 4435 trajectories, 260 conflicts
[roll] PC1+2 ep 3/6: 6636 trajectories, 395 conflicts
[roll] PC1+2 ep 4/6: 8856 trajectories, 532 conflicts
[roll] PC1+2 ep 5/6: 11142 trajectories, 664 conflicts
[roll] PC1+2 ep 6/6: 13429 trajectories, 809 conflicts

=== PC1+2: 13429 trajectories, 809 conflicts ===

  ROLE VARIANCE SPLIT (is it a disposition or a reaction?)
    dim 0: between-agent=7.8591  between-regime(within agent)=2.9599  step-level sd^2=3.6013
            disposition share = 0.726  (-> 1.0 = a stable style; -> 0.5 = as much situational swing as driver difference)
    desired speed (rel)    n=10376  med=0.814
    time headway (s)       n=725    med=1.165
  wrote /scratch/e452103/regimes_rollout/cand_4000579584_rep2/conflicts_PC1+2.csv + regimes_PC1+2.csv
[roll] done -> /scratch/e452103/regimes_rollout/cand_4000579584_rep2
total 11628
drwxr-xr-x  2 e452103 domain users      10 Aug 11 10:21 .
drwxr-xr-x 32 e452103 domain users      30 Aug 11 10:07 ..
-rw-r--r--  1 e452103 domain users  135047 Aug 11 10:17 conflicts_PC1+1.csv
-rw-r--r--  1 e452103 domain users  159581 Aug 11 10:21 conflicts_PC1+2.csv
-rw-r--r--  1 e452103 domain users  107376 Aug 11 10:09 conflicts_PC1-1.csv
-rw-r--r--  1 e452103 domain users   96821 Aug 11 10:04 conflicts_PC1-2.csv
-rw-r--r--  1 e452103 domain users  125933 Aug 11 10:12 conflicts_natural.csv
-rw-r--r--  1 e452103 domain users 2208092 Aug 11 10:17 regimes_PC1+1.csv
-rw-r--r--  1 e452103 domain users 2251195 Aug 11 10:21 regimes_PC1+2.csv
-rw-r--r--  1 e452103 domain users 2254083 Aug 11 10:09 regimes_PC1-1.csv
-rw-r--r--  1 e452103 domain users 2264833 Aug 11 10:04 regimes_PC1-2.csv
-rw-r--r--  1 e452103 domain users 2300999 Aug 11 10:12 regimes_natural.csv
