[roll] ckpt=/scratch/e452103/checkpoints/roma_mifutagent_dim1_H8_r16p64_ft_collstop_nodiv/roma_dim1_step4500750336.pt
[roll] code=/home/e452103/roma_film branch=mi-future-agentcentric-film
[roll] alphas=-2,-1,0,1,2 (sweep=1) axis=PC1 episodes=6 map_pool=1000
[roll] out=/scratch/e452103/regimes_rollout/collstop_roma_dim1_step4500750336
[roll] zones for 9493 scenes  device=cpu
[roll] role_dim=1
[alpha] warmup axes from 2974 role vectors
[roll] measured natural sigma(PC1) = 3.2468
[roll] axis derived from this checkpoint
[roll] sweeping PC1  sigma=3.2468
[roll] PC1-2 ep 1/6: 2169 trajectories, 88 conflicts
[roll] PC1-2 ep 2/6: 4405 trajectories, 185 conflicts
[roll] PC1-2 ep 3/6: 6716 trajectories, 298 conflicts
[roll] PC1-2 ep 4/6: 9020 trajectories, 400 conflicts
[roll] PC1-2 ep 5/6: 11279 trajectories, 497 conflicts
[roll] PC1-2 ep 6/6: 13548 trajectories, 586 conflicts

=== PC1-2: 13548 trajectories, 586 conflicts ===

  ROLE VARIANCE SPLIT (is it a disposition or a reaction?)
    dim 0: between-agent=10.0764  between-regime(within agent)=1.6418  step-level sd^2=3.0058
            disposition share = 0.860  (-> 1.0 = a stable style; -> 0.5 = as much situational swing as driver difference)
    desired speed (rel)    n=10783  med=0.787
    time headway (s)       n=666    med=1.748
  wrote /scratch/e452103/regimes_rollout/collstop_roma_dim1_step4500750336/conflicts_PC1-2.csv + regimes_PC1-2.csv
[roll] PC1-1 ep 1/6: 2227 trajectories, 105 conflicts
[roll] PC1-1 ep 2/6: 4435 trajectories, 211 conflicts
[roll] PC1-1 ep 3/6: 6725 trajectories, 325 conflicts
[roll] PC1-1 ep 4/6: 9027 trajectories, 434 conflicts
[roll] PC1-1 ep 5/6: 11324 trajectories, 549 conflicts
[roll] PC1-1 ep 6/6: 13594 trajectories, 634 conflicts

=== PC1-1: 13594 trajectories, 634 conflicts ===

  ROLE VARIANCE SPLIT (is it a disposition or a reaction?)
    dim 0: between-agent=10.2356  between-regime(within agent)=2.1445  step-level sd^2=3.0439
            disposition share = 0.827  (-> 1.0 = a stable style; -> 0.5 = as much situational swing as driver difference)
    desired speed (rel)    n=10752  med=0.786
    time headway (s)       n=661    med=1.745
  wrote /scratch/e452103/regimes_rollout/collstop_roma_dim1_step4500750336/conflicts_PC1-1.csv + regimes_PC1-1.csv
[roll] natural ep 1/6: 2272 trajectories, 129 conflicts
[roll] natural ep 2/6: 4479 trajectories, 249 conflicts
[roll] natural ep 3/6: 6694 trajectories, 358 conflicts
[roll] natural ep 4/6: 8913 trajectories, 457 conflicts
[roll] natural ep 5/6: 11162 trajectories, 574 conflicts
[roll] natural ep 6/6: 13384 trajectories, 692 conflicts

=== natural: 13384 trajectories, 692 conflicts ===

  ROLE VARIANCE SPLIT (is it a disposition or a reaction?)
    dim 0: between-agent=10.7589  between-regime(within agent)=2.6561  step-level sd^2=3.3892
            disposition share = 0.802  (-> 1.0 = a stable style; -> 0.5 = as much situational swing as driver difference)
    desired speed (rel)    n=10422  med=0.791
    time headway (s)       n=555    med=1.490
  wrote /scratch/e452103/regimes_rollout/collstop_roma_dim1_step4500750336/conflicts_natural.csv + regimes_natural.csv
[roll] PC1+1 ep 1/6: 2242 trajectories, 127 conflicts
[roll] PC1+1 ep 2/6: 4473 trajectories, 237 conflicts
[roll] PC1+1 ep 3/6: 6782 trajectories, 348 conflicts
[roll] PC1+1 ep 4/6: 8964 trajectories, 460 conflicts
[roll] PC1+1 ep 5/6: 11190 trajectories, 577 conflicts
[roll] PC1+1 ep 6/6: 13381 trajectories, 678 conflicts

=== PC1+1: 13381 trajectories, 678 conflicts ===

  ROLE VARIANCE SPLIT (is it a disposition or a reaction?)
    dim 0: between-agent=10.5643  between-regime(within agent)=3.1428  step-level sd^2=3.7047
            disposition share = 0.771  (-> 1.0 = a stable style; -> 0.5 = as much situational swing as driver difference)
    desired speed (rel)    n=10511  med=0.802
    time headway (s)       n=472    med=1.205
  wrote /scratch/e452103/regimes_rollout/collstop_roma_dim1_step4500750336/conflicts_PC1+1.csv + regimes_PC1+1.csv
[roll] PC1+2 ep 1/6: 2200 trajectories, 123 conflicts
[roll] PC1+2 ep 2/6: 4482 trajectories, 244 conflicts
[roll] PC1+2 ep 3/6: 6690 trajectories, 369 conflicts
[roll] PC1+2 ep 4/6: 9011 trajectories, 512 conflicts
[roll] PC1+2 ep 5/6: 11217 trajectories, 650 conflicts
[roll] PC1+2 ep 6/6: 13403 trajectories, 762 conflicts

=== PC1+2: 13403 trajectories, 762 conflicts ===

  ROLE VARIANCE SPLIT (is it a disposition or a reaction?)
    dim 0: between-agent=11.1810  between-regime(within agent)=2.6659  step-level sd^2=4.0531
            disposition share = 0.807  (-> 1.0 = a stable style; -> 0.5 = as much situational swing as driver difference)
    desired speed (rel)    n=10437  med=0.814
    time headway (s)       n=620    med=1.107
  wrote /scratch/e452103/regimes_rollout/collstop_roma_dim1_step4500750336/conflicts_PC1+2.csv + regimes_PC1+2.csv
[roll] done -> /scratch/e452103/regimes_rollout/collstop_roma_dim1_step4500750336
total 11678
drwxr-xr-x  2 e452103 domain users      10 Aug 10 22:50 .
drwxr-xr-x 17 e452103 domain users      15 Aug 10 22:21 ..
-rw-r--r--  1 e452103 domain users  133469 Aug 10 22:45 conflicts_PC1+1.csv
-rw-r--r--  1 e452103 domain users  150235 Aug 10 22:50 conflicts_PC1+2.csv
-rw-r--r--  1 e452103 domain users  124222 Aug 10 22:35 conflicts_PC1-1.csv
-rw-r--r--  1 e452103 domain users  114313 Aug 10 22:29 conflicts_PC1-2.csv
-rw-r--r--  1 e452103 domain users  135649 Aug 10 22:39 conflicts_natural.csv
-rw-r--r--  1 e452103 domain users 2241500 Aug 10 22:45 regimes_PC1+1.csv
-rw-r--r--  1 e452103 domain users 2251280 Aug 10 22:50 regimes_PC1+2.csv
-rw-r--r--  1 e452103 domain users 2287846 Aug 10 22:35 regimes_PC1-1.csv
-rw-r--r--  1 e452103 domain users 2278553 Aug 10 22:29 regimes_PC1-2.csv
-rw-r--r--  1 e452103 domain users 2237842 Aug 10 22:39 regimes_natural.csv
