[roll] ckpt=/scratch/e452103/checkpoints/roma_mifutagent_dim1_H8_r16p64_ft_collstop_nodiv/roma_dim1_step3750494208.pt
[roll] code=/home/e452103/roma_film branch=mi-future-agentcentric-film
[roll] alphas=-2,-1,0,1,2 (sweep=1) axis=PC1 episodes=6 map_pool=1000
[roll] out=/scratch/e452103/regimes_rollout/cand_3750494208_rep2
[roll] zones for 9493 scenes  device=cpu
[roll] role_dim=1
[alpha] warmup axes from 2951 role vectors
[roll] measured natural sigma(PC1) = 2.0049
[roll] axis derived from this checkpoint
[roll] sweeping PC1  sigma=2.0049
[roll] PC1-2 ep 1/6: 2230 trajectories, 97 conflicts
[roll] PC1-2 ep 2/6: 4537 trajectories, 187 conflicts
[roll] PC1-2 ep 3/6: 6785 trajectories, 266 conflicts
[roll] PC1-2 ep 4/6: 9150 trajectories, 360 conflicts
[roll] PC1-2 ep 5/6: 11401 trajectories, 479 conflicts
[roll] PC1-2 ep 6/6: 13602 trajectories, 556 conflicts

=== PC1-2: 13602 trajectories, 556 conflicts ===

  ROLE VARIANCE SPLIT (is it a disposition or a reaction?)
    dim 0: between-agent=4.2741  between-regime(within agent)=1.4389  step-level sd^2=1.7638
            disposition share = 0.748  (-> 1.0 = a stable style; -> 0.5 = as much situational swing as driver difference)
    desired speed (rel)    n=10678  med=0.784
    time headway (s)       n=979    med=2.260
  wrote /scratch/e452103/regimes_rollout/cand_3750494208_rep2/conflicts_PC1-2.csv + regimes_PC1-2.csv
[roll] PC1-1 ep 1/6: 2308 trajectories, 111 conflicts
[roll] PC1-1 ep 2/6: 4703 trajectories, 206 conflicts
[roll] PC1-1 ep 3/6: 6977 trajectories, 296 conflicts
[roll] PC1-1 ep 4/6: 9163 trajectories, 389 conflicts
[roll] PC1-1 ep 5/6: 11328 trajectories, 495 conflicts
[roll] PC1-1 ep 6/6: 13578 trajectories, 599 conflicts

=== PC1-1: 13578 trajectories, 599 conflicts ===

  ROLE VARIANCE SPLIT (is it a disposition or a reaction?)
    dim 0: between-agent=4.1169  between-regime(within agent)=1.4955  step-level sd^2=1.8129
            disposition share = 0.734  (-> 1.0 = a stable style; -> 0.5 = as much situational swing as driver difference)
    desired speed (rel)    n=10809  med=0.790
    time headway (s)       n=900    med=2.008
  wrote /scratch/e452103/regimes_rollout/cand_3750494208_rep2/conflicts_PC1-1.csv + regimes_PC1-1.csv
[roll] natural ep 1/6: 2208 trajectories, 132 conflicts
[roll] natural ep 2/6: 4437 trajectories, 235 conflicts
[roll] natural ep 3/6: 6726 trajectories, 367 conflicts
[roll] natural ep 4/6: 9004 trajectories, 478 conflicts
[roll] natural ep 5/6: 11240 trajectories, 617 conflicts
[roll] natural ep 6/6: 13448 trajectories, 733 conflicts

=== natural: 13448 trajectories, 733 conflicts ===

  ROLE VARIANCE SPLIT (is it a disposition or a reaction?)
    dim 0: between-agent=4.4103  between-regime(within agent)=1.7593  step-level sd^2=1.9714
            disposition share = 0.715  (-> 1.0 = a stable style; -> 0.5 = as much situational swing as driver difference)
    desired speed (rel)    n=10576  med=0.794
    time headway (s)       n=643    med=1.719
  wrote /scratch/e452103/regimes_rollout/cand_3750494208_rep2/conflicts_natural.csv + regimes_natural.csv
[roll] PC1+1 ep 1/6: 2258 trajectories, 164 conflicts
[roll] PC1+1 ep 2/6: 4473 trajectories, 302 conflicts
[roll] PC1+1 ep 3/6: 6786 trajectories, 411 conflicts
[roll] PC1+1 ep 4/6: 9089 trajectories, 538 conflicts
[roll] PC1+1 ep 5/6: 11284 trajectories, 643 conflicts
[roll] PC1+1 ep 6/6: 13642 trajectories, 798 conflicts

=== PC1+1: 13642 trajectories, 798 conflicts ===

  ROLE VARIANCE SPLIT (is it a disposition or a reaction?)
    dim 0: between-agent=4.4072  between-regime(within agent)=1.8687  step-level sd^2=2.2247
            disposition share = 0.702  (-> 1.0 = a stable style; -> 0.5 = as much situational swing as driver difference)
    desired speed (rel)    n=10615  med=0.802
    time headway (s)       n=657    med=1.437
  wrote /scratch/e452103/regimes_rollout/cand_3750494208_rep2/conflicts_PC1+1.csv + regimes_PC1+1.csv
[roll] PC1+2 ep 1/6: 2234 trajectories, 118 conflicts
[roll] PC1+2 ep 2/6: 4530 trajectories, 272 conflicts
[roll] PC1+2 ep 3/6: 6770 trajectories, 414 conflicts
[roll] PC1+2 ep 4/6: 9077 trajectories, 550 conflicts
[roll] PC1+2 ep 5/6: 11313 trajectories, 694 conflicts
[roll] PC1+2 ep 6/6: 13566 trajectories, 847 conflicts

=== PC1+2: 13566 trajectories, 847 conflicts ===

  ROLE VARIANCE SPLIT (is it a disposition or a reaction?)
    dim 0: between-agent=4.8938  between-regime(within agent)=1.9838  step-level sd^2=2.4775
            disposition share = 0.712  (-> 1.0 = a stable style; -> 0.5 = as much situational swing as driver difference)
    desired speed (rel)    n=10550  med=0.814
    time headway (s)       n=662    med=1.313
  wrote /scratch/e452103/regimes_rollout/cand_3750494208_rep2/conflicts_PC1+2.csv + regimes_PC1+2.csv
[roll] done -> /scratch/e452103/regimes_rollout/cand_3750494208_rep2
total 11845
drwxr-xr-x  2 e452103 domain users      10 Aug 11 10:20 .
drwxr-xr-x 32 e452103 domain users      30 Aug 11 10:07 ..
-rw-r--r--  1 e452103 domain users  157033 Aug 11 10:17 conflicts_PC1+1.csv
-rw-r--r--  1 e452103 domain users  166493 Aug 11 10:20 conflicts_PC1+2.csv
-rw-r--r--  1 e452103 domain users  116943 Aug 11 10:08 conflicts_PC1-1.csv
-rw-r--r--  1 e452103 domain users  107815 Aug 11 10:02 conflicts_PC1-2.csv
-rw-r--r--  1 e452103 domain users  144932 Aug 11 10:12 conflicts_natural.csv
-rw-r--r--  1 e452103 domain users 2285386 Aug 11 10:17 regimes_PC1+1.csv
-rw-r--r--  1 e452103 domain users 2288167 Aug 11 10:20 regimes_PC1+2.csv
-rw-r--r--  1 e452103 domain users 2296127 Aug 11 10:08 regimes_PC1-1.csv
-rw-r--r--  1 e452103 domain users 2294493 Aug 11 10:03 regimes_PC1-2.csv
-rw-r--r--  1 e452103 domain users 2268014 Aug 11 10:12 regimes_natural.csv
