[roll] ckpt=/scratch/e452103/checkpoints/roma_mifutagent_dim1_H8_r16p64_ep_nodiv/roma_dim1_final.pt
[roll] code=/home/e452103/roma_film branch=mi-future-agentcentric-film
[roll] alphas=-2,-1,0,1,2 (sweep=1) axis=PC1 episodes=6 map_pool=1000
[roll] out=/scratch/e452103/regimes_rollout/dim1_nodiv
[roll] zones for 9493 scenes  device=cpu
[roll] role_dim=1
[alpha] warmup axes from 2950 role vectors
[roll] measured natural sigma(PC1) = 1.0707
[roll] axis derived from this checkpoint
[roll] axis PC1 sigma=1.0707
[roll] PC1-2 ep 1/6: 2916 trajectories, 329 conflicts
[roll] PC1-2 ep 2/6: 5853 trajectories, 597 conflicts
[roll] PC1-2 ep 3/6: 8783 trajectories, 838 conflicts
[roll] PC1-2 ep 4/6: 11722 trajectories, 1136 conflicts
[roll] PC1-2 ep 5/6: 14660 trajectories, 1425 conflicts
[roll] PC1-2 ep 6/6: 17596 trajectories, 1700 conflicts

=== PC1-2: 17596 trajectories, 1700 conflicts ===

  ROLE VARIANCE SPLIT (is it a disposition or a reaction?)
    dim 0: between-agent=1.5670  between-regime(within agent)=0.1949  step-level sd^2=0.4656
            disposition share = 0.889  (-> 1.0 = a stable style; -> 0.5 = as much situational swing as driver difference)
    desired speed (rel)    n=14143  med=0.690
    time headway (s)       n=681    med=1.225
  wrote /scratch/e452103/regimes_rollout/dim1_nodiv/conflicts_PC1-2.csv + regimes_PC1-2.csv
[roll] PC1-1 ep 1/6: 2868 trajectories, 225 conflicts
[roll] PC1-1 ep 2/6: 5736 trajectories, 511 conflicts
[roll] PC1-1 ep 3/6: 8617 trajectories, 781 conflicts
[roll] PC1-1 ep 4/6: 11486 trajectories, 994 conflicts
[roll] PC1-1 ep 5/6: 14349 trajectories, 1180 conflicts
[roll] PC1-1 ep 6/6: 17212 trajectories, 1376 conflicts

=== PC1-1: 17212 trajectories, 1376 conflicts ===

  ROLE VARIANCE SPLIT (is it a disposition or a reaction?)
    dim 0: between-agent=1.4101  between-regime(within agent)=0.1132  step-level sd^2=0.3232
            disposition share = 0.926  (-> 1.0 = a stable style; -> 0.5 = as much situational swing as driver difference)
    desired speed (rel)    n=12990  med=0.787
    time headway (s)       n=1661   med=1.266
  wrote /scratch/e452103/regimes_rollout/dim1_nodiv/conflicts_PC1-1.csv + regimes_PC1-1.csv
[roll] natural ep 1/6: 2841 trajectories, 277 conflicts
[roll] natural ep 2/6: 5680 trajectories, 548 conflicts
[roll] natural ep 3/6: 8515 trajectories, 841 conflicts
[roll] natural ep 4/6: 11355 trajectories, 1080 conflicts
[roll] natural ep 5/6: 14174 trajectories, 1330 conflicts
[roll] natural ep 6/6: 17018 trajectories, 1614 conflicts

=== natural: 17018 trajectories, 1614 conflicts ===

  ROLE VARIANCE SPLIT (is it a disposition or a reaction?)
    dim 0: between-agent=1.2827  between-regime(within agent)=0.1588  step-level sd^2=0.3082
            disposition share = 0.890  (-> 1.0 = a stable style; -> 0.5 = as much situational swing as driver difference)
    desired speed (rel)    n=11807  med=0.814
    time headway (s)       n=1977   med=0.943
  wrote /scratch/e452103/regimes_rollout/dim1_nodiv/conflicts_natural.csv + regimes_natural.csv
[roll] PC1+1 ep 1/6: 2823 trajectories, 251 conflicts
[roll] PC1+1 ep 2/6: 5667 trajectories, 611 conflicts
[roll] PC1+1 ep 3/6: 8500 trajectories, 836 conflicts
[roll] PC1+1 ep 4/6: 11310 trajectories, 1104 conflicts
[roll] PC1+1 ep 5/6: 14141 trajectories, 1332 conflicts
[roll] PC1+1 ep 6/6: 16973 trajectories, 1586 conflicts

=== PC1+1: 16973 trajectories, 1586 conflicts ===

  ROLE VARIANCE SPLIT (is it a disposition or a reaction?)
    dim 0: between-agent=1.1845  between-regime(within agent)=0.1236  step-level sd^2=0.3129
            disposition share = 0.906  (-> 1.0 = a stable style; -> 0.5 = as much situational swing as driver difference)
    desired speed (rel)    n=11582  med=0.808
    time headway (s)       n=1817   med=0.810
  wrote /scratch/e452103/regimes_rollout/dim1_nodiv/conflicts_PC1+1.csv + regimes_PC1+1.csv
[roll] PC1+2 ep 1/6: 2838 trajectories, 351 conflicts
[roll] PC1+2 ep 2/6: 5683 trajectories, 632 conflicts
[roll] PC1+2 ep 3/6: 8540 trajectories, 1066 conflicts
[roll] PC1+2 ep 4/6: 11386 trajectories, 1311 conflicts
[roll] PC1+2 ep 5/6: 14191 trajectories, 1675 conflicts
[roll] PC1+2 ep 6/6: 16989 trajectories, 1949 conflicts

=== PC1+2: 16989 trajectories, 1949 conflicts ===

  ROLE VARIANCE SPLIT (is it a disposition or a reaction?)
    dim 0: between-agent=1.1505  between-regime(within agent)=0.1269  step-level sd^2=0.3471
            disposition share = 0.901  (-> 1.0 = a stable style; -> 0.5 = as much situational swing as driver difference)
    desired speed (rel)    n=11726  med=0.810
    time headway (s)       n=1692   med=0.789
  wrote /scratch/e452103/regimes_rollout/dim1_nodiv/conflicts_PC1+2.csv + regimes_PC1+2.csv
[roll] done -> /scratch/e452103/regimes_rollout/dim1_nodiv
total 8233
drwxr-xr-x 2 e452103 domain users      10 Aug  4 22:06 .
drwxr-xr-x 4 e452103 domain users       2 Aug  4 14:46 ..
-rw-r--r-- 1 e452103 domain users  305512 Aug  4 22:01 conflicts_PC1+1.csv
-rw-r--r-- 1 e452103 domain users  374444 Aug  4 22:06 conflicts_PC1+2.csv
-rw-r--r-- 1 e452103 domain users  262178 Aug  4 21:54 conflicts_PC1-1.csv
-rw-r--r-- 1 e452103 domain users  325863 Aug  4 21:48 conflicts_PC1-2.csv
-rw-r--r-- 1 e452103 domain users  310183 Aug  4 21:57 conflicts_natural.csv
-rw-r--r-- 1 e452103 domain users 1339683 Aug  4 22:01 regimes_PC1+1.csv
-rw-r--r-- 1 e452103 domain users 1342114 Aug  4 22:06 regimes_PC1+2.csv
-rw-r--r-- 1 e452103 domain users 1383327 Aug  4 21:54 regimes_PC1-1.csv
-rw-r--r-- 1 e452103 domain users 1433810 Aug  4 21:48 regimes_PC1-2.csv
-rw-r--r-- 1 e452103 domain users 1349370 Aug  4 21:57 regimes_natural.csv
