[roll] ckpt=/scratch/e452103/checkpoints/roma_mifutagent_dim1_H8_r16p64_ft_pc40_cb1_lr_nodiv/roma_dim1_step5000921088.pt
[roll] code=/home/e452103/roma_film branch=mi-future-agentcentric-film
[roll] alphas=-2,-1,0,1,2 (sweep=1) axis=PC1 episodes=6 map_pool=1000
[roll] out=/scratch/e452103/regimes_rollout/pc40_cb1_lr_5000921088
[roll] zones for 9493 scenes  device=cpu
[roll] role_dim=1
[alpha] warmup axes from 2972 role vectors
[roll] measured natural sigma(PC1) = 6.8825
[roll] axis derived from this checkpoint
[roll] sweeping PC1  sigma=6.8825
[roll] PC1-2 ep 1/6: 2346 trajectories, 66 conflicts
[roll] PC1-2 ep 2/6: 4664 trajectories, 119 conflicts
[roll] PC1-2 ep 3/6: 6918 trajectories, 171 conflicts
[roll] PC1-2 ep 4/6: 9239 trajectories, 209 conflicts
[roll] PC1-2 ep 5/6: 11465 trajectories, 277 conflicts
[roll] PC1-2 ep 6/6: 13704 trajectories, 349 conflicts

=== PC1-2: 13704 trajectories, 349 conflicts ===

  ROLE VARIANCE SPLIT (is it a disposition or a reaction?)
    dim 0: between-agent=44.7185  between-regime(within agent)=12.0340  step-level sd^2=25.6781
            disposition share = 0.788  (-> 1.0 = a stable style; -> 0.5 = as much situational swing as driver difference)
    desired speed (rel)    n=10006  med=0.746
    time headway (s)       n=908    med=2.407
  wrote /scratch/e452103/regimes_rollout/pc40_cb1_lr_5000921088/conflicts_PC1-2.csv + regimes_PC1-2.csv
[roll] PC1-1 ep 1/6: 2268 trajectories, 59 conflicts
[roll] PC1-1 ep 2/6: 4581 trajectories, 103 conflicts
[roll] PC1-1 ep 3/6: 6807 trajectories, 156 conflicts
[roll] PC1-1 ep 4/6: 9003 trajectories, 221 conflicts
[roll] PC1-1 ep 5/6: 11345 trajectories, 276 conflicts
[roll] PC1-1 ep 6/6: 13714 trajectories, 328 conflicts

=== PC1-1: 13714 trajectories, 328 conflicts ===

  ROLE VARIANCE SPLIT (is it a disposition or a reaction?)
    dim 0: between-agent=45.8679  between-regime(within agent)=11.1975  step-level sd^2=25.6278
            disposition share = 0.804  (-> 1.0 = a stable style; -> 0.5 = as much situational swing as driver difference)
    desired speed (rel)    n=10107  med=0.746
    time headway (s)       n=862    med=2.390
  wrote /scratch/e452103/regimes_rollout/pc40_cb1_lr_5000921088/conflicts_PC1-1.csv + regimes_PC1-1.csv
[roll] natural ep 1/6: 2242 trajectories, 47 conflicts
[roll] natural ep 2/6: 4464 trajectories, 102 conflicts
[roll] natural ep 3/6: 6736 trajectories, 165 conflicts
[roll] natural ep 4/6: 9026 trajectories, 226 conflicts
[roll] natural ep 5/6: 11310 trajectories, 282 conflicts
[roll] natural ep 6/6: 13685 trajectories, 337 conflicts

=== natural: 13685 trajectories, 337 conflicts ===

  ROLE VARIANCE SPLIT (is it a disposition or a reaction?)
    dim 0: between-agent=46.9353  between-regime(within agent)=13.9576  step-level sd^2=25.6843
            disposition share = 0.771  (-> 1.0 = a stable style; -> 0.5 = as much situational swing as driver difference)
    desired speed (rel)    n=10071  med=0.739
    time headway (s)       n=889    med=2.284
  wrote /scratch/e452103/regimes_rollout/pc40_cb1_lr_5000921088/conflicts_natural.csv + regimes_natural.csv
[roll] PC1+1 ep 1/6: 2223 trajectories, 66 conflicts
[roll] PC1+1 ep 2/6: 4531 trajectories, 131 conflicts
[roll] PC1+1 ep 3/6: 6863 trajectories, 180 conflicts
[roll] PC1+1 ep 4/6: 9183 trajectories, 245 conflicts
[roll] PC1+1 ep 5/6: 11508 trajectories, 310 conflicts
[roll] PC1+1 ep 6/6: 13705 trajectories, 377 conflicts

=== PC1+1: 13705 trajectories, 377 conflicts ===

  ROLE VARIANCE SPLIT (is it a disposition or a reaction?)
    dim 0: between-agent=49.0412  between-regime(within agent)=16.4015  step-level sd^2=28.6100
            disposition share = 0.749  (-> 1.0 = a stable style; -> 0.5 = as much situational swing as driver difference)
    desired speed (rel)    n=10170  med=0.739
    time headway (s)       n=923    med=2.122
  wrote /scratch/e452103/regimes_rollout/pc40_cb1_lr_5000921088/conflicts_PC1+1.csv + regimes_PC1+1.csv
[roll] PC1+2 ep 1/6: 2258 trajectories, 77 conflicts
[roll] PC1+2 ep 2/6: 4481 trajectories, 141 conflicts
[roll] PC1+2 ep 3/6: 6695 trajectories, 208 conflicts
[roll] PC1+2 ep 4/6: 9124 trajectories, 292 conflicts
[roll] PC1+2 ep 5/6: 11481 trajectories, 353 conflicts
[roll] PC1+2 ep 6/6: 13673 trajectories, 422 conflicts

=== PC1+2: 13673 trajectories, 422 conflicts ===

  ROLE VARIANCE SPLIT (is it a disposition or a reaction?)
    dim 0: between-agent=50.1309  between-regime(within agent)=17.0593  step-level sd^2=30.2280
            disposition share = 0.746  (-> 1.0 = a stable style; -> 0.5 = as much situational swing as driver difference)
    desired speed (rel)    n=10227  med=0.730
    time headway (s)       n=851    med=2.042
  wrote /scratch/e452103/regimes_rollout/pc40_cb1_lr_5000921088/conflicts_PC1+2.csv + regimes_PC1+2.csv
[roll] done -> /scratch/e452103/regimes_rollout/pc40_cb1_lr_5000921088
total 11475
drwxr-xr-x  2 e452103 domain users       8 Aug 14 10:08 .
drwxr-xr-x 53 e452103 domain users      51 Aug 14 09:48 ..
-rw-r--r--  1 e452103 domain users   73939 Aug 14 10:04 conflicts_PC1+1.csv
-rw-r--r--  1 e452103 domain users   82523 Aug 14 10:08 conflicts_PC1+2.csv
-rw-r--r--  1 e452103 domain users   63160 Aug 14 09:57 conflicts_PC1-1.csv
-rw-r--r--  1 e452103 domain users   67631 Aug 14 09:50 conflicts_PC1-2.csv
-rw-r--r--  1 e452103 domain users   65381 Aug 14 10:00 conflicts_natural.csv
-rw-r--r--  1 e452103 domain users 2280617 Aug 14 10:04 regimes_PC1+1.csv
-rw-r--r--  1 e452103 domain users 2268188 Aug 14 10:08 regimes_PC1+2.csv
-rw-r--r--  1 e452103 domain users 2285655 Aug 14 09:57 regimes_PC1-1.csv
-rw-r--r--  1 e452103 domain users 2287661 Aug 14 09:50 regimes_PC1-2.csv
-rw-r--r--  1 e452103 domain users 2270825 Aug 14 10:00 regimes_natural.csv
