[roll] ckpt=/scratch/e452103/checkpoints/roma_mifutagent_dim1_H8_r16p64_ep_nodiv/roma_dim1_final.pt
[roll] code=/home/e452103/roma_film branch=mi-future-agentcentric-film
[roll] alphas=-2,-1,0,1,2 (sweep=1) axis=PC1 episodes=6 map_pool=1000
[roll] out=/scratch/e452103/regimes_rollout/dim1_v4
[roll] zones for 9493 scenes  device=cpu
[roll] role_dim=1
[alpha] warmup axes from 2950 role vectors
[roll] measured natural sigma(PC1) = 1.1206
[roll] axis derived from this checkpoint
[roll] sweeping PC1  sigma=1.1206
[roll] PC1-2 ep 1/6: 2281 trajectories, 167 conflicts
[roll] PC1-2 ep 2/6: 4573 trajectories, 351 conflicts
[roll] PC1-2 ep 3/6: 6877 trajectories, 518 conflicts
[roll] PC1-2 ep 4/6: 9170 trajectories, 673 conflicts
[roll] PC1-2 ep 5/6: 11529 trajectories, 825 conflicts
[roll] PC1-2 ep 6/6: 13780 trajectories, 953 conflicts

=== PC1-2: 13780 trajectories, 953 conflicts ===

  ROLE VARIANCE SPLIT (is it a disposition or a reaction?)
    dim 0: between-agent=1.5870  between-regime(within agent)=0.4291  step-level sd^2=0.4972
            disposition share = 0.787  (-> 1.0 = a stable style; -> 0.5 = as much situational swing as driver difference)
    desired speed (rel)    n=11312  med=0.705
    time headway (s)       n=386    med=2.011
  wrote /scratch/e452103/regimes_rollout/dim1_v4/conflicts_PC1-2.csv + regimes_PC1-2.csv
[roll] PC1-1 ep 1/6: 2280 trajectories, 107 conflicts
[roll] PC1-1 ep 2/6: 4467 trajectories, 221 conflicts
[roll] PC1-1 ep 3/6: 6610 trajectories, 346 conflicts
[roll] PC1-1 ep 4/6: 8848 trajectories, 455 conflicts
[roll] PC1-1 ep 5/6: 11091 trajectories, 568 conflicts
[roll] PC1-1 ep 6/6: 13410 trajectories, 675 conflicts

=== PC1-1: 13410 trajectories, 675 conflicts ===

  ROLE VARIANCE SPLIT (is it a disposition or a reaction?)
    dim 0: between-agent=1.4183  between-regime(within agent)=0.1329  step-level sd^2=0.3219
            disposition share = 0.914  (-> 1.0 = a stable style; -> 0.5 = as much situational swing as driver difference)
    desired speed (rel)    n=10489  med=0.770
    time headway (s)       n=1339   med=1.684
  wrote /scratch/e452103/regimes_rollout/dim1_v4/conflicts_PC1-1.csv + regimes_PC1-1.csv
[roll] natural ep 1/6: 2303 trajectories, 133 conflicts
[roll] natural ep 2/6: 4487 trajectories, 278 conflicts
[roll] natural ep 3/6: 6677 trajectories, 408 conflicts
[roll] natural ep 4/6: 9004 trajectories, 520 conflicts
[roll] natural ep 5/6: 11256 trajectories, 660 conflicts
[roll] natural ep 6/6: 13494 trajectories, 796 conflicts

=== natural: 13494 trajectories, 796 conflicts ===

  ROLE VARIANCE SPLIT (is it a disposition or a reaction?)
    dim 0: between-agent=1.2607  between-regime(within agent)=0.1632  step-level sd^2=0.3050
            disposition share = 0.885  (-> 1.0 = a stable style; -> 0.5 = as much situational swing as driver difference)
    desired speed (rel)    n=9461   med=0.819
    time headway (s)       n=1857   med=1.020
  wrote /scratch/e452103/regimes_rollout/dim1_v4/conflicts_natural.csv + regimes_natural.csv
[roll] PC1+1 ep 1/6: 2244 trajectories, 167 conflicts
[roll] PC1+1 ep 2/6: 4431 trajectories, 315 conflicts
[roll] PC1+1 ep 3/6: 6582 trajectories, 440 conflicts
[roll] PC1+1 ep 4/6: 8716 trajectories, 578 conflicts
[roll] PC1+1 ep 5/6: 10912 trajectories, 734 conflicts
[roll] PC1+1 ep 6/6: 13202 trajectories, 898 conflicts

=== PC1+1: 13202 trajectories, 898 conflicts ===

  ROLE VARIANCE SPLIT (is it a disposition or a reaction?)
    dim 0: between-agent=1.2513  between-regime(within agent)=0.1256  step-level sd^2=0.3277
            disposition share = 0.909  (-> 1.0 = a stable style; -> 0.5 = as much situational swing as driver difference)
    desired speed (rel)    n=9302   med=0.815
    time headway (s)       n=1682   med=0.879
  wrote /scratch/e452103/regimes_rollout/dim1_v4/conflicts_PC1+1.csv + regimes_PC1+1.csv
[roll] PC1+2 ep 1/6: 2253 trajectories, 182 conflicts
[roll] PC1+2 ep 2/6: 4407 trajectories, 346 conflicts
[roll] PC1+2 ep 3/6: 6632 trajectories, 514 conflicts
[roll] PC1+2 ep 4/6: 8791 trajectories, 680 conflicts
[roll] PC1+2 ep 5/6: 10887 trajectories, 853 conflicts
[roll] PC1+2 ep 6/6: 13129 trajectories, 1052 conflicts

=== PC1+2: 13129 trajectories, 1052 conflicts ===

  ROLE VARIANCE SPLIT (is it a disposition or a reaction?)
    dim 0: between-agent=1.1280  between-regime(within agent)=0.1282  step-level sd^2=0.3572
            disposition share = 0.898  (-> 1.0 = a stable style; -> 0.5 = as much situational swing as driver difference)
    desired speed (rel)    n=9226   med=0.820
    time headway (s)       n=1617   med=0.861
  wrote /scratch/e452103/regimes_rollout/dim1_v4/conflicts_PC1+2.csv + regimes_PC1+2.csv
[roll] done -> /scratch/e452103/regimes_rollout/dim1_v4
total 11786
drwxr-xr-x 2 e452103 domain users      10 Aug  6 22:28 .
drwxr-xr-x 7 e452103 domain users       5 Aug  6 22:04 ..
-rw-r--r-- 1 e452103 domain users  176100 Aug  6 22:24 conflicts_PC1+1.csv
-rw-r--r-- 1 e452103 domain users  207013 Aug  6 22:28 conflicts_PC1+2.csv
-rw-r--r-- 1 e452103 domain users  131904 Aug  6 22:17 conflicts_PC1-1.csv
-rw-r--r-- 1 e452103 domain users  186898 Aug  6 22:13 conflicts_PC1-2.csv
-rw-r--r-- 1 e452103 domain users  155272 Aug  6 22:20 conflicts_natural.csv
-rw-r--r-- 1 e452103 domain users 2196608 Aug  6 22:24 regimes_PC1+1.csv
-rw-r--r-- 1 e452103 domain users 2187091 Aug  6 22:28 regimes_PC1+2.csv
-rw-r--r-- 1 e452103 domain users 2253445 Aug  6 22:17 regimes_PC1-1.csv
-rw-r--r-- 1 e452103 domain users 2336564 Aug  6 22:13 regimes_PC1-2.csv
-rw-r--r-- 1 e452103 domain users 2233925 Aug  6 22:20 regimes_natural.csv
