[roll] ckpt=/scratch/e452103/checkpoints/roma_mifutagent_dim1_H8_r16p64_ft_comply25_nodiv/roma_dim1_final.pt
[roll] code=/home/e452103/roma_film branch=mi-future-agentcentric-film
[roll] alphas=-2,-1,0,1,2 (sweep=1) axis=PC1 episodes=6 map_pool=1000
[roll] out=/scratch/e452103/regimes_rollout/ft_comply25_final_rep1
[roll] zones for 9493 scenes  device=cpu
[roll] role_dim=1
[alpha] warmup axes from 2938 role vectors
[roll] measured natural sigma(PC1) = 1.2035
[roll] axis derived from this checkpoint
[roll] sweeping PC1  sigma=1.2035
[roll] PC1-2 ep 1/6: 2294 trajectories, 129 conflicts
[roll] PC1-2 ep 2/6: 4616 trajectories, 231 conflicts
[roll] PC1-2 ep 3/6: 6889 trajectories, 341 conflicts
[roll] PC1-2 ep 4/6: 9172 trajectories, 457 conflicts
[roll] PC1-2 ep 5/6: 11412 trajectories, 547 conflicts
[roll] PC1-2 ep 6/6: 13669 trajectories, 668 conflicts

=== PC1-2: 13669 trajectories, 668 conflicts ===

  ROLE VARIANCE SPLIT (is it a disposition or a reaction?)
    dim 0: between-agent=1.5766  between-regime(within agent)=0.2423  step-level sd^2=0.5117
            disposition share = 0.867  (-> 1.0 = a stable style; -> 0.5 = as much situational swing as driver difference)
    desired speed (rel)    n=10510  med=0.788
    time headway (s)       n=1403   med=1.276
  wrote /scratch/e452103/regimes_rollout/ft_comply25_final_rep1/conflicts_PC1-2.csv + regimes_PC1-2.csv
[roll] PC1-1 ep 1/6: 2160 trajectories, 118 conflicts
[roll] PC1-1 ep 2/6: 4297 trajectories, 238 conflicts
[roll] PC1-1 ep 3/6: 6565 trajectories, 356 conflicts
[roll] PC1-1 ep 4/6: 8840 trajectories, 474 conflicts
[roll] PC1-1 ep 5/6: 11083 trajectories, 589 conflicts
[roll] PC1-1 ep 6/6: 13242 trajectories, 676 conflicts

=== PC1-1: 13242 trajectories, 676 conflicts ===

  ROLE VARIANCE SPLIT (is it a disposition or a reaction?)
    dim 0: between-agent=1.5269  between-regime(within agent)=0.2245  step-level sd^2=0.5049
            disposition share = 0.872  (-> 1.0 = a stable style; -> 0.5 = as much situational swing as driver difference)
    desired speed (rel)    n=9891   med=0.809
    time headway (s)       n=1695   med=1.233
  wrote /scratch/e452103/regimes_rollout/ft_comply25_final_rep1/conflicts_PC1-1.csv + regimes_PC1-1.csv
[roll] natural ep 1/6: 2242 trajectories, 107 conflicts
[roll] natural ep 2/6: 4462 trajectories, 232 conflicts
[roll] natural ep 3/6: 6638 trajectories, 387 conflicts
[roll] natural ep 4/6: 8894 trajectories, 502 conflicts
[roll] natural ep 5/6: 11199 trajectories, 670 conflicts
[roll] natural ep 6/6: 13351 trajectories, 790 conflicts

=== natural: 13351 trajectories, 790 conflicts ===

  ROLE VARIANCE SPLIT (is it a disposition or a reaction?)
    dim 0: between-agent=1.4893  between-regime(within agent)=0.1992  step-level sd^2=0.5083
            disposition share = 0.882  (-> 1.0 = a stable style; -> 0.5 = as much situational swing as driver difference)
    desired speed (rel)    n=9720   med=0.823
    time headway (s)       n=1739   med=1.039
  wrote /scratch/e452103/regimes_rollout/ft_comply25_final_rep1/conflicts_natural.csv + regimes_natural.csv
[roll] PC1+1 ep 1/6: 2293 trajectories, 122 conflicts
[roll] PC1+1 ep 2/6: 4487 trajectories, 239 conflicts
[roll] PC1+1 ep 3/6: 6626 trajectories, 371 conflicts
[roll] PC1+1 ep 4/6: 8839 trajectories, 509 conflicts
[roll] PC1+1 ep 5/6: 11124 trajectories, 626 conflicts
[roll] PC1+1 ep 6/6: 13269 trajectories, 753 conflicts

=== PC1+1: 13269 trajectories, 753 conflicts ===

  ROLE VARIANCE SPLIT (is it a disposition or a reaction?)
    dim 0: between-agent=1.5591  between-regime(within agent)=0.2263  step-level sd^2=0.5517
            disposition share = 0.873  (-> 1.0 = a stable style; -> 0.5 = as much situational swing as driver difference)
    desired speed (rel)    n=9624   med=0.815
    time headway (s)       n=1657   med=0.982
  wrote /scratch/e452103/regimes_rollout/ft_comply25_final_rep1/conflicts_PC1+1.csv + regimes_PC1+1.csv
[roll] PC1+2 ep 1/6: 2165 trajectories, 101 conflicts
[roll] PC1+2 ep 2/6: 4268 trajectories, 225 conflicts
[roll] PC1+2 ep 3/6: 6531 trajectories, 372 conflicts
[roll] PC1+2 ep 4/6: 8834 trajectories, 542 conflicts
[roll] PC1+2 ep 5/6: 11029 trajectories, 692 conflicts
[roll] PC1+2 ep 6/6: 13254 trajectories, 846 conflicts

=== PC1+2: 13254 trajectories, 846 conflicts ===

  ROLE VARIANCE SPLIT (is it a disposition or a reaction?)
    dim 0: between-agent=1.6029  between-regime(within agent)=0.2352  step-level sd^2=0.5790
            disposition share = 0.872  (-> 1.0 = a stable style; -> 0.5 = as much situational swing as driver difference)
    desired speed (rel)    n=9625   med=0.811
    time headway (s)       n=1530   med=0.995
  wrote /scratch/e452103/regimes_rollout/ft_comply25_final_rep1/conflicts_PC1+2.csv + regimes_PC1+2.csv
[roll] done -> /scratch/e452103/regimes_rollout/ft_comply25_final_rep1
total 11599
drwxr-xr-x  2 e452103 domain users      10 Aug  9 13:54 .
drwxr-xr-x 14 e452103 domain users      12 Aug  9 13:36 ..
-rw-r--r--  1 e452103 domain users  146878 Aug  9 13:51 conflicts_PC1+1.csv
-rw-r--r--  1 e452103 domain users  165350 Aug  9 13:54 conflicts_PC1+2.csv
-rw-r--r--  1 e452103 domain users  132358 Aug  9 13:44 conflicts_PC1-1.csv
-rw-r--r--  1 e452103 domain users  131244 Aug  9 13:40 conflicts_PC1-2.csv
-rw-r--r--  1 e452103 domain users  154252 Aug  9 13:47 conflicts_natural.csv
-rw-r--r--  1 e452103 domain users 2200350 Aug  9 13:51 regimes_PC1+1.csv
-rw-r--r--  1 e452103 domain users 2211199 Aug  9 13:54 regimes_PC1+2.csv
-rw-r--r--  1 e452103 domain users 2217246 Aug  9 13:44 regimes_PC1-1.csv
-rw-r--r--  1 e452103 domain users 2294934 Aug  9 13:40 regimes_PC1-2.csv
-rw-r--r--  1 e452103 domain users 2220055 Aug  9 13:47 regimes_natural.csv
