[roll] ckpt=/scratch/e452103/checkpoints/roma_mifutagent_dim1_H8_r16p64_ft_pc40_cb1_lr_half_nodiv/roma_dim1_step5000921088.pt
[roll] code=/home/e452103/roma_film branch=mi-future-agentcentric-film
[roll] alphas=-2,-1,0,1,2 (sweep=1) axis=PC1 episodes=6 map_pool=1000
[roll] out=/scratch/e452103/regimes_rollout/pc40_cb1_lr_half_5000921088
[roll] zones for 9493 scenes  device=cpu
[roll] role_dim=1
[alpha] warmup axes from 2971 role vectors
[roll] measured natural sigma(PC1) = 4.7241
[roll] axis derived from this checkpoint
[roll] sweeping PC1  sigma=4.7241
[roll] PC1-2 ep 1/6: 2221 trajectories, 112 conflicts
[roll] PC1-2 ep 2/6: 4547 trajectories, 240 conflicts
[roll] PC1-2 ep 3/6: 6798 trajectories, 336 conflicts
[roll] PC1-2 ep 4/6: 9107 trajectories, 435 conflicts
[roll] PC1-2 ep 5/6: 11412 trajectories, 567 conflicts
[roll] PC1-2 ep 6/6: 13753 trajectories, 684 conflicts

=== PC1-2: 13753 trajectories, 684 conflicts ===

  ROLE VARIANCE SPLIT (is it a disposition or a reaction?)
    dim 0: between-agent=22.1371  between-regime(within agent)=15.0872  step-level sd^2=15.2713
            disposition share = 0.595  (-> 1.0 = a stable style; -> 0.5 = as much situational swing as driver difference)
    desired speed (rel)    n=10868  med=0.769
    time headway (s)       n=660    med=2.355
  wrote /scratch/e452103/regimes_rollout/pc40_cb1_lr_half_5000921088/conflicts_PC1-2.csv + regimes_PC1-2.csv
[roll] PC1-1 ep 1/6: 2219 trajectories, 99 conflicts
[roll] PC1-1 ep 2/6: 4484 trajectories, 234 conflicts
[roll] PC1-1 ep 3/6: 6652 trajectories, 356 conflicts
[roll] PC1-1 ep 4/6: 8913 trajectories, 479 conflicts
[roll] PC1-1 ep 5/6: 11281 trajectories, 605 conflicts
[roll] PC1-1 ep 6/6: 13474 trajectories, 704 conflicts

=== PC1-1: 13474 trajectories, 704 conflicts ===

  ROLE VARIANCE SPLIT (is it a disposition or a reaction?)
    dim 0: between-agent=22.1200  between-regime(within agent)=19.4777  step-level sd^2=16.4547
            disposition share = 0.532  (-> 1.0 = a stable style; -> 0.5 = as much situational swing as driver difference)
    desired speed (rel)    n=10638  med=0.782
    time headway (s)       n=624    med=2.337
  wrote /scratch/e452103/regimes_rollout/pc40_cb1_lr_half_5000921088/conflicts_PC1-1.csv + regimes_PC1-1.csv
[roll] natural ep 1/6: 2241 trajectories, 136 conflicts
[roll] natural ep 2/6: 4575 trajectories, 241 conflicts
[roll] natural ep 3/6: 6870 trajectories, 358 conflicts
[roll] natural ep 4/6: 9166 trajectories, 453 conflicts
[roll] natural ep 5/6: 11522 trajectories, 588 conflicts
[roll] natural ep 6/6: 13792 trajectories, 711 conflicts

=== natural: 13792 trajectories, 711 conflicts ===

  ROLE VARIANCE SPLIT (is it a disposition or a reaction?)
    dim 0: between-agent=23.8631  between-regime(within agent)=17.8252  step-level sd^2=17.6959
            disposition share = 0.572  (-> 1.0 = a stable style; -> 0.5 = as much situational swing as driver difference)
    desired speed (rel)    n=10926  med=0.783
    time headway (s)       n=595    med=2.198
  wrote /scratch/e452103/regimes_rollout/pc40_cb1_lr_half_5000921088/conflicts_natural.csv + regimes_natural.csv
[roll] PC1+1 ep 1/6: 2174 trajectories, 109 conflicts
[roll] PC1+1 ep 2/6: 4464 trajectories, 241 conflicts
[roll] PC1+1 ep 3/6: 6616 trajectories, 356 conflicts
[roll] PC1+1 ep 4/6: 8951 trajectories, 469 conflicts
[roll] PC1+1 ep 5/6: 11170 trajectories, 598 conflicts
[roll] PC1+1 ep 6/6: 13502 trajectories, 730 conflicts

=== PC1+1: 13502 trajectories, 730 conflicts ===

  ROLE VARIANCE SPLIT (is it a disposition or a reaction?)
    dim 0: between-agent=24.6797  between-regime(within agent)=21.4201  step-level sd^2=18.6401
            disposition share = 0.535  (-> 1.0 = a stable style; -> 0.5 = as much situational swing as driver difference)
    desired speed (rel)    n=10636  med=0.794
    time headway (s)       n=563    med=1.860
  wrote /scratch/e452103/regimes_rollout/pc40_cb1_lr_half_5000921088/conflicts_PC1+1.csv + regimes_PC1+1.csv
[roll] PC1+2 ep 1/6: 2232 trajectories, 123 conflicts
[roll] PC1+2 ep 2/6: 4525 trajectories, 250 conflicts
[roll] PC1+2 ep 3/6: 6897 trajectories, 387 conflicts
[roll] PC1+2 ep 4/6: 9192 trajectories, 499 conflicts
[roll] PC1+2 ep 5/6: 11508 trajectories, 661 conflicts
[roll] PC1+2 ep 6/6: 13713 trajectories, 788 conflicts

=== PC1+2: 13713 trajectories, 788 conflicts ===

  ROLE VARIANCE SPLIT (is it a disposition or a reaction?)
    dim 0: between-agent=26.7659  between-regime(within agent)=24.3549  step-level sd^2=20.2214
            disposition share = 0.524  (-> 1.0 = a stable style; -> 0.5 = as much situational swing as driver difference)
    desired speed (rel)    n=10944  med=0.799
    time headway (s)       n=567    med=1.693
  wrote /scratch/e452103/regimes_rollout/pc40_cb1_lr_half_5000921088/conflicts_PC1+2.csv + regimes_PC1+2.csv
[roll] done -> /scratch/e452103/regimes_rollout/pc40_cb1_lr_half_5000921088
total 11935
drwxr-xr-x  2 e452103 domain users       8 Aug 14 10:08 .
drwxr-xr-x 53 e452103 domain users      51 Aug 14 09:48 ..
-rw-r--r--  1 e452103 domain users  143879 Aug 14 10:04 conflicts_PC1+1.csv
-rw-r--r--  1 e452103 domain users  155264 Aug 14 10:08 conflicts_PC1+2.csv
-rw-r--r--  1 e452103 domain users  137870 Aug 14 09:57 conflicts_PC1-1.csv
-rw-r--r--  1 e452103 domain users  133565 Aug 14 09:50 conflicts_PC1-2.csv
-rw-r--r--  1 e452103 domain users  140037 Aug 14 10:00 conflicts_natural.csv
-rw-r--r--  1 e452103 domain users 2268219 Aug 14 10:04 regimes_PC1+1.csv
-rw-r--r--  1 e452103 domain users 2314121 Aug 14 10:08 regimes_PC1+2.csv
-rw-r--r--  1 e452103 domain users 2275852 Aug 14 09:57 regimes_PC1-1.csv
-rw-r--r--  1 e452103 domain users 2323951 Aug 14 09:50 regimes_PC1-2.csv
-rw-r--r--  1 e452103 domain users 2324360 Aug 14 10:00 regimes_natural.csv
