[roll] ckpt=/scratch/e452103/checkpoints/roma_mifutagent_dim1_H8_r16p64_ft_signs4b_nodiv/roma_dim1_final.pt
[roll] code=/home/e452103/roma_film branch=mi-future-agentcentric-film
[roll] alphas=-2,-1,0,1,2 (sweep=1) axis=PC1 episodes=6 map_pool=1000
[roll] out=/scratch/e452103/regimes_rollout/signs4b_final_rep3
[roll] zones for 9493 scenes  device=cpu
[roll] role_dim=1
[alpha] warmup axes from 2958 role vectors
[roll] measured natural sigma(PC1) = 3.2366
[roll] axis derived from this checkpoint
[roll] sweeping PC1  sigma=3.2366
[roll] PC1-2 ep 1/6: 2285 trajectories, 80 conflicts
[roll] PC1-2 ep 2/6: 4604 trajectories, 172 conflicts
[roll] PC1-2 ep 3/6: 6844 trajectories, 266 conflicts
[roll] PC1-2 ep 4/6: 9103 trajectories, 354 conflicts
[roll] PC1-2 ep 5/6: 11408 trajectories, 454 conflicts
[roll] PC1-2 ep 6/6: 13626 trajectories, 563 conflicts

=== PC1-2: 13626 trajectories, 563 conflicts ===

  ROLE VARIANCE SPLIT (is it a disposition or a reaction?)
    dim 0: between-agent=10.1105  between-regime(within agent)=2.1735  step-level sd^2=3.0164
            disposition share = 0.823  (-> 1.0 = a stable style; -> 0.5 = as much situational swing as driver difference)
    desired speed (rel)    n=10776  med=0.777
    time headway (s)       n=834    med=2.162
  wrote /scratch/e452103/regimes_rollout/signs4b_final_rep3/conflicts_PC1-2.csv + regimes_PC1-2.csv
[roll] PC1-1 ep 1/6: 2353 trajectories, 98 conflicts
[roll] PC1-1 ep 2/6: 4588 trajectories, 201 conflicts
[roll] PC1-1 ep 3/6: 6791 trajectories, 320 conflicts
[roll] PC1-1 ep 4/6: 9105 trajectories, 426 conflicts
[roll] PC1-1 ep 5/6: 11376 trajectories, 544 conflicts
[roll] PC1-1 ep 6/6: 13651 trajectories, 640 conflicts

=== PC1-1: 13651 trajectories, 640 conflicts ===

  ROLE VARIANCE SPLIT (is it a disposition or a reaction?)
    dim 0: between-agent=10.1879  between-regime(within agent)=2.3382  step-level sd^2=3.1511
            disposition share = 0.813  (-> 1.0 = a stable style; -> 0.5 = as much situational swing as driver difference)
    desired speed (rel)    n=10736  med=0.781
    time headway (s)       n=804    med=2.062
  wrote /scratch/e452103/regimes_rollout/signs4b_final_rep3/conflicts_PC1-1.csv + regimes_PC1-1.csv
[roll] natural ep 1/6: 2217 trajectories, 106 conflicts
[roll] natural ep 2/6: 4501 trajectories, 238 conflicts
[roll] natural ep 3/6: 6670 trajectories, 327 conflicts
[roll] natural ep 4/6: 9024 trajectories, 446 conflicts
[roll] natural ep 5/6: 11188 trajectories, 542 conflicts
[roll] natural ep 6/6: 13406 trajectories, 660 conflicts

=== natural: 13406 trajectories, 660 conflicts ===

  ROLE VARIANCE SPLIT (is it a disposition or a reaction?)
    dim 0: between-agent=10.6527  between-regime(within agent)=2.5827  step-level sd^2=3.3308
            disposition share = 0.805  (-> 1.0 = a stable style; -> 0.5 = as much situational swing as driver difference)
    desired speed (rel)    n=10496  med=0.793
    time headway (s)       n=668    med=1.684
  wrote /scratch/e452103/regimes_rollout/signs4b_final_rep3/conflicts_natural.csv + regimes_natural.csv
[roll] PC1+1 ep 1/6: 2187 trajectories, 131 conflicts
[roll] PC1+1 ep 2/6: 4432 trajectories, 245 conflicts
[roll] PC1+1 ep 3/6: 6647 trajectories, 373 conflicts
[roll] PC1+1 ep 4/6: 8923 trajectories, 518 conflicts
[roll] PC1+1 ep 5/6: 11326 trajectories, 662 conflicts
[roll] PC1+1 ep 6/6: 13537 trajectories, 789 conflicts

=== PC1+1: 13537 trajectories, 789 conflicts ===

  ROLE VARIANCE SPLIT (is it a disposition or a reaction?)
    dim 0: between-agent=10.6549  between-regime(within agent)=2.1846  step-level sd^2=3.7651
            disposition share = 0.830  (-> 1.0 = a stable style; -> 0.5 = as much situational swing as driver difference)
    desired speed (rel)    n=10573  med=0.805
    time headway (s)       n=575    med=1.436
  wrote /scratch/e452103/regimes_rollout/signs4b_final_rep3/conflicts_PC1+1.csv + regimes_PC1+1.csv
[roll] PC1+2 ep 1/6: 2214 trajectories, 127 conflicts
[roll] PC1+2 ep 2/6: 4407 trajectories, 248 conflicts
[roll] PC1+2 ep 3/6: 6613 trajectories, 364 conflicts
[roll] PC1+2 ep 4/6: 8906 trajectories, 489 conflicts
[roll] PC1+2 ep 5/6: 11108 trajectories, 616 conflicts
[roll] PC1+2 ep 6/6: 13401 trajectories, 726 conflicts

=== PC1+2: 13401 trajectories, 726 conflicts ===

  ROLE VARIANCE SPLIT (is it a disposition or a reaction?)
    dim 0: between-agent=11.1775  between-regime(within agent)=2.2805  step-level sd^2=4.0906
            disposition share = 0.831  (-> 1.0 = a stable style; -> 0.5 = as much situational swing as driver difference)
    desired speed (rel)    n=10440  med=0.810
    time headway (s)       n=782    med=1.405
  wrote /scratch/e452103/regimes_rollout/signs4b_final_rep3/conflicts_PC1+2.csv + regimes_PC1+2.csv
[roll] done -> /scratch/e452103/regimes_rollout/signs4b_final_rep3
total 11778
drwxr-xr-x  2 e452103 domain users      10 Aug 11 19:44 .
drwxr-xr-x 39 e452103 domain users      37 Aug 11 19:23 ..
-rw-r--r--  1 e452103 domain users  155009 Aug 11 19:40 conflicts_PC1+1.csv
-rw-r--r--  1 e452103 domain users  143091 Aug 11 19:44 conflicts_PC1+2.csv
-rw-r--r--  1 e452103 domain users  125264 Aug 11 19:33 conflicts_PC1-1.csv
-rw-r--r--  1 e452103 domain users  110025 Aug 11 19:29 conflicts_PC1-2.csv
-rw-r--r--  1 e452103 domain users  129677 Aug 11 19:36 conflicts_natural.csv
-rw-r--r--  1 e452103 domain users 2274043 Aug 11 19:40 regimes_PC1+1.csv
-rw-r--r--  1 e452103 domain users 2254905 Aug 11 19:44 regimes_PC1+2.csv
-rw-r--r--  1 e452103 domain users 2306486 Aug 11 19:33 regimes_PC1-1.csv
-rw-r--r--  1 e452103 domain users 2306205 Aug 11 19:29 regimes_PC1-2.csv
-rw-r--r--  1 e452103 domain users 2252510 Aug 11 19:36 regimes_natural.csv
