[roll] ckpt=/scratch/e452103/checkpoints/roma_mifutagent_dim1_H8_r16p64_ft_pc40_cb1_lr_half_nodiv/roma_dim1_step5751177216.pt
[roll] code=/home/e452103/roma_film branch=mi-future-agentcentric-film
[roll] alphas=-2,-1,0,1,2 (sweep=1) axis=PC1 episodes=6 map_pool=1000
[roll] out=/scratch/e452103/regimes_rollout/pc40_cb1_lr_half_5751177216
[roll] zones for 9493 scenes  device=cpu
[roll] role_dim=1
[alpha] warmup axes from 2979 role vectors
[roll] measured natural sigma(PC1) = 4.8279
[roll] axis derived from this checkpoint
[roll] sweeping PC1  sigma=4.8279
[roll] PC1-2 ep 1/6: 2388 trajectories, 118 conflicts
[roll] PC1-2 ep 2/6: 4661 trajectories, 219 conflicts
[roll] PC1-2 ep 3/6: 6895 trajectories, 319 conflicts
[roll] PC1-2 ep 4/6: 9133 trajectories, 395 conflicts
[roll] PC1-2 ep 5/6: 11335 trajectories, 491 conflicts
[roll] PC1-2 ep 6/6: 13514 trajectories, 583 conflicts

=== PC1-2: 13514 trajectories, 583 conflicts ===

  ROLE VARIANCE SPLIT (is it a disposition or a reaction?)
    dim 0: between-agent=21.7338  between-regime(within agent)=14.7431  step-level sd^2=20.4325
            disposition share = 0.596  (-> 1.0 = a stable style; -> 0.5 = as much situational swing as driver difference)
    desired speed (rel)    n=10671  med=0.766
    time headway (s)       n=580    med=2.304
  wrote /scratch/e452103/regimes_rollout/pc40_cb1_lr_half_5751177216/conflicts_PC1-2.csv + regimes_PC1-2.csv
[roll] PC1-1 ep 1/6: 2331 trajectories, 135 conflicts
[roll] PC1-1 ep 2/6: 4607 trajectories, 251 conflicts
[roll] PC1-1 ep 3/6: 6853 trajectories, 373 conflicts
[roll] PC1-1 ep 4/6: 9155 trajectories, 478 conflicts
[roll] PC1-1 ep 5/6: 11437 trajectories, 592 conflicts
[roll] PC1-1 ep 6/6: 13607 trajectories, 722 conflicts

=== PC1-1: 13607 trajectories, 722 conflicts ===

  ROLE VARIANCE SPLIT (is it a disposition or a reaction?)
    dim 0: between-agent=22.4265  between-regime(within agent)=16.6580  step-level sd^2=22.0465
            disposition share = 0.574  (-> 1.0 = a stable style; -> 0.5 = as much situational swing as driver difference)
    desired speed (rel)    n=10727  med=0.776
    time headway (s)       n=581    med=2.002
  wrote /scratch/e452103/regimes_rollout/pc40_cb1_lr_half_5751177216/conflicts_PC1-1.csv + regimes_PC1-1.csv
[roll] natural ep 1/6: 2250 trajectories, 127 conflicts
[roll] natural ep 2/6: 4583 trajectories, 245 conflicts
[roll] natural ep 3/6: 6859 trajectories, 369 conflicts
[roll] natural ep 4/6: 9125 trajectories, 477 conflicts
[roll] natural ep 5/6: 11315 trajectories, 605 conflicts
[roll] natural ep 6/6: 13535 trajectories, 747 conflicts

=== natural: 13535 trajectories, 747 conflicts ===

  ROLE VARIANCE SPLIT (is it a disposition or a reaction?)
    dim 0: between-agent=24.1962  between-regime(within agent)=20.6249  step-level sd^2=23.3104
            disposition share = 0.540  (-> 1.0 = a stable style; -> 0.5 = as much situational swing as driver difference)
    desired speed (rel)    n=10708  med=0.782
    time headway (s)       n=552    med=1.788
  wrote /scratch/e452103/regimes_rollout/pc40_cb1_lr_half_5751177216/conflicts_natural.csv + regimes_natural.csv
[roll] PC1+1 ep 1/6: 2236 trajectories, 129 conflicts
[roll] PC1+1 ep 2/6: 4502 trajectories, 245 conflicts
[roll] PC1+1 ep 3/6: 6793 trajectories, 354 conflicts
[roll] PC1+1 ep 4/6: 9073 trajectories, 490 conflicts
[roll] PC1+1 ep 5/6: 11331 trajectories, 607 conflicts
[roll] PC1+1 ep 6/6: 13573 trajectories, 731 conflicts

=== PC1+1: 13573 trajectories, 731 conflicts ===

  ROLE VARIANCE SPLIT (is it a disposition or a reaction?)
    dim 0: between-agent=27.5378  between-regime(within agent)=21.1986  step-level sd^2=25.4831
            disposition share = 0.565  (-> 1.0 = a stable style; -> 0.5 = as much situational swing as driver difference)
    desired speed (rel)    n=10711  med=0.785
    time headway (s)       n=470    med=1.537
  wrote /scratch/e452103/regimes_rollout/pc40_cb1_lr_half_5751177216/conflicts_PC1+1.csv + regimes_PC1+1.csv
[roll] PC1+2 ep 1/6: 2194 trajectories, 124 conflicts
[roll] PC1+2 ep 2/6: 4442 trajectories, 249 conflicts
[roll] PC1+2 ep 3/6: 6812 trajectories, 388 conflicts
[roll] PC1+2 ep 4/6: 9061 trajectories, 516 conflicts
[roll] PC1+2 ep 5/6: 11348 trajectories, 647 conflicts
[roll] PC1+2 ep 6/6: 13625 trajectories, 807 conflicts

=== PC1+2: 13625 trajectories, 807 conflicts ===

  ROLE VARIANCE SPLIT (is it a disposition or a reaction?)
    dim 0: between-agent=29.2011  between-regime(within agent)=22.6172  step-level sd^2=27.9845
            disposition share = 0.564  (-> 1.0 = a stable style; -> 0.5 = as much situational swing as driver difference)
    desired speed (rel)    n=10719  med=0.797
    time headway (s)       n=482    med=1.464
  wrote /scratch/e452103/regimes_rollout/pc40_cb1_lr_half_5751177216/conflicts_PC1+2.csv + regimes_PC1+2.csv
[roll] done -> /scratch/e452103/regimes_rollout/pc40_cb1_lr_half_5751177216
total 11808
drwxr-xr-x  2 e452103 domain users      10 Aug 14 15:10 .
drwxr-xr-x 56 e452103 domain users      54 Aug 14 14:49 ..
-rw-r--r--  1 e452103 domain users  144194 Aug 14 15:06 conflicts_PC1+1.csv
-rw-r--r--  1 e452103 domain users  158435 Aug 14 15:10 conflicts_PC1+2.csv
-rw-r--r--  1 e452103 domain users  141413 Aug 14 14:59 conflicts_PC1-1.csv
-rw-r--r--  1 e452103 domain users  113863 Aug 14 14:54 conflicts_PC1-2.csv
-rw-r--r--  1 e452103 domain users  147172 Aug 14 15:02 conflicts_natural.csv
-rw-r--r--  1 e452103 domain users 2267535 Aug 14 15:06 regimes_PC1+1.csv
-rw-r--r--  1 e452103 domain users 2287137 Aug 14 15:10 regimes_PC1+2.csv
-rw-r--r--  1 e452103 domain users 2283791 Aug 14 14:59 regimes_PC1-1.csv
-rw-r--r--  1 e452103 domain users 2270107 Aug 14 14:54 regimes_PC1-2.csv
-rw-r--r--  1 e452103 domain users 2273992 Aug 14 15:02 regimes_natural.csv
