[roll] ckpt=/scratch/e452103/checkpoints/roma_mifutagent_dim1_H8_r16p64_ft_comply25_nodiv/roma_dim1_final.pt
[roll] code=/home/e452103/roma_film branch=mi-future-agentcentric-film
[roll] alphas=-2,-1,0,1,2 (sweep=1) axis=PC1 episodes=6 map_pool=1000
[roll] out=/scratch/e452103/regimes_rollout/ft_comply25_final_rep3
[roll] zones for 9493 scenes  device=cpu
[roll] role_dim=1
[alpha] warmup axes from 2943 role vectors
[roll] measured natural sigma(PC1) = 1.2209
[roll] axis derived from this checkpoint
[roll] sweeping PC1  sigma=1.2209
[roll] PC1-2 ep 1/6: 2256 trajectories, 120 conflicts
[roll] PC1-2 ep 2/6: 4471 trajectories, 228 conflicts
[roll] PC1-2 ep 3/6: 6678 trajectories, 350 conflicts
[roll] PC1-2 ep 4/6: 8967 trajectories, 470 conflicts
[roll] PC1-2 ep 5/6: 11313 trajectories, 587 conflicts
[roll] PC1-2 ep 6/6: 13500 trajectories, 695 conflicts

=== PC1-2: 13500 trajectories, 695 conflicts ===

  ROLE VARIANCE SPLIT (is it a disposition or a reaction?)
    dim 0: between-agent=1.6616  between-regime(within agent)=0.2430  step-level sd^2=0.5205
            disposition share = 0.872  (-> 1.0 = a stable style; -> 0.5 = as much situational swing as driver difference)
    desired speed (rel)    n=10242  med=0.792
    time headway (s)       n=1417   med=1.282
  wrote /scratch/e452103/regimes_rollout/ft_comply25_final_rep3/conflicts_PC1-2.csv + regimes_PC1-2.csv
[roll] PC1-1 ep 1/6: 2109 trajectories, 111 conflicts
[roll] PC1-1 ep 2/6: 4300 trajectories, 225 conflicts
[roll] PC1-1 ep 3/6: 6509 trajectories, 305 conflicts
[roll] PC1-1 ep 4/6: 8683 trajectories, 425 conflicts
[roll] PC1-1 ep 5/6: 10916 trajectories, 535 conflicts
[roll] PC1-1 ep 6/6: 13140 trajectories, 651 conflicts

=== PC1-1: 13140 trajectories, 651 conflicts ===

  ROLE VARIANCE SPLIT (is it a disposition or a reaction?)
    dim 0: between-agent=1.5449  between-regime(within agent)=0.2577  step-level sd^2=0.5130
            disposition share = 0.857  (-> 1.0 = a stable style; -> 0.5 = as much situational swing as driver difference)
    desired speed (rel)    n=9757   med=0.805
    time headway (s)       n=1641   med=1.250
  wrote /scratch/e452103/regimes_rollout/ft_comply25_final_rep3/conflicts_PC1-1.csv + regimes_PC1-1.csv
[roll] natural ep 1/6: 2251 trajectories, 132 conflicts
[roll] natural ep 2/6: 4469 trajectories, 250 conflicts
[roll] natural ep 3/6: 6683 trajectories, 373 conflicts
[roll] natural ep 4/6: 8911 trajectories, 490 conflicts
[roll] natural ep 5/6: 11133 trajectories, 613 conflicts
[roll] natural ep 6/6: 13321 trajectories, 719 conflicts

=== natural: 13321 trajectories, 719 conflicts ===

  ROLE VARIANCE SPLIT (is it a disposition or a reaction?)
    dim 0: between-agent=1.4833  between-regime(within agent)=0.2380  step-level sd^2=0.5161
            disposition share = 0.862  (-> 1.0 = a stable style; -> 0.5 = as much situational swing as driver difference)
    desired speed (rel)    n=9658   med=0.814
    time headway (s)       n=1774   med=1.011
  wrote /scratch/e452103/regimes_rollout/ft_comply25_final_rep3/conflicts_natural.csv + regimes_natural.csv
[roll] PC1+1 ep 1/6: 2279 trajectories, 105 conflicts
[roll] PC1+1 ep 2/6: 4506 trajectories, 227 conflicts
[roll] PC1+1 ep 3/6: 6737 trajectories, 359 conflicts
[roll] PC1+1 ep 4/6: 9073 trajectories, 480 conflicts
[roll] PC1+1 ep 5/6: 11365 trajectories, 613 conflicts
[roll] PC1+1 ep 6/6: 13609 trajectories, 749 conflicts

=== PC1+1: 13609 trajectories, 749 conflicts ===

  ROLE VARIANCE SPLIT (is it a disposition or a reaction?)
    dim 0: between-agent=1.5156  between-regime(within agent)=0.2083  step-level sd^2=0.5485
            disposition share = 0.879  (-> 1.0 = a stable style; -> 0.5 = as much situational swing as driver difference)
    desired speed (rel)    n=9816   med=0.810
    time headway (s)       n=1724   med=0.943
  wrote /scratch/e452103/regimes_rollout/ft_comply25_final_rep3/conflicts_PC1+1.csv + regimes_PC1+1.csv
[roll] PC1+2 ep 1/6: 2190 trajectories, 135 conflicts
[roll] PC1+2 ep 2/6: 4406 trajectories, 260 conflicts
[roll] PC1+2 ep 3/6: 6615 trajectories, 388 conflicts
[roll] PC1+2 ep 4/6: 8911 trajectories, 551 conflicts
[roll] PC1+2 ep 5/6: 11059 trajectories, 686 conflicts
[roll] PC1+2 ep 6/6: 13215 trajectories, 806 conflicts

=== PC1+2: 13215 trajectories, 806 conflicts ===

  ROLE VARIANCE SPLIT (is it a disposition or a reaction?)
    dim 0: between-agent=1.5783  between-regime(within agent)=0.2330  step-level sd^2=0.5855
            disposition share = 0.871  (-> 1.0 = a stable style; -> 0.5 = as much situational swing as driver difference)
    desired speed (rel)    n=9455   med=0.818
    time headway (s)       n=1637   med=0.958
  wrote /scratch/e452103/regimes_rollout/ft_comply25_final_rep3/conflicts_PC1+2.csv + regimes_PC1+2.csv
[roll] done -> /scratch/e452103/regimes_rollout/ft_comply25_final_rep3
total 11554
drwxr-xr-x  2 e452103 domain users       8 Aug  9 13:55 .
drwxr-xr-x 14 e452103 domain users      12 Aug  9 13:36 ..
-rw-r--r--  1 e452103 domain users  146502 Aug  9 13:51 conflicts_PC1+1.csv
-rw-r--r--  1 e452103 domain users  157748 Aug  9 13:55 conflicts_PC1+2.csv
-rw-r--r--  1 e452103 domain users  127194 Aug  9 13:44 conflicts_PC1-1.csv
-rw-r--r--  1 e452103 domain users  136195 Aug  9 13:40 conflicts_PC1-2.csv
-rw-r--r--  1 e452103 domain users  140265 Aug  9 13:47 conflicts_natural.csv
-rw-r--r--  1 e452103 domain users 2258083 Aug  9 13:51 regimes_PC1+1.csv
-rw-r--r--  1 e452103 domain users 2190927 Aug  9 13:55 regimes_PC1+2.csv
-rw-r--r--  1 e452103 domain users 2195304 Aug  9 13:44 regimes_PC1-1.csv
-rw-r--r--  1 e452103 domain users 2262166 Aug  9 13:40 regimes_PC1-2.csv
-rw-r--r--  1 e452103 domain users 2212092 Aug  9 13:47 regimes_natural.csv
