[roll] ckpt=/scratch/e452103/checkpoints/roma_mifutagent_dim1_H8_r16p64_ft_collstop_nodiv/roma_dim1_final.pt
[roll] code=/home/e452103/roma_film branch=mi-future-agentcentric-film
[roll] alphas=-2,-1,0,1,2 (sweep=1) axis=PC1 episodes=6 map_pool=1000
[roll] out=/scratch/e452103/regimes_rollout/collstop_final_rep1
[roll] zones for 9493 scenes  device=cpu
[roll] role_dim=1
[alpha] warmup axes from 2955 role vectors
[roll] measured natural sigma(PC1) = 3.3001
[roll] axis derived from this checkpoint
[roll] sweeping PC1  sigma=3.3001
[roll] PC1-2 ep 1/6: 2298 trajectories, 95 conflicts
[roll] PC1-2 ep 2/6: 4431 trajectories, 179 conflicts
[roll] PC1-2 ep 3/6: 6639 trajectories, 250 conflicts
[roll] PC1-2 ep 4/6: 8862 trajectories, 345 conflicts
[roll] PC1-2 ep 5/6: 11180 trajectories, 438 conflicts
[roll] PC1-2 ep 6/6: 13474 trajectories, 529 conflicts

=== PC1-2: 13474 trajectories, 529 conflicts ===

  ROLE VARIANCE SPLIT (is it a disposition or a reaction?)
    dim 0: between-agent=10.6631  between-regime(within agent)=2.3783  step-level sd^2=3.3198
            disposition share = 0.818  (-> 1.0 = a stable style; -> 0.5 = as much situational swing as driver difference)
    desired speed (rel)    n=10631  med=0.780
    time headway (s)       n=758    med=1.917
  wrote /scratch/e452103/regimes_rollout/collstop_final_rep1/conflicts_PC1-2.csv + regimes_PC1-2.csv
[roll] PC1-1 ep 1/6: 2210 trajectories, 119 conflicts
[roll] PC1-1 ep 2/6: 4460 trajectories, 233 conflicts
[roll] PC1-1 ep 3/6: 6716 trajectories, 348 conflicts
[roll] PC1-1 ep 4/6: 9014 trajectories, 450 conflicts
[roll] PC1-1 ep 5/6: 11260 trajectories, 550 conflicts
[roll] PC1-1 ep 6/6: 13529 trajectories, 636 conflicts

=== PC1-1: 13529 trajectories, 636 conflicts ===

  ROLE VARIANCE SPLIT (is it a disposition or a reaction?)
    dim 0: between-agent=11.1294  between-regime(within agent)=2.6978  step-level sd^2=3.4297
            disposition share = 0.805  (-> 1.0 = a stable style; -> 0.5 = as much situational swing as driver difference)
    desired speed (rel)    n=10661  med=0.789
    time headway (s)       n=636    med=1.961
  wrote /scratch/e452103/regimes_rollout/collstop_final_rep1/conflicts_PC1-1.csv + regimes_PC1-1.csv
[roll] natural ep 1/6: 2243 trajectories, 108 conflicts
[roll] natural ep 2/6: 4511 trajectories, 222 conflicts
[roll] natural ep 3/6: 6813 trajectories, 353 conflicts
[roll] natural ep 4/6: 9062 trajectories, 469 conflicts
[roll] natural ep 5/6: 11266 trajectories, 582 conflicts
[roll] natural ep 6/6: 13531 trajectories, 705 conflicts

=== natural: 13531 trajectories, 705 conflicts ===

  ROLE VARIANCE SPLIT (is it a disposition or a reaction?)
    dim 0: between-agent=11.3830  between-regime(within agent)=2.8251  step-level sd^2=3.6817
            disposition share = 0.801  (-> 1.0 = a stable style; -> 0.5 = as much situational swing as driver difference)
    desired speed (rel)    n=10566  med=0.797
    time headway (s)       n=555    med=1.666
  wrote /scratch/e452103/regimes_rollout/collstop_final_rep1/conflicts_natural.csv + regimes_natural.csv
[roll] PC1+1 ep 1/6: 2254 trajectories, 111 conflicts
[roll] PC1+1 ep 2/6: 4492 trajectories, 220 conflicts
[roll] PC1+1 ep 3/6: 6671 trajectories, 345 conflicts
[roll] PC1+1 ep 4/6: 8878 trajectories, 475 conflicts
[roll] PC1+1 ep 5/6: 11131 trajectories, 592 conflicts
[roll] PC1+1 ep 6/6: 13345 trajectories, 728 conflicts

=== PC1+1: 13345 trajectories, 728 conflicts ===

  ROLE VARIANCE SPLIT (is it a disposition or a reaction?)
    dim 0: between-agent=11.6956  between-regime(within agent)=2.5066  step-level sd^2=4.1494
            disposition share = 0.824  (-> 1.0 = a stable style; -> 0.5 = as much situational swing as driver difference)
    desired speed (rel)    n=10438  med=0.805
    time headway (s)       n=571    med=1.353
  wrote /scratch/e452103/regimes_rollout/collstop_final_rep1/conflicts_PC1+1.csv + regimes_PC1+1.csv
[roll] PC1+2 ep 1/6: 2284 trajectories, 161 conflicts
[roll] PC1+2 ep 2/6: 4551 trajectories, 279 conflicts
[roll] PC1+2 ep 3/6: 6820 trajectories, 397 conflicts
[roll] PC1+2 ep 4/6: 8924 trajectories, 514 conflicts
[roll] PC1+2 ep 5/6: 11122 trajectories, 651 conflicts
[roll] PC1+2 ep 6/6: 13364 trajectories, 788 conflicts

=== PC1+2: 13364 trajectories, 788 conflicts ===

  ROLE VARIANCE SPLIT (is it a disposition or a reaction?)
    dim 0: between-agent=12.3796  between-regime(within agent)=3.0441  step-level sd^2=4.5240
            disposition share = 0.803  (-> 1.0 = a stable style; -> 0.5 = as much situational swing as driver difference)
    desired speed (rel)    n=10398  med=0.811
    time headway (s)       n=635    med=1.209
  wrote /scratch/e452103/regimes_rollout/collstop_final_rep1/conflicts_PC1+2.csv + regimes_PC1+2.csv
[roll] done -> /scratch/e452103/regimes_rollout/collstop_final_rep1
total 11710
drwxr-xr-x  2 e452103 domain users      10 Aug 11 02:10 .
drwxr-xr-x 25 e452103 domain users      23 Aug 11 01:48 ..
-rw-r--r--  1 e452103 domain users  143181 Aug 11 02:06 conflicts_PC1+1.csv
-rw-r--r--  1 e452103 domain users  155376 Aug 11 02:10 conflicts_PC1+2.csv
-rw-r--r--  1 e452103 domain users  124585 Aug 11 01:59 conflicts_PC1-1.csv
-rw-r--r--  1 e452103 domain users  103824 Aug 11 01:54 conflicts_PC1-2.csv
-rw-r--r--  1 e452103 domain users  138516 Aug 11 02:02 conflicts_natural.csv
-rw-r--r--  1 e452103 domain users 2241167 Aug 11 02:06 regimes_PC1+1.csv
-rw-r--r--  1 e452103 domain users 2244952 Aug 11 02:10 regimes_PC1+2.csv
-rw-r--r--  1 e452103 domain users 2281297 Aug 11 01:59 regimes_PC1-1.csv
-rw-r--r--  1 e452103 domain users 2274726 Aug 11 01:54 regimes_PC1-2.csv
-rw-r--r--  1 e452103 domain users 2279938 Aug 11 02:02 regimes_natural.csv
