[roll] ckpt=/scratch/e452103/checkpoints/roma_mifutagent_dim1_H8_r16p64_ft_collstop_nodiv/roma_dim1_step3750494208.pt
[roll] code=/home/e452103/roma_film branch=mi-future-agentcentric-film
[roll] alphas=-2,-1,0,1,2 (sweep=1) axis=PC1 episodes=6 map_pool=1000
[roll] out=/scratch/e452103/regimes_rollout/cand_3750494208_rep1
[roll] zones for 9493 scenes  device=cpu
[roll] role_dim=1
[alpha] warmup axes from 2963 role vectors
[roll] measured natural sigma(PC1) = 2.0844
[roll] axis derived from this checkpoint
[roll] sweeping PC1  sigma=2.0844
[roll] PC1-2 ep 1/6: 2284 trajectories, 93 conflicts
[roll] PC1-2 ep 2/6: 4578 trajectories, 185 conflicts
[roll] PC1-2 ep 3/6: 6786 trajectories, 278 conflicts
[roll] PC1-2 ep 4/6: 9006 trajectories, 373 conflicts
[roll] PC1-2 ep 5/6: 11282 trajectories, 452 conflicts
[roll] PC1-2 ep 6/6: 13591 trajectories, 534 conflicts

=== PC1-2: 13591 trajectories, 534 conflicts ===

  ROLE VARIANCE SPLIT (is it a disposition or a reaction?)
    dim 0: between-agent=4.4121  between-regime(within agent)=1.5720  step-level sd^2=1.7660
            disposition share = 0.737  (-> 1.0 = a stable style; -> 0.5 = as much situational swing as driver difference)
    desired speed (rel)    n=10676  med=0.790
    time headway (s)       n=928    med=2.243
  wrote /scratch/e452103/regimes_rollout/cand_3750494208_rep1/conflicts_PC1-2.csv + regimes_PC1-2.csv
[roll] PC1-1 ep 1/6: 2151 trajectories, 93 conflicts
[roll] PC1-1 ep 2/6: 4500 trajectories, 183 conflicts
[roll] PC1-1 ep 3/6: 6790 trajectories, 314 conflicts
[roll] PC1-1 ep 4/6: 9071 trajectories, 408 conflicts
[roll] PC1-1 ep 5/6: 11401 trajectories, 534 conflicts
[roll] PC1-1 ep 6/6: 13629 trajectories, 614 conflicts

=== PC1-1: 13629 trajectories, 614 conflicts ===

  ROLE VARIANCE SPLIT (is it a disposition or a reaction?)
    dim 0: between-agent=4.1107  between-regime(within agent)=1.5329  step-level sd^2=1.7679
            disposition share = 0.728  (-> 1.0 = a stable style; -> 0.5 = as much situational swing as driver difference)
    desired speed (rel)    n=10773  med=0.788
    time headway (s)       n=809    med=2.000
  wrote /scratch/e452103/regimes_rollout/cand_3750494208_rep1/conflicts_PC1-1.csv + regimes_PC1-1.csv
[roll] natural ep 1/6: 2325 trajectories, 141 conflicts
[roll] natural ep 2/6: 4546 trajectories, 255 conflicts
[roll] natural ep 3/6: 6735 trajectories, 385 conflicts
[roll] natural ep 4/6: 8965 trajectories, 536 conflicts
[roll] natural ep 5/6: 11138 trajectories, 651 conflicts
[roll] natural ep 6/6: 13447 trajectories, 763 conflicts

=== natural: 13447 trajectories, 763 conflicts ===

  ROLE VARIANCE SPLIT (is it a disposition or a reaction?)
    dim 0: between-agent=4.1792  between-regime(within agent)=1.6446  step-level sd^2=1.9558
            disposition share = 0.718  (-> 1.0 = a stable style; -> 0.5 = as much situational swing as driver difference)
    desired speed (rel)    n=10634  med=0.792
    time headway (s)       n=708    med=1.665
  wrote /scratch/e452103/regimes_rollout/cand_3750494208_rep1/conflicts_natural.csv + regimes_natural.csv
[roll] PC1+1 ep 1/6: 2193 trajectories, 123 conflicts
[roll] PC1+1 ep 2/6: 4423 trajectories, 245 conflicts
[roll] PC1+1 ep 3/6: 6742 trajectories, 390 conflicts
[roll] PC1+1 ep 4/6: 9111 trajectories, 546 conflicts
[roll] PC1+1 ep 5/6: 11288 trajectories, 686 conflicts
[roll] PC1+1 ep 6/6: 13600 trajectories, 850 conflicts

=== PC1+1: 13600 trajectories, 850 conflicts ===

  ROLE VARIANCE SPLIT (is it a disposition or a reaction?)
    dim 0: between-agent=4.4084  between-regime(within agent)=2.1309  step-level sd^2=2.2435
            disposition share = 0.674  (-> 1.0 = a stable style; -> 0.5 = as much situational swing as driver difference)
    desired speed (rel)    n=10573  med=0.806
    time headway (s)       n=665    med=1.504
  wrote /scratch/e452103/regimes_rollout/cand_3750494208_rep1/conflicts_PC1+1.csv + regimes_PC1+1.csv
[roll] PC1+2 ep 1/6: 2293 trajectories, 149 conflicts
[roll] PC1+2 ep 2/6: 4569 trajectories, 301 conflicts
[roll] PC1+2 ep 3/6: 6854 trajectories, 434 conflicts
[roll] PC1+2 ep 4/6: 9126 trajectories, 573 conflicts
[roll] PC1+2 ep 5/6: 11355 trajectories, 697 conflicts
[roll] PC1+2 ep 6/6: 13573 trajectories, 835 conflicts

=== PC1+2: 13573 trajectories, 835 conflicts ===

  ROLE VARIANCE SPLIT (is it a disposition or a reaction?)
    dim 0: between-agent=4.7766  between-regime(within agent)=2.2698  step-level sd^2=2.4826
            disposition share = 0.678  (-> 1.0 = a stable style; -> 0.5 = as much situational swing as driver difference)
    desired speed (rel)    n=10514  med=0.814
    time headway (s)       n=683    med=1.315
  wrote /scratch/e452103/regimes_rollout/cand_3750494208_rep1/conflicts_PC1+2.csv + regimes_PC1+2.csv
[roll] done -> /scratch/e452103/regimes_rollout/cand_3750494208_rep1
total 11842
drwxr-xr-x  2 e452103 domain users      10 Aug 11 10:18 .
drwxr-xr-x 32 e452103 domain users      30 Aug 11 10:07 ..
-rw-r--r--  1 e452103 domain users  167601 Aug 11 10:14 conflicts_PC1+1.csv
-rw-r--r--  1 e452103 domain users  164454 Aug 11 10:18 conflicts_PC1+2.csv
-rw-r--r--  1 e452103 domain users  120238 Aug 11 10:06 conflicts_PC1-1.csv
-rw-r--r--  1 e452103 domain users  103558 Aug 11 10:01 conflicts_PC1-2.csv
-rw-r--r--  1 e452103 domain users  149987 Aug 11 10:09 conflicts_natural.csv
-rw-r--r--  1 e452103 domain users 2288980 Aug 11 10:14 regimes_PC1+1.csv
-rw-r--r--  1 e452103 domain users 2275646 Aug 11 10:18 regimes_PC1+2.csv
-rw-r--r--  1 e452103 domain users 2297522 Aug 11 10:06 regimes_PC1-1.csv
-rw-r--r--  1 e452103 domain users 2292790 Aug 11 10:01 regimes_PC1-2.csv
-rw-r--r--  1 e452103 domain users 2261856 Aug 11 10:09 regimes_natural.csv
