[roll] ckpt=/scratch/e452103/checkpoints/roma_mifutagent_dim1_H8_r16p64_ft_collstop_nodiv/roma_dim1_step4000579584.pt
[roll] code=/home/e452103/roma_film branch=mi-future-agentcentric-film
[roll] alphas=-2,-1,0,1,2 (sweep=1) axis=PC1 episodes=6 map_pool=1000
[roll] out=/scratch/e452103/regimes_rollout/cand_4000579584_rep3
[roll] zones for 9493 scenes  device=cpu
[roll] role_dim=1
[alpha] warmup axes from 2970 role vectors
[roll] measured natural sigma(PC1) = 2.6350
[roll] axis derived from this checkpoint
[roll] sweeping PC1  sigma=2.6350
[roll] PC1-2 ep 1/6: 2298 trajectories, 80 conflicts
[roll] PC1-2 ep 2/6: 4690 trajectories, 163 conflicts
[roll] PC1-2 ep 3/6: 6957 trajectories, 261 conflicts
[roll] PC1-2 ep 4/6: 9328 trajectories, 338 conflicts
[roll] PC1-2 ep 5/6: 11689 trajectories, 423 conflicts
[roll] PC1-2 ep 6/6: 13922 trajectories, 515 conflicts

=== PC1-2: 13922 trajectories, 515 conflicts ===

  ROLE VARIANCE SPLIT (is it a disposition or a reaction?)
    dim 0: between-agent=7.5674  between-regime(within agent)=1.6993  step-level sd^2=2.7609
            disposition share = 0.817  (-> 1.0 = a stable style; -> 0.5 = as much situational swing as driver difference)
    desired speed (rel)    n=10774  med=0.790
    time headway (s)       n=1133   med=2.262
  wrote /scratch/e452103/regimes_rollout/cand_4000579584_rep3/conflicts_PC1-2.csv + regimes_PC1-2.csv
[roll] PC1-1 ep 1/6: 2299 trajectories, 102 conflicts
[roll] PC1-1 ep 2/6: 4617 trajectories, 202 conflicts
[roll] PC1-1 ep 3/6: 6889 trajectories, 309 conflicts
[roll] PC1-1 ep 4/6: 9154 trajectories, 402 conflicts
[roll] PC1-1 ep 5/6: 11398 trajectories, 516 conflicts
[roll] PC1-1 ep 6/6: 13755 trajectories, 618 conflicts

=== PC1-1: 13755 trajectories, 618 conflicts ===

  ROLE VARIANCE SPLIT (is it a disposition or a reaction?)
    dim 0: between-agent=7.3358  between-regime(within agent)=1.8492  step-level sd^2=2.5728
            disposition share = 0.799  (-> 1.0 = a stable style; -> 0.5 = as much situational swing as driver difference)
    desired speed (rel)    n=10664  med=0.787
    time headway (s)       n=944    med=2.032
  wrote /scratch/e452103/regimes_rollout/cand_4000579584_rep3/conflicts_PC1-1.csv + regimes_PC1-1.csv
[roll] natural ep 1/6: 2157 trajectories, 96 conflicts
[roll] natural ep 2/6: 4503 trajectories, 200 conflicts
[roll] natural ep 3/6: 6784 trajectories, 296 conflicts
[roll] natural ep 4/6: 9047 trajectories, 428 conflicts
[roll] natural ep 5/6: 11313 trajectories, 539 conflicts
[roll] natural ep 6/6: 13623 trajectories, 649 conflicts

=== natural: 13623 trajectories, 649 conflicts ===

  ROLE VARIANCE SPLIT (is it a disposition or a reaction?)
    dim 0: between-agent=7.2659  between-regime(within agent)=2.1870  step-level sd^2=2.8208
            disposition share = 0.769  (-> 1.0 = a stable style; -> 0.5 = as much situational swing as driver difference)
    desired speed (rel)    n=10800  med=0.784
    time headway (s)       n=736    med=1.643
  wrote /scratch/e452103/regimes_rollout/cand_4000579584_rep3/conflicts_natural.csv + regimes_natural.csv
[roll] PC1+1 ep 1/6: 2238 trajectories, 129 conflicts
[roll] PC1+1 ep 2/6: 4481 trajectories, 261 conflicts
[roll] PC1+1 ep 3/6: 6650 trajectories, 357 conflicts
[roll] PC1+1 ep 4/6: 8934 trajectories, 496 conflicts
[roll] PC1+1 ep 5/6: 11127 trajectories, 623 conflicts
[roll] PC1+1 ep 6/6: 13459 trajectories, 747 conflicts

=== PC1+1: 13459 trajectories, 747 conflicts ===

  ROLE VARIANCE SPLIT (is it a disposition or a reaction?)
    dim 0: between-agent=7.6079  between-regime(within agent)=2.1120  step-level sd^2=3.0713
            disposition share = 0.783  (-> 1.0 = a stable style; -> 0.5 = as much situational swing as driver difference)
    desired speed (rel)    n=10571  med=0.798
    time headway (s)       n=553    med=1.238
  wrote /scratch/e452103/regimes_rollout/cand_4000579584_rep3/conflicts_PC1+1.csv + regimes_PC1+1.csv
[roll] PC1+2 ep 1/6: 2222 trajectories, 112 conflicts
[roll] PC1+2 ep 2/6: 4546 trajectories, 246 conflicts
[roll] PC1+2 ep 3/6: 6852 trajectories, 379 conflicts
[roll] PC1+2 ep 4/6: 8976 trajectories, 521 conflicts
[roll] PC1+2 ep 5/6: 11167 trajectories, 632 conflicts
[roll] PC1+2 ep 6/6: 13551 trajectories, 770 conflicts

=== PC1+2: 13551 trajectories, 770 conflicts ===

  ROLE VARIANCE SPLIT (is it a disposition or a reaction?)
    dim 0: between-agent=7.8166  between-regime(within agent)=2.9333  step-level sd^2=3.4294
            disposition share = 0.727  (-> 1.0 = a stable style; -> 0.5 = as much situational swing as driver difference)
    desired speed (rel)    n=10600  med=0.810
    time headway (s)       n=667    med=1.128
  wrote /scratch/e452103/regimes_rollout/cand_4000579584_rep3/conflicts_PC1+2.csv + regimes_PC1+2.csv
[roll] done -> /scratch/e452103/regimes_rollout/cand_4000579584_rep3
total 11863
drwxr-xr-x  2 e452103 domain users      10 Aug 11 10:23 .
drwxr-xr-x 32 e452103 domain users      30 Aug 11 10:07 ..
-rw-r--r--  1 e452103 domain users  146761 Aug 11 10:19 conflicts_PC1+1.csv
-rw-r--r--  1 e452103 domain users  151677 Aug 11 10:23 conflicts_PC1+2.csv
-rw-r--r--  1 e452103 domain users  120893 Aug 11 10:11 conflicts_PC1-1.csv
-rw-r--r--  1 e452103 domain users  100193 Aug 11 10:06 conflicts_PC1-2.csv
-rw-r--r--  1 e452103 domain users  126778 Aug 11 10:14 conflicts_natural.csv
-rw-r--r--  1 e452103 domain users 2262071 Aug 11 10:19 regimes_PC1+1.csv
-rw-r--r--  1 e452103 domain users 2275478 Aug 11 10:23 regimes_PC1+2.csv
-rw-r--r--  1 e452103 domain users 2317501 Aug 11 10:11 regimes_PC1-1.csv
-rw-r--r--  1 e452103 domain users 2354324 Aug 11 10:06 regimes_PC1-2.csv
-rw-r--r--  1 e452103 domain users 2287117 Aug 11 10:14 regimes_natural.csv
