[roll] ckpt=/scratch/e452103/checkpoints/roma_mifutagent_dim1_H8_r16p64_ft_collstop_nodiv/roma_dim1_step4000579584.pt
[roll] code=/home/e452103/roma_film branch=mi-future-agentcentric-film
[roll] alphas=-2,-1,0,1,2 (sweep=1) axis=PC1 episodes=6 map_pool=1000
[roll] out=/scratch/e452103/regimes_rollout/cand_4000579584_rep1
[roll] zones for 9493 scenes  device=cpu
[roll] role_dim=1
[alpha] warmup axes from 2975 role vectors
[roll] measured natural sigma(PC1) = 2.8048
[roll] axis derived from this checkpoint
[roll] sweeping PC1  sigma=2.8048
[roll] PC1-2 ep 1/6: 2234 trajectories, 80 conflicts
[roll] PC1-2 ep 2/6: 4512 trajectories, 172 conflicts
[roll] PC1-2 ep 3/6: 6747 trajectories, 250 conflicts
[roll] PC1-2 ep 4/6: 9002 trajectories, 342 conflicts
[roll] PC1-2 ep 5/6: 11375 trajectories, 449 conflicts
[roll] PC1-2 ep 6/6: 13632 trajectories, 529 conflicts

=== PC1-2: 13632 trajectories, 529 conflicts ===

  ROLE VARIANCE SPLIT (is it a disposition or a reaction?)
    dim 0: between-agent=7.4131  between-regime(within agent)=1.5421  step-level sd^2=2.5258
            disposition share = 0.828  (-> 1.0 = a stable style; -> 0.5 = as much situational swing as driver difference)
    desired speed (rel)    n=10593  med=0.793
    time headway (s)       n=1062   med=2.176
  wrote /scratch/e452103/regimes_rollout/cand_4000579584_rep1/conflicts_PC1-2.csv + regimes_PC1-2.csv
[roll] PC1-1 ep 1/6: 2277 trajectories, 77 conflicts
[roll] PC1-1 ep 2/6: 4558 trajectories, 158 conflicts
[roll] PC1-1 ep 3/6: 6912 trajectories, 269 conflicts
[roll] PC1-1 ep 4/6: 9218 trajectories, 354 conflicts
[roll] PC1-1 ep 5/6: 11508 trajectories, 456 conflicts
[roll] PC1-1 ep 6/6: 13830 trajectories, 522 conflicts

=== PC1-1: 13830 trajectories, 522 conflicts ===

  ROLE VARIANCE SPLIT (is it a disposition or a reaction?)
    dim 0: between-agent=7.4228  between-regime(within agent)=1.5514  step-level sd^2=2.6819
            disposition share = 0.827  (-> 1.0 = a stable style; -> 0.5 = as much situational swing as driver difference)
    desired speed (rel)    n=11000  med=0.783
    time headway (s)       n=901    med=1.965
  wrote /scratch/e452103/regimes_rollout/cand_4000579584_rep1/conflicts_PC1-1.csv + regimes_PC1-1.csv
[roll] natural ep 1/6: 2161 trajectories, 85 conflicts
[roll] natural ep 2/6: 4398 trajectories, 197 conflicts
[roll] natural ep 3/6: 6628 trajectories, 286 conflicts
[roll] natural ep 4/6: 8946 trajectories, 389 conflicts
[roll] natural ep 5/6: 11280 trajectories, 502 conflicts
[roll] natural ep 6/6: 13572 trajectories, 607 conflicts

=== natural: 13572 trajectories, 607 conflicts ===

  ROLE VARIANCE SPLIT (is it a disposition or a reaction?)
    dim 0: between-agent=7.5579  between-regime(within agent)=1.7227  step-level sd^2=2.7336
            disposition share = 0.814  (-> 1.0 = a stable style; -> 0.5 = as much situational swing as driver difference)
    desired speed (rel)    n=10716  med=0.790
    time headway (s)       n=766    med=1.621
  wrote /scratch/e452103/regimes_rollout/cand_4000579584_rep1/conflicts_natural.csv + regimes_natural.csv
[roll] PC1+1 ep 1/6: 2297 trajectories, 117 conflicts
[roll] PC1+1 ep 2/6: 4594 trajectories, 222 conflicts
[roll] PC1+1 ep 3/6: 6794 trajectories, 358 conflicts
[roll] PC1+1 ep 4/6: 9180 trajectories, 475 conflicts
[roll] PC1+1 ep 5/6: 11478 trajectories, 619 conflicts
[roll] PC1+1 ep 6/6: 13783 trajectories, 722 conflicts

=== PC1+1: 13783 trajectories, 722 conflicts ===

  ROLE VARIANCE SPLIT (is it a disposition or a reaction?)
    dim 0: between-agent=7.7154  between-regime(within agent)=3.0099  step-level sd^2=3.2035
            disposition share = 0.719  (-> 1.0 = a stable style; -> 0.5 = as much situational swing as driver difference)
    desired speed (rel)    n=10855  med=0.801
    time headway (s)       n=630    med=1.288
  wrote /scratch/e452103/regimes_rollout/cand_4000579584_rep1/conflicts_PC1+1.csv + regimes_PC1+1.csv
[roll] PC1+2 ep 1/6: 2173 trajectories, 133 conflicts
[roll] PC1+2 ep 2/6: 4398 trajectories, 268 conflicts
[roll] PC1+2 ep 3/6: 6586 trajectories, 401 conflicts
[roll] PC1+2 ep 4/6: 8897 trajectories, 540 conflicts
[roll] PC1+2 ep 5/6: 11175 trajectories, 667 conflicts
[roll] PC1+2 ep 6/6: 13474 trajectories, 812 conflicts

=== PC1+2: 13474 trajectories, 812 conflicts ===

  ROLE VARIANCE SPLIT (is it a disposition or a reaction?)
    dim 0: between-agent=7.9582  between-regime(within agent)=2.9031  step-level sd^2=3.5164
            disposition share = 0.733  (-> 1.0 = a stable style; -> 0.5 = as much situational swing as driver difference)
    desired speed (rel)    n=10577  med=0.808
    time headway (s)       n=707    med=1.089
  wrote /scratch/e452103/regimes_rollout/cand_4000579584_rep1/conflicts_PC1+2.csv + regimes_PC1+2.csv
[roll] done -> /scratch/e452103/regimes_rollout/cand_4000579584_rep1
total 11846
drwxr-xr-x  2 e452103 domain users      10 Aug 11 10:19 .
drwxr-xr-x 32 e452103 domain users      30 Aug 11 10:07 ..
-rw-r--r--  1 e452103 domain users  141338 Aug 11 10:14 conflicts_PC1+1.csv
-rw-r--r--  1 e452103 domain users  159859 Aug 11 10:19 conflicts_PC1+2.csv
-rw-r--r--  1 e452103 domain users  102120 Aug 11 10:07 conflicts_PC1-1.csv
-rw-r--r--  1 e452103 domain users  102951 Aug 11 10:03 conflicts_PC1-2.csv
-rw-r--r--  1 e452103 domain users  119014 Aug 11 10:10 conflicts_natural.csv
-rw-r--r--  1 e452103 domain users 2308005 Aug 11 10:14 regimes_PC1+1.csv
-rw-r--r--  1 e452103 domain users 2264632 Aug 11 10:19 regimes_PC1+2.csv
-rw-r--r--  1 e452103 domain users 2338913 Aug 11 10:07 regimes_PC1-1.csv
-rw-r--r--  1 e452103 domain users 2307078 Aug 11 10:03 regimes_PC1-2.csv
-rw-r--r--  1 e452103 domain users 2281907 Aug 11 10:10 regimes_natural.csv
