[roll] ckpt=/scratch/e452103/checkpoints/roma_mifutagent_dim1_H8_r16p64_ft_pc40_cb1_nodiv/roma_dim1_step4250664960.pt
[roll] code=/home/e452103/roma_film branch=mi-future-agentcentric-film
[roll] alphas=-2,-1,0,1,2 (sweep=1) axis=PC1 episodes=6 map_pool=1000
[roll] out=/scratch/e452103/regimes_rollout/pc40cb1_4250664960
[roll] zones for 9493 scenes  device=cpu
[roll] role_dim=1
[alpha] warmup axes from 2979 role vectors
[roll] measured natural sigma(PC1) = 3.9359
[roll] axis derived from this checkpoint
[roll] sweeping PC1  sigma=3.9359
[roll] PC1-2 ep 1/6: 2267 trajectories, 84 conflicts
[roll] PC1-2 ep 2/6: 4429 trajectories, 176 conflicts
[roll] PC1-2 ep 3/6: 6759 trajectories, 304 conflicts
[roll] PC1-2 ep 4/6: 9039 trajectories, 414 conflicts
[roll] PC1-2 ep 5/6: 11262 trajectories, 499 conflicts
[roll] PC1-2 ep 6/6: 13493 trajectories, 610 conflicts

=== PC1-2: 13493 trajectories, 610 conflicts ===

  ROLE VARIANCE SPLIT (is it a disposition or a reaction?)
    dim 0: between-agent=13.1302  between-regime(within agent)=6.4381  step-level sd^2=10.6988
            disposition share = 0.671  (-> 1.0 = a stable style; -> 0.5 = as much situational swing as driver difference)
    desired speed (rel)    n=10317  med=0.755
    time headway (s)       n=806    med=2.292
  wrote /scratch/e452103/regimes_rollout/pc40cb1_4250664960/conflicts_PC1-2.csv + regimes_PC1-2.csv
[roll] PC1-1 ep 1/6: 2170 trajectories, 85 conflicts
[roll] PC1-1 ep 2/6: 4346 trajectories, 182 conflicts
[roll] PC1-1 ep 3/6: 6647 trajectories, 284 conflicts
[roll] PC1-1 ep 4/6: 8841 trajectories, 360 conflicts
[roll] PC1-1 ep 5/6: 11046 trajectories, 462 conflicts
[roll] PC1-1 ep 6/6: 13283 trajectories, 551 conflicts

=== PC1-1: 13283 trajectories, 551 conflicts ===

  ROLE VARIANCE SPLIT (is it a disposition or a reaction?)
    dim 0: between-agent=14.7877  between-regime(within agent)=8.0393  step-level sd^2=12.0704
            disposition share = 0.648  (-> 1.0 = a stable style; -> 0.5 = as much situational swing as driver difference)
    desired speed (rel)    n=10233  med=0.756
    time headway (s)       n=814    med=2.085
  wrote /scratch/e452103/regimes_rollout/pc40cb1_4250664960/conflicts_PC1-1.csv + regimes_PC1-1.csv
[roll] natural ep 1/6: 2333 trajectories, 81 conflicts
[roll] natural ep 2/6: 4650 trajectories, 175 conflicts
[roll] natural ep 3/6: 6931 trajectories, 251 conflicts
[roll] natural ep 4/6: 9217 trajectories, 351 conflicts
[roll] natural ep 5/6: 11359 trajectories, 412 conflicts
[roll] natural ep 6/6: 13628 trajectories, 509 conflicts

=== natural: 13628 trajectories, 509 conflicts ===

  ROLE VARIANCE SPLIT (is it a disposition or a reaction?)
    dim 0: between-agent=15.2294  between-regime(within agent)=6.8187  step-level sd^2=12.4360
            disposition share = 0.691  (-> 1.0 = a stable style; -> 0.5 = as much situational swing as driver difference)
    desired speed (rel)    n=10518  med=0.752
    time headway (s)       n=841    med=1.978
  wrote /scratch/e452103/regimes_rollout/pc40cb1_4250664960/conflicts_natural.csv + regimes_natural.csv
[roll] PC1+1 ep 1/6: 2286 trajectories, 106 conflicts
[roll] PC1+1 ep 2/6: 4607 trajectories, 206 conflicts
[roll] PC1+1 ep 3/6: 6810 trajectories, 304 conflicts
[roll] PC1+1 ep 4/6: 9106 trajectories, 389 conflicts
[roll] PC1+1 ep 5/6: 11421 trajectories, 473 conflicts
[roll] PC1+1 ep 6/6: 13602 trajectories, 565 conflicts

=== PC1+1: 13602 trajectories, 565 conflicts ===

  ROLE VARIANCE SPLIT (is it a disposition or a reaction?)
    dim 0: between-agent=15.6606  between-regime(within agent)=7.4459  step-level sd^2=13.8928
            disposition share = 0.678  (-> 1.0 = a stable style; -> 0.5 = as much situational swing as driver difference)
    desired speed (rel)    n=10487  med=0.763
    time headway (s)       n=768    med=1.877
  wrote /scratch/e452103/regimes_rollout/pc40cb1_4250664960/conflicts_PC1+1.csv + regimes_PC1+1.csv
[roll] PC1+2 ep 1/6: 2324 trajectories, 92 conflicts
[roll] PC1+2 ep 2/6: 4699 trajectories, 203 conflicts
[roll] PC1+2 ep 3/6: 6995 trajectories, 301 conflicts
[roll] PC1+2 ep 4/6: 9164 trajectories, 403 conflicts
[roll] PC1+2 ep 5/6: 11282 trajectories, 512 conflicts
[roll] PC1+2 ep 6/6: 13604 trajectories, 634 conflicts

=== PC1+2: 13604 trajectories, 634 conflicts ===

  ROLE VARIANCE SPLIT (is it a disposition or a reaction?)
    dim 0: between-agent=17.4312  between-regime(within agent)=8.6001  step-level sd^2=16.6390
            disposition share = 0.670  (-> 1.0 = a stable style; -> 0.5 = as much situational swing as driver difference)
    desired speed (rel)    n=10595  med=0.767
    time headway (s)       n=699    med=1.751
  wrote /scratch/e452103/regimes_rollout/pc40cb1_4250664960/conflicts_PC1+2.csv + regimes_PC1+2.csv
[roll] done -> /scratch/e452103/regimes_rollout/pc40cb1_4250664960
total 11598
drwxr-xr-x  2 e452103 domain users      10 Aug 13 17:07 .
drwxr-xr-x 46 e452103 domain users      44 Aug 13 16:44 ..
-rw-r--r--  1 e452103 domain users  110451 Aug 13 17:02 conflicts_PC1+1.csv
-rw-r--r--  1 e452103 domain users  124971 Aug 13 17:07 conflicts_PC1+2.csv
-rw-r--r--  1 e452103 domain users  107911 Aug 13 16:55 conflicts_PC1-1.csv
-rw-r--r--  1 e452103 domain users  119371 Aug 13 16:50 conflicts_PC1-2.csv
-rw-r--r--  1 e452103 domain users   99167 Aug 13 16:58 conflicts_natural.csv
-rw-r--r--  1 e452103 domain users 2272032 Aug 13 17:02 regimes_PC1+1.csv
-rw-r--r--  1 e452103 domain users 2280308 Aug 13 17:07 regimes_PC1+2.csv
-rw-r--r--  1 e452103 domain users 2228805 Aug 13 16:55 regimes_PC1-1.csv
-rw-r--r--  1 e452103 domain users 2258466 Aug 13 16:50 regimes_PC1-2.csv
-rw-r--r--  1 e452103 domain users 2270433 Aug 13 16:58 regimes_natural.csv
