[icc] ckpt=/scratch/e452103/checkpoints/roma_mifutagent_dim1_H8_r16p64_ft_collstop_nodiv/roma_dim1_step4250664960.pt out=/scratch/e452103/role_icc/collstop_4250664960_rep3 (CPU / compute partition)
[icc] branch=mi-future-agentcentric-film commit=0e4a1be
[icc] role_dim=1 checkpoint=/scratch/e452103/checkpoints/roma_mifutagent_dim1_H8_r16p64_ft_collstop_nodiv/roma_dim1_step4250664960.pt
[icc] episode 1/3: 2383 vehicles
[icc] episode 2/3: 2289 vehicles
[icc] episode 3/3: 2313 vehicles
[icc] 6985 rows -> 6584 unique (scenario, vehicle) after collapsing 401 repeats
[icc] 1049 scenes with >=2 vehicles (104 single-vehicle scenes dropped), 6480 vehicles, mean 6.2 per scene
[icc] role PCA explained var: ['100%']

==================================================================
  SCENE ICC  (1.0 = role is the map, 0.0 = role is the driver)
==================================================================

  role dims
    role_0           ICC = +0.211   (between 1.313 / within 4.9)

  role PCs
    pc1              ICC = +0.211   (between 1.313 / within 4.9)

  ROLE OVERALL
    role_ALL_DIMS    ICC = +0.211   (between 1.313 / within 4.9)

  behaviour (control)
    speed_mean       ICC = +0.641   (between 32.86 / within 18.39)
    accel_abs        ICC = +0.098   (between 0.00728 / within 0.06671)
    accel_pos        ICC = +0.168   (between 0.03515 / within 0.1745)
    decel_abs        ICC = +0.119   (between 0.01597 / within 0.1185)
    jerk_abs         ICC = +0.028   (between 0.6356 / within 21.82)
    turn_abs         ICC = +0.182   (between 0.004517 / within 0.02025)
    event_rate       ICC = +0.045   (between 0.1674 / within 3.57)
    decel_p95        ICC = +0.096   (between 0.1083 / within 1.017)
    decel_max        ICC = +0.032   (between 0.01762 / within 0.5296)
    accel_p95        ICC = -0.027   (between 0 / within 0.0546)
    accel_max        ICC = +0.021   (between 0.0008571 / within 0.03921)
    hard_brake_rate  ICC = +0.088   (between 0.0004407 / within 0.004575)
    severe_brake_rate ICC = -0.049   (between 0 / within 1.645e-06)
    hard_accel_rate  ICC = +0.148   (between 0.002463 / within 0.01417)
    jerk_p95         ICC = +0.010   (between 1.058 / within 103.7)
    jerk_rms         ICC = +0.015   (between 0.3972 / within 25.78)
    jerk_spikiness   ICC = +0.055   (between 0.0003351 / within 0.005793)
    accel_kurt       ICC = +0.095   (between 0.05497 / within 0.5246)
    n_brake_events   ICC = +0.142   (between 0.2139 / within 1.289)
    brake_per_100m   ICC = +0.255   (between 2.283 / within 6.659)
    brake_peak_mean  ICC = +0.043   (between 0.01761 / within 0.3934)
    brake_peak_max   ICC = +0.048   (between 0.01887 / within 0.3768)
    brake_dur_mean   ICC = +0.047   (between 0.001207 / within 0.02443)
    brake_dv_mean    ICC = +0.078   (between 0.02896 / within 0.3411)
    brake_abrupt_mean ICC = +0.027   (between 0.00108 / within 0.03961)
    n_accel_ev_events ICC = +0.072   (between 0.3478 / within 4.465)
    accel_ev_per_100m ICC = +0.402   (between 14.69 / within 21.86)
    accel_ev_peak_mean ICC = +0.027   (between 0.002257 / within 0.08064)
    accel_ev_peak_max ICC = +0.011   (between 0.0004214 / within 0.03734)
    accel_ev_dur_mean ICC = +0.068   (between 0.002784 / within 0.03819)
    accel_ev_dv_mean ICC = +0.086   (between 0.03727 / within 0.3945)
    accel_ev_abrupt_mean ICC = +0.027   (between 0.0004226 / within 0.01538)
    accel_mask_frac  ICC = +0.064   (between 4.459e-05 / within 0.0006474)

------------------------------------------------------------------
  role overall ICC      : +0.211
  behaviour median ICC  : +0.064   <- the honest reference
  VERDICT: the role is MORE scene-determined than the behaviour it
           explains. Map-based-role diagnosis confirmed.
------------------------------------------------------------------

[icc] wrote role_scene_icc.csv / .png / _agents.csv -> /scratch/e452103/role_icc/collstop_4250664960_rep3
[icc] done -> /scratch/e452103/role_icc/collstop_4250664960_rep3
