[icc] ckpt=/scratch/e452103/checkpoints/roma_mifutagent_dim1_H8_r16p64_ft_signs4b_nodiv/roma_dim1_final.pt out=/scratch/e452103/role_icc/signs4b_final_rep3 (CPU / compute partition)
[icc] branch=mi-future-agentcentric-film commit=c172c12
[icc] role_dim=1 checkpoint=/scratch/e452103/checkpoints/roma_mifutagent_dim1_H8_r16p64_ft_signs4b_nodiv/roma_dim1_final.pt
[icc] episode 1/3: 2270 vehicles
[icc] episode 2/3: 2265 vehicles
[icc] episode 3/3: 2287 vehicles
[icc] 6822 rows -> 6445 unique (scenario, vehicle) after collapsing 377 repeats
[icc] 1034 scenes with >=2 vehicles (86 single-vehicle scenes dropped), 6359 vehicles, mean 6.1 per scene
[icc] role PCA explained var: ['100%']

==================================================================
  SCENE ICC  (1.0 = role is the map, 0.0 = role is the driver)
==================================================================

  role dims
    role_0           ICC = +0.197   (between 1.399 / within 5.697)

  role PCs
    pc1              ICC = +0.197   (between 1.399 / within 5.697)

  ROLE OVERALL
    role_ALL_DIMS    ICC = +0.197   (between 1.399 / within 5.697)

  behaviour (control)
    speed_mean       ICC = +0.643   (between 31.52 / within 17.49)
    accel_abs        ICC = +0.065   (between 0.004396 / within 0.0632)
    accel_pos        ICC = +0.157   (between 0.03209 / within 0.1722)
    decel_abs        ICC = +0.137   (between 0.02009 / within 0.1266)
    jerk_abs         ICC = +0.051   (between 1.082 / within 20.16)
    turn_abs         ICC = +0.163   (between 0.003826 / within 0.01972)
    event_rate       ICC = +0.043   (between 0.09157 / within 2.044)
    decel_p95        ICC = +0.085   (between 0.08051 / within 0.8637)
    decel_max        ICC = +0.050   (between 0.02181 / within 0.4106)
    accel_p95        ICC = -0.030   (between 0 / within 0.06491)
    accel_max        ICC = +0.028   (between 0.001182 / within 0.04168)
    hard_brake_rate  ICC = +0.095   (between 0.0005194 / within 0.004965)
    severe_brake_rate ICC = +0.057   (between 2.779e-09 / within 4.576e-08)
    hard_accel_rate  ICC = +0.149   (between 0.00245 / within 0.01397)
    jerk_p95         ICC = +0.019   (between 1.769 / within 91.42)
    jerk_rms         ICC = +0.039   (between 0.9332 / within 22.81)
    jerk_spikiness   ICC = +0.042   (between 0.0003144 / within 0.00721)
    accel_kurt       ICC = +0.077   (between 0.04262 / within 0.5088)
    n_brake_events   ICC = +0.119   (between 0.2435 / within 1.797)
    brake_per_100m   ICC = +0.207   (between 2.292 / within 8.766)
    brake_peak_mean  ICC = +0.070   (between 0.02591 / within 0.3432)
    brake_peak_max   ICC = +0.080   (between 0.02749 / within 0.3148)
    brake_dur_mean   ICC = +0.085   (between 0.002421 / within 0.02613)
    brake_dv_mean    ICC = +0.103   (between 0.04341 / within 0.3779)
    brake_abrupt_mean ICC = +0.043   (between 0.00165 / within 0.03697)
    n_accel_ev_events ICC = +0.053   (between 0.246 / within 4.41)
    accel_ev_per_100m ICC = +0.429   (between 15.27 / within 20.36)
    accel_ev_peak_mean ICC = +0.008   (between 0.0005664 / within 0.07352)
    accel_ev_peak_max ICC = +0.007   (between 0.0002277 / within 0.03365)
    accel_ev_dur_mean ICC = +0.091   (between 0.003432 / within 0.03441)
    accel_ev_dv_mean ICC = +0.100   (between 0.03956 / within 0.3563)
    accel_ev_abrupt_mean ICC = +0.006   (between 8.906e-05 / within 0.01504)
    accel_mask_frac  ICC = +0.092   (between 5.858e-05 / within 0.0005758)

------------------------------------------------------------------
  role overall ICC      : +0.197
  behaviour median ICC  : +0.077   <- the honest reference
  VERDICT: the role is MORE scene-determined than the behaviour it
           explains. Map-based-role diagnosis confirmed.
------------------------------------------------------------------

[icc] wrote role_scene_icc.csv / .png / _agents.csv -> /scratch/e452103/role_icc/signs4b_final_rep3
[icc] done -> /scratch/e452103/role_icc/signs4b_final_rep3
