[icc] ckpt=/scratch/e452103/checkpoints/roma_mifutagent_dim1_H8_r16p64_ft_collstop_nodiv/roma_dim1_step4750835712.pt out=/scratch/e452103/role_icc/collstop_4750835712_rep2 (CPU / compute partition)
[icc] branch=mi-future-agentcentric-film commit=0e4a1be
[icc] role_dim=1 checkpoint=/scratch/e452103/checkpoints/roma_mifutagent_dim1_H8_r16p64_ft_collstop_nodiv/roma_dim1_step4750835712.pt
[icc] episode 1/3: 2241 vehicles
[icc] episode 2/3: 2450 vehicles
[icc] episode 3/3: 2400 vehicles
[icc] 7091 rows -> 6599 unique (scenario, vehicle) after collapsing 492 repeats
[icc] 1063 scenes with >=2 vehicles (93 single-vehicle scenes dropped), 6506 vehicles, mean 6.1 per scene
[icc] role PCA explained var: ['100%']

==================================================================
  SCENE ICC  (1.0 = role is the map, 0.0 = role is the driver)
==================================================================

  role dims
    role_0           ICC = +0.223   (between 1.554 / within 5.419)

  role PCs
    pc1              ICC = +0.223   (between 1.554 / within 5.419)

  ROLE OVERALL
    role_ALL_DIMS    ICC = +0.223   (between 1.554 / within 5.419)

  behaviour (control)
    speed_mean       ICC = +0.637   (between 30.49 / within 17.41)
    accel_abs        ICC = +0.094   (between 0.00634 / within 0.06079)
    accel_pos        ICC = +0.183   (between 0.03682 / within 0.1647)
    decel_abs        ICC = +0.164   (between 0.02513 / within 0.1286)
    jerk_abs         ICC = +0.038   (between 0.8053 / within 20.39)
    turn_abs         ICC = +0.190   (between 0.004349 / within 0.01854)
    event_rate       ICC = +0.121   (between 0.4052 / within 2.954)
    decel_p95        ICC = +0.103   (between 0.08964 / within 0.7841)
    decel_max        ICC = +0.024   (between 0.008782 / within 0.3649)
    accel_p95        ICC = -0.040   (between 0 / within 0.06407)
    accel_max        ICC = +0.058   (between 0.002592 / within 0.04193)
    hard_brake_rate  ICC = +0.117   (between 0.0007091 / within 0.005334)
    severe_brake_rate ICC = +0.034   (between 5.815e-08 / within 1.673e-06)
    hard_accel_rate  ICC = +0.163   (between 0.002589 / within 0.01333)
    jerk_p95         ICC = +0.020   (between 1.82 / within 90.42)
    jerk_rms         ICC = +0.028   (between 0.6572 / within 22.98)
    jerk_spikiness   ICC = +0.033   (between 0.000221 / within 0.006484)
    accel_kurt       ICC = +0.141   (between 0.07336 / within 0.4456)
    n_brake_events   ICC = +0.129   (between 0.2579 / within 1.738)
    brake_per_100m   ICC = +0.199   (between 2.175 / within 8.737)
    brake_peak_mean  ICC = +0.031   (between 0.01101 / within 0.3424)
    brake_peak_max   ICC = +0.052   (between 0.01708 / within 0.3104)
    brake_dur_mean   ICC = +0.024   (between 0.0007634 / within 0.03103)
    brake_dv_mean    ICC = +0.042   (between 0.01887 / within 0.4255)
    brake_abrupt_mean ICC = +0.036   (between 0.001379 / within 0.03722)
    n_accel_ev_events ICC = +0.072   (between 0.3369 / within 4.343)
    accel_ev_per_100m ICC = +0.419   (between 14.84 / within 20.54)
    accel_ev_peak_mean ICC = -0.008   (between 0 / within 0.08229)
    accel_ev_peak_max ICC = +0.034   (between 0.001466 / within 0.04106)
    accel_ev_dur_mean ICC = +0.078   (between 0.002672 / within 0.03175)
    accel_ev_dv_mean ICC = +0.091   (between 0.03205 / within 0.3219)
    accel_ev_abrupt_mean ICC = +0.001   (between 1.113e-05 / within 0.01537)
    accel_mask_frac  ICC = +0.150   (between 9.472e-05 / within 0.0005387)

------------------------------------------------------------------
  role overall ICC      : +0.223
  behaviour median ICC  : +0.072   <- the honest reference
  VERDICT: the role is MORE scene-determined than the behaviour it
           explains. Map-based-role diagnosis confirmed.
------------------------------------------------------------------

[icc] wrote role_scene_icc.csv / .png / _agents.csv -> /scratch/e452103/role_icc/collstop_4750835712_rep2
[icc] done -> /scratch/e452103/role_icc/collstop_4750835712_rep2
