[role_an] tag=mifutfilm_comply_dim4 role_dim=4
[role_an] ckpt=/scratch/e452103/checkpoints/roma_mifutagent_dim4_H8_r16p64_ep_film_comply/roma_dim4_final.pt
[role_an] out=/scratch/e452103/analysis/mifutfilm_comply_dim4  traj_clusters=/scratch/e452103/traj_atlas/trajectory_clusters_stopfrac.csv
[role_an] branch=mi-future-agentcentric-film commit=92e1242

==================== 0/5 build scenario->trajectory scaffold ====================
[scaffold] 9388 scenarios from 55279 labeled trajectories; cluster mix {2: 4302, 3: 1743, 0: 1698, 1: 1645}

==================== 1/5 role_paired_sweep [GPU] ====================
[paired] 8988 core scenarios, regimes [0, 1, 2, 3]
[paired] warmup 1/3: 2290 (role, behavior) pairs
[paired] warmup 2/3: 4549 (role, behavior) pairs
[paired] warmup 3/3: 6805 (role, behavior) pairs
[paired] PCA: explained var ['65%', '19%']  sigma=[7.412 4.027]

[paired] === observational r (natural, plausibility-masked) ===
[paired]   PC1 vs speed_mean : r=+0.850
[paired]   PC1 vs turn_abs   : r=-0.236
[paired]   PC1 vs event_rate : r=+0.031
[paired]   PC1 vs accel_p95  : r=+0.039
[paired]   PC1 vs hard_accel_rate: r=-0.279
[paired]   PC1 vs accel_ev_peak_mean: r=-0.099
[paired]   PC1 vs accel_ev_dur_mean: r=-0.140
[paired]   PC1 vs decel_p95  : r=+0.167
[paired]   PC1 vs hard_brake_rate: r=+0.007
[paired]   PC1 vs brake_peak_mean: r=-0.064
[paired]   PC1 vs brake_dur_mean: r=+0.041
[paired]   PC1 vs accel_mask_frac: r=-0.351
[paired]   PC2 vs speed_mean : r=+0.225
[paired]   PC2 vs turn_abs   : r=-0.414
[paired]   PC2 vs event_rate : r=-0.188
[paired]   PC2 vs accel_p95  : r=-0.028
[paired]   PC2 vs hard_accel_rate: r=-0.128
[paired]   PC2 vs accel_ev_peak_mean: r=-0.060
[paired]   PC2 vs accel_ev_dur_mean: r=-0.181
[paired]   PC2 vs decel_p95  : r=-0.019
[paired]   PC2 vs hard_brake_rate: r=-0.151
[paired]   PC2 vs brake_peak_mean: r=-0.120
[paired]   PC2 vs brake_dur_mean: r=-0.172
[paired]   PC2 vs accel_mask_frac: r=+0.388
[paired] 9 conditions per episode x 6 episodes (natural-offset forcing)
[paired] ep0   natural: 398 focals
[paired] ep0    PC1|-2: 398 focals
[paired] ep0    PC1|-1: 398 focals
[paired] ep0    PC1|+1: 398 focals
[paired] ep0    PC1|+2: 398 focals
[paired] ep0    PC2|-2: 398 focals
[paired] ep0    PC2|-1: 398 focals
[paired] ep0    PC2|+1: 398 focals
[paired] ep0    PC2|+2: 398 focals
[paired] ep1   natural: 366 focals
[paired] ep1    PC1|-2: 366 focals
[paired] ep1    PC1|-1: 366 focals
[paired] ep1    PC1|+1: 366 focals
[paired] ep1    PC1|+2: 366 focals
[paired] ep1    PC2|-2: 365 focals
[paired] ep1    PC2|-1: 366 focals
[paired] ep1    PC2|+1: 366 focals
[paired] ep1    PC2|+2: 366 focals
[paired] ep2   natural: 359 focals
[paired] ep2    PC1|-2: 359 focals
[paired] ep2    PC1|-1: 359 focals
[paired] ep2    PC1|+1: 359 focals
[paired] ep2    PC1|+2: 359 focals
[paired] ep2    PC2|-2: 359 focals
[paired] ep2    PC2|-1: 359 focals
[paired] ep2    PC2|+1: 359 focals
[paired] ep2    PC2|+2: 359 focals
[paired] ep3   natural: 373 focals
[paired] ep3    PC1|-2: 373 focals
[paired] ep3    PC1|-1: 373 focals
[paired] ep3    PC1|+1: 373 focals
[paired] ep3    PC1|+2: 373 focals
[paired] ep3    PC2|-2: 373 focals
[paired] ep3    PC2|-1: 373 focals
[paired] ep3    PC2|+1: 373 focals
[paired] ep3    PC2|+2: 373 focals
[paired] ep4   natural: 370 focals
[paired] ep4    PC1|-2: 370 focals
[paired] ep4    PC1|-1: 370 focals
[paired] ep4    PC1|+1: 370 focals
[paired] ep4    PC1|+2: 371 focals
[paired] ep4    PC2|-2: 371 focals
[paired] ep4    PC2|-1: 371 focals
[paired] ep4    PC2|+1: 370 focals
[paired] ep4    PC2|+2: 370 focals
[paired] ep5   natural: 378 focals
[paired] ep5    PC1|-2: 378 focals
[paired] ep5    PC1|-1: 378 focals
[paired] ep5    PC1|+1: 378 focals
[paired] ep5    PC1|+2: 378 focals
[paired] ep5    PC2|-2: 378 focals
[paired] ep5    PC2|-1: 378 focals
[paired] ep5    PC2|+1: 379 focals
[paired] ep5    PC2|+2: 379 focals

[paired] === accel mask rate per condition (audit) ===
[paired]         PC1|+1: mean=0.0009  max=0.562  n=2244
[paired]         PC1|+2: mean=0.0009  max=0.539  n=2245
[paired]         PC1|-1: mean=0.0009  max=0.551  n=2244
[paired]         PC1|-2: mean=0.0009  max=0.539  n=2244
[paired]         PC2|+1: mean=0.0009  max=0.506  n=2245
[paired]         PC2|+2: mean=0.0008  max=0.393  n=2245
[paired]         PC2|-1: mean=0.0009  max=0.573  n=2245
[paired]         PC2|-2: mean=0.0009  max=0.596  n=2244
[paired]        natural: mean=0.0009  max=0.539  n=2244
[paired]   spread across conditions: 0.0001

[paired] === HEADLINE: alpha=+2 vs -2, SAME (map, vehicle) ===
[paired]   PC1  speed_mean : diff=-0.862 ± 0.051  t=-32.8  n=2244 pairs
[paired]   PC1  accel_abs  : diff=-0.061 ± 0.011  t=-11.0  n=2244 pairs
[paired]   PC1  accel_pos  : diff=-0.137 ± 0.016  t=-17.0  n=2244 pairs
[paired]   PC1  decel_abs  : diff=+0.077 ± 0.010  t=+15.7  n=2244 pairs
[paired]   PC1  jerk_abs   : diff=+1.701 ± 0.182  t=+18.3  n=2244 pairs
[paired]   PC1  turn_abs   : diff=-0.029 ± 0.005  t=-12.5  n=2244 pairs
[paired]   PC1  event_rate : diff=-0.210 ± 0.061  t=-6.8  n=2244 pairs
[paired]   PC1  decel_p95  : diff=+0.325 ± 0.053  t=+12.1  n=2244 pairs
[paired]   PC1  decel_max  : diff=-0.030 ± 0.056  t=-1.1  n=2244 pairs
[paired]   PC1  accel_p95  : diff=-0.001 ± 0.001  t=-3.2  n=2244 pairs
[paired]   PC1  accel_max  : diff=+0.001 ± 0.001  t=+1.5  n=2244 pairs
[paired]   PC1  hard_brake_rate: diff=+0.010 ± 0.002  t=+11.2  n=2244 pairs
[paired]   PC1  severe_brake_rate: diff=-0.000 ± 0.000  t=-1.0  n=2244 pairs
[paired]   PC1  hard_accel_rate: diff=-0.046 ± 0.004  t=-20.1  n=2244 pairs
[paired]   PC1  jerk_p95   : diff=+2.823 ± 0.554  t=+10.0  n=2244 pairs
[paired]   PC1  jerk_rms   : diff=+1.741 ± 0.225  t=+15.2  n=2244 pairs
[paired]   PC1  jerk_spikiness: diff=-0.030 ± 0.006  t=-10.2  n=2244 pairs
[paired]   PC1  accel_kurt : diff=-0.468 ± 0.087  t=-10.6  n=2244 pairs
[paired]   PC1  n_brake_events: diff=+0.238 ± 0.038  t=+12.3  n=2244 pairs
[paired]   PC1  brake_per_100m: diff=+0.264 ± 0.057  t=+9.0  n=2134 pairs
[paired]   PC1  brake_peak_mean: diff=+0.025 ± 0.080  t=+0.6  n=305 pairs
[paired]   PC1  brake_peak_max: diff=+0.092 ± 0.082  t=+2.2  n=305 pairs
[paired]   PC1  brake_dur_mean: diff=+0.062 ± 0.040  t=+3.1  n=305 pairs
[paired]   PC1  brake_dv_mean: diff=+0.187 ± 0.144  t=+2.5  n=305 pairs
[paired]   PC1  brake_abrupt_mean: diff=+0.021 ± 0.029  t=+1.4  n=305 pairs
[paired]   PC1  n_accel_ev_events: diff=+0.569 ± 0.059  t=+19.1  n=2244 pairs
[paired]   PC1  accel_ev_per_100m: diff=+0.746 ± 0.102  t=+14.4  n=2134 pairs
[paired]   PC1  accel_ev_peak_mean: diff=+0.005 ± 0.008  t=+1.2  n=2242 pairs
[paired]   PC1  accel_ev_peak_max: diff=+0.000 ± 0.001  t=+0.1  n=2242 pairs
[paired]   PC1  accel_ev_dur_mean: diff=-0.201 ± 0.029  t=-13.6  n=2242 pairs
[paired]   PC1  accel_ev_dv_mean: diff=-0.696 ± 0.100  t=-13.7  n=2242 pairs
[paired]   PC1  accel_ev_abrupt_mean: diff=+0.013 ± 0.004  t=+5.7  n=2242 pairs
[paired]   PC1  accel_mask_frac: diff=+0.000 ± 0.000  t=+2.3  n=2244 pairs
[paired]   PC2  speed_mean : diff=+0.385 ± 0.041  t=+18.5  n=2243 pairs
[paired]   PC2  accel_abs  : diff=+0.021 ± 0.009  t=+4.7  n=2243 pairs
[paired]   PC2  accel_pos  : diff=+0.087 ± 0.012  t=+13.9  n=2243 pairs
[paired]   PC2  decel_abs  : diff=-0.065 ± 0.008  t=-16.7  n=2243 pairs
[paired]   PC2  jerk_abs   : diff=-0.323 ± 0.144  t=-4.4  n=2243 pairs
[paired]   PC2  turn_abs   : diff=-0.017 ± 0.004  t=-8.2  n=2243 pairs
[paired]   PC2  event_rate : diff=+0.090 ± 0.049  t=+3.6  n=2243 pairs
[paired]   PC2  decel_p95  : diff=-0.283 ± 0.043  t=-13.0  n=2243 pairs
[paired]   PC2  decel_max  : diff=-0.113 ± 0.049  t=-4.5  n=2243 pairs
[paired]   PC2  accel_p95  : diff=+0.004 ± 0.002  t=+3.5  n=2243 pairs
[paired]   PC2  accel_max  : diff=+0.001 ± 0.002  t=+0.7  n=2243 pairs
[paired]   PC2  hard_brake_rate: diff=-0.010 ± 0.001  t=-12.9  n=2243 pairs
[paired]   PC2  severe_brake_rate: diff=+0.000 ± 0.000  t=+1.0  n=2243 pairs
[paired]   PC2  hard_accel_rate: diff=+0.027 ± 0.003  t=+15.8  n=2243 pairs
[paired]   PC2  jerk_p95   : diff=-0.963 ± 0.466  t=-4.1  n=2243 pairs
[paired]   PC2  jerk_rms   : diff=-0.453 ± 0.177  t=-5.0  n=2243 pairs
[paired]   PC2  jerk_spikiness: diff=-0.009 ± 0.005  t=-3.2  n=2243 pairs
[paired]   PC2  accel_kurt : diff=+0.167 ± 0.074  t=+4.4  n=2243 pairs
[paired]   PC2  n_brake_events: diff=-0.157 ± 0.030  t=-10.1  n=2243 pairs
[paired]   PC2  brake_per_100m: diff=-0.207 ± 0.049  t=-8.2  n=2137 pairs
[paired]   PC2  brake_peak_mean: diff=-0.042 ± 0.071  t=-1.1  n=294 pairs
[paired]   PC2  brake_peak_max: diff=-0.101 ± 0.068  t=-2.9  n=294 pairs
[paired]   PC2  brake_dur_mean: diff=-0.035 ± 0.032  t=-2.2  n=294 pairs
[paired]   PC2  brake_dv_mean: diff=-0.094 ± 0.112  t=-1.6  n=294 pairs
[paired]   PC2  brake_abrupt_mean: diff=-0.029 ± 0.028  t=-2.1  n=294 pairs
[paired]   PC2  n_accel_ev_events: diff=+0.127 ± 0.054  t=+4.6  n=2243 pairs
[paired]   PC2  accel_ev_per_100m: diff=+0.038 ± 0.090  t=+0.8  n=2137 pairs
[paired]   PC2  accel_ev_peak_mean: diff=+0.024 ± 0.008  t=+5.6  n=2242 pairs
[paired]   PC2  accel_ev_peak_max: diff=+0.003 ± 0.003  t=+1.7  n=2242 pairs
[paired]   PC2  accel_ev_dur_mean: diff=+0.003 ± 0.024  t=+0.3  n=2242 pairs
[paired]   PC2  accel_ev_dv_mean: diff=-0.018 ± 0.083  t=-0.4  n=2242 pairs
[paired]   PC2  accel_ev_abrupt_mean: diff=-0.006 ± 0.004  t=-2.9  n=2242 pairs
[paired]   PC2  accel_mask_frac: diff=-0.000 ± 0.000  t=-1.2  n=2243 pairs

[paired] outputs -> /scratch/e452103/analysis/mifutfilm_comply_dim4/paired/role_paired_*.png + *.csv

==================== 3/5 role_scene_consistency [cpu] ====================
[consistency] axes=['PC1', 'PC2']  metrics=['speed_mean', 'accel_abs', 'accel_pos', 'decel_abs', 'jerk_abs', 'turn_abs', 'event_rate', 'decel_p95', 'decel_max', 'accel_p95', 'accel_max', 'hard_brake_rate', 'severe_brake_rate', 'hard_accel_rate', 'jerk_p95', 'jerk_rms', 'jerk_spikiness', 'accel_kurt', 'n_brake_events', 'brake_per_100m', 'brake_peak_mean', 'brake_peak_max', 'brake_dur_mean', 'brake_dv_mean', 'brake_abrupt_mean', 'n_accel_ev_events', 'accel_ev_per_100m', 'accel_ev_peak_mean', 'accel_ev_peak_max', 'accel_ev_dur_mean', 'accel_ev_dv_mean', 'accel_ev_abrupt_mean', 'accel_mask_frac']  rows=20200

=== ALL  PC1  (endpoint +/-PC1 sign-consistency) ===
              metric    n  n_nonzero  pop_mean_delta  paired_t  consistency  monotone_rate  median_abs_delta  z_vs_50
          speed_mean 2244       2244         -0.8618     -32.8        0.794          0.390            0.6113     27.8
           accel_abs 2244       2244         -0.0606     -11.0        0.612          0.170            0.1629     10.6
           accel_pos 2244       2244         -0.1372     -17.0        0.657          0.234            0.2391     14.9
           decel_abs 2244       2229          0.0765      15.7        0.594          0.170            0.0988      8.8
            jerk_abs 2244       2244          1.7014      18.3        0.680          0.185            2.8794     17.1
            turn_abs 2244       2219         -0.0290     -12.5        0.670          0.199            0.0421     16.0
          event_rate 2244        196         -0.2104      -6.8        0.847          0.961            0.0000      9.7
           decel_p95 2244       2139          0.3247      12.1        0.587          0.160            0.6274      8.0
           decel_max 2244       2207         -0.0302      -1.1        0.470          0.092            0.0487     -2.8
           accel_p95 2244       2226         -0.0014      -3.2        0.541          0.078            0.0048      3.9
           accel_max 2244       2153          0.0007       1.5        0.506          0.115            0.0055      0.5
     hard_brake_rate 2244       1458          0.0098      11.2        0.560          0.446            0.0151      4.6
   severe_brake_rate 2244          1         -0.0000      -1.0        1.000          1.000            0.0000      1.0
     hard_accel_rate 2244       2176         -0.0456     -20.1        0.683          0.293            0.0690     17.1
            jerk_p95 2244       2242          2.8234      10.0        0.597          0.112            8.4404      9.2
            jerk_rms 2244       2244          1.7408      15.2        0.654          0.166            3.3590     14.6
      jerk_spikiness 2244       2244         -0.0299     -10.2        0.635          0.133            0.0781     12.8
          accel_kurt 2244       2244         -0.4676     -10.6        0.672          0.172            0.9140     16.3
      n_brake_events 2244        640          0.2384      12.3        0.730          0.843            0.0000     11.6
      brake_per_100m 2134        758          0.2638       9.0        0.673          0.745            0.0000      9.5
     brake_peak_mean  305        305          0.0252       0.6        0.525          0.083            0.0367      0.9
      brake_peak_max  305        305          0.0921       2.2        0.580          0.098            0.0191      2.8
      brake_dur_mean  305        251          0.0617       3.1        0.622          0.362            0.1500      3.9
       brake_dv_mean  305        305          0.1867       2.5        0.587          0.157            0.5346      3.0
   brake_abrupt_mean  305        305          0.0209       1.4        0.521          0.091            0.1419      0.7
   n_accel_ev_events 2244       1561          0.5691      19.1        0.699          0.467            1.0000     15.7
   accel_ev_per_100m 2134       2134          0.7462      14.4        0.616          0.116            1.3171     10.7
  accel_ev_peak_mean 2242       2238          0.0050       1.2        0.463          0.067            0.0136     -3.5
   accel_ev_peak_max 2242       2151          0.0000       0.1        0.495          0.114            0.0055     -0.5
   accel_ev_dur_mean 2242       2117         -0.2006     -13.6        0.667          0.265            0.2577     15.4
    accel_ev_dv_mean 2242       2241         -0.6962     -13.7        0.665          0.183            0.8999     15.6
accel_ev_abrupt_mean 2242       2241          0.0131       5.7        0.534          0.091            0.0627      3.2
     accel_mask_frac 2244          9          0.0000       2.3        0.889          0.998            0.0000      2.3

=== ALL  PC2  (endpoint +/-PC2 sign-consistency) ===
              metric    n  n_nonzero  pop_mean_delta  paired_t  consistency  monotone_rate  median_abs_delta  z_vs_50
          speed_mean 2243       2241          0.3854      18.5        0.609          0.224            0.3401     10.3
           accel_abs 2243       2241          0.0213       4.7        0.536          0.114            0.1291      3.4
           accel_pos 2243       2241          0.0865      13.9        0.604          0.177            0.1725      9.9
           decel_abs 2243       2215         -0.0652     -16.7        0.633          0.177            0.0669     12.6
            jerk_abs 2243       2241         -0.3227      -4.4        0.515          0.094            2.0722      1.4
            turn_abs 2243       2216         -0.0167      -8.2        0.569          0.133            0.0351      6.5
          event_rate 2243        118          0.0898       3.6        0.695          0.958            0.0000      4.2
           decel_p95 2243       2063         -0.2831     -13.0        0.602          0.188            0.1970      9.2
           decel_max 2243       2194         -0.1128      -4.5        0.554          0.120            0.0300      5.1
           accel_p95 2243       2216          0.0037       3.5        0.531          0.092            0.0048      2.9
           accel_max 2243       2110          0.0005       0.7        0.509          0.148            0.0049      0.9
     hard_brake_rate 2243       1205         -0.0096     -12.9        0.667          0.576            0.0006     11.6
   severe_brake_rate 2243          1          0.0000       1.0        1.000          1.000            0.0000      1.0
     hard_accel_rate 2243       2102          0.0274      15.8        0.634          0.250            0.0473     12.3
            jerk_p95 2243       2238         -0.9632      -4.1        0.515          0.090            5.2261      1.4
            jerk_rms 2243       2241         -0.4526      -5.0        0.528          0.107            2.3806      2.6
      jerk_spikiness 2243       2241         -0.0087      -3.2        0.520          0.095            0.0614      1.9
          accel_kurt 2243       2241          0.1667       4.4        0.569          0.124            0.6882      6.6
      n_brake_events 2243        480         -0.1569     -10.1        0.744          0.864            0.0000     10.7
      brake_per_100m 2137        638         -0.2071      -8.2        0.679          0.767            0.0000      9.0
     brake_peak_mean  294        293         -0.0417      -1.1        0.474          0.085            0.0243     -0.9
      brake_peak_max  294        292         -0.1006      -2.9        0.541          0.089            0.0140      1.4
      brake_dur_mean  294        215         -0.0348      -2.2        0.591          0.340            0.1000      2.7
       brake_dv_mean  294        293         -0.0935      -1.6        0.539          0.134            0.3984      1.3
   brake_abrupt_mean  294        293         -0.0294      -2.1        0.529          0.073            0.1360      1.0
   n_accel_ev_events 2243       1372          0.1271       4.6        0.561          0.440            1.0000      4.5
   accel_ev_per_100m 2137       2135          0.0376       0.8        0.528          0.090            1.1152      2.6
  accel_ev_peak_mean 2242       2230          0.0241       5.6        0.542          0.095            0.0124      3.9
   accel_ev_peak_max 2242       2107          0.0027       1.7        0.523          0.156            0.0051      2.1
   accel_ev_dur_mean 2242       1997          0.0031       0.3        0.534          0.236            0.1550      3.0
    accel_ev_dv_mean 2242       2239         -0.0175      -0.4        0.482          0.106            0.5351     -1.7
accel_ev_abrupt_mean 2242       2239         -0.0060      -2.9        0.515          0.101            0.0546      1.5
     accel_mask_frac 2243          7         -0.0001      -1.2        0.714          0.999            0.0000      1.1

=== C0:mid-speed  PC1  (endpoint +/-PC1 sign-consistency) ===
              metric   n  n_nonzero  pop_mean_delta  paired_t  consistency  monotone_rate  median_abs_delta  z_vs_50
          speed_mean 524        524         -1.5994     -28.6        0.943          0.641            1.3925     20.3
           accel_abs 524        524         -0.1286     -14.6        0.758          0.256            0.1673     11.8
           accel_pos 524        524         -0.2851     -24.4        0.866          0.433            0.2832     16.8
           decel_abs 524        523          0.1565      16.2        0.820          0.281            0.1428     14.6
            jerk_abs 524        524          3.0755      20.7        0.832          0.277            3.3561     15.2
            turn_abs 524        501         -0.0194      -4.4        0.627          0.254            0.0352      5.7
          event_rate 524         32         -0.1287      -3.4        0.875          0.971            0.0000      4.2
           decel_p95 524        522          0.6917      15.1        0.749          0.179            0.7890     11.4
           decel_max 524        508          0.1988       5.8        0.624          0.109            0.0238      5.6
           accel_p95 524        508         -0.0035      -3.4        0.594          0.124            0.0040      4.3
           accel_max 524        475         -0.0012      -1.8        0.541          0.162            0.0020      1.8
     hard_brake_rate 524        445          0.0166       8.4        0.654          0.302            0.0176      6.5
   severe_brake_rate 524          0          0.0000       NaN          NaN            NaN            0.0000      NaN
     hard_accel_rate 524        510         -0.0914     -27.3        0.904          0.544            0.0936     18.2
            jerk_p95 524        522          5.7716      12.5        0.709          0.160            9.2433      9.5
            jerk_rms 524        524          3.3123      19.2        0.807          0.254            3.6702     14.1
      jerk_spikiness 524        524         -0.0384     -11.9        0.712          0.189            0.0485      9.7
          accel_kurt 524        524         -0.6461     -18.9        0.819          0.292            0.6237     14.6
      n_brake_events 524        236          0.4275       9.5        0.797          0.769            0.0000      9.1
      brake_per_100m 524        293          0.2712       9.1        0.724          0.628            0.0043      7.7
     brake_peak_mean 132        132          0.0028       0.0        0.477          0.075            0.0445     -0.5
      brake_peak_max 132        132          0.0648       0.9        0.561          0.085            0.0230      1.4
      brake_dur_mean 132        105          0.0203       0.6        0.562          0.368            0.1100      1.3
       brake_dv_mean 132        132         -0.0028      -0.0        0.462          0.075            0.4505     -0.9
   brake_abrupt_mean 132        132          0.0506       2.1        0.576          0.113            0.1439      1.7
   n_accel_ev_events 524        387          0.5401       7.8        0.659          0.363            1.0000      6.3
   accel_ev_per_100m 524        524          0.3479       6.9        0.597          0.132            0.7589      4.5
  accel_ev_peak_mean 524        520          0.0128       1.3        0.433          0.065            0.0244     -3.1
   accel_ev_peak_max 524        476         -0.0022      -3.1        0.559          0.170            0.0022      2.6
   accel_ev_dur_mean 524        510         -0.1923     -13.6        0.778          0.303            0.1667     12.6
    accel_ev_dv_mean 524        523         -0.6366     -14.3        0.778          0.252            0.5925     12.7
accel_ev_abrupt_mean 524        523          0.0200       4.6        0.585          0.097            0.0666      3.9
     accel_mask_frac 524          0          0.0000       NaN          NaN            NaN            0.0000      NaN

=== C0:mid-speed  PC2  (endpoint +/-PC2 sign-consistency) ===
              metric   n  n_nonzero  pop_mean_delta  paired_t  consistency  monotone_rate  median_abs_delta  z_vs_50
          speed_mean 524        524          0.9009      16.4        0.788          0.345            0.7241     13.2
           accel_abs 524        524          0.0825      10.5        0.672          0.160            0.1244      7.9
           accel_pos 524        524          0.2275      21.4        0.851          0.292            0.2151     16.1
           decel_abs 524        524         -0.1450     -16.7        0.828          0.269            0.1309     15.0
            jerk_abs 524        524         -1.2310      -8.9        0.639          0.134            1.9695      6.4
            turn_abs 524        503         -0.0052      -1.6        0.519          0.137            0.0357      0.8
          event_rate 524         16          0.0500       2.0        0.750          0.973            0.0000      2.0
           decel_p95 524        522         -0.6590     -15.0        0.734          0.183            0.5823     10.7
           decel_max 524        513         -0.3311      -9.2        0.639          0.132            0.0241      6.3
           accel_p95 524        507          0.0081       2.9        0.611          0.130            0.0048      5.0
           accel_max 524        480          0.0003       0.5        0.548          0.204            0.0019      2.1
     hard_brake_rate 524        417         -0.0193     -11.0        0.755          0.429            0.0169     10.4
   severe_brake_rate 524          0          0.0000       NaN          NaN            NaN            0.0000      NaN
     hard_accel_rate 524        499          0.0610      20.5        0.840          0.342            0.0614     15.2
            jerk_p95 524        521         -2.6279      -6.3        0.570          0.126            3.9603      3.2
            jerk_rms 524        524         -1.3510      -8.6        0.656          0.137            2.1489      7.2
      jerk_spikiness 524        524          0.0115       3.9        0.555          0.111            0.0416      2.5
          accel_kurt 524        524          0.2671       8.7        0.670          0.170            0.4015      7.8
      n_brake_events 524        207         -0.3740      -9.2        0.812          0.760            0.0000      9.0
      brake_per_100m 524        274         -0.2399      -9.3        0.752          0.618            0.0010      8.3
     brake_peak_mean 119        118         -0.0465      -0.9        0.458          0.074            0.0301     -0.9
      brake_peak_max 119        118         -0.0889      -1.6        0.508          0.074            0.0124      0.2
      brake_dur_mean 119         82         -0.0175      -0.6        0.561          0.316            0.1000      1.1
       brake_dv_mean 119        118          0.0145       0.1        0.534          0.116            0.2897      0.7
   brake_abrupt_mean 119        118         -0.0681      -3.1        0.585          0.095            0.1338      1.8
   n_accel_ev_events 524        358          0.4885       7.2        0.682          0.385            1.0000      6.9
   accel_ev_per_100m 524        524          0.2618       5.2        0.632          0.105            0.6742      6.0
  accel_ev_peak_mean 524        523          0.0508       4.9        0.612          0.122            0.0304      5.1
   accel_ev_peak_max 524        479          0.0040       0.9        0.576          0.214            0.0026      3.3
   accel_ev_dur_mean 524        502          0.0259       2.2        0.582          0.189            0.0942      3.7
    accel_ev_dv_mean 524        524          0.1036       2.7        0.605          0.134            0.3092      4.8
accel_ev_abrupt_mean 524        524         -0.0134      -3.3        0.580          0.137            0.0521      3.7
     accel_mask_frac 524          0          0.0000       NaN          NaN            NaN            0.0000      NaN

=== C1:fast  PC1  (endpoint +/-PC1 sign-consistency) ===
              metric  n  n_nonzero  pop_mean_delta  paired_t  consistency  monotone_rate  median_abs_delta  z_vs_50
          speed_mean 38         38         -0.0328      -0.3        0.368          0.105            0.2643     -1.6
           accel_abs 38         38          0.2856       4.7        0.868          0.395            0.3051      4.5
           accel_pos 38         38          0.3450       3.9        0.816          0.500            0.5627      3.9
           decel_abs 38         36         -0.0593      -1.2        0.778          0.474            0.1679      3.3
            jerk_abs 38         38         -5.1314      -4.2        0.789          0.447            6.6726      3.6
            turn_abs 38         38         -0.0479      -3.0        0.684          0.237            0.0374      2.3
          event_rate 38          2         -0.3706      -1.4        1.000          0.974            0.0000      1.4
           decel_p95 38         36         -0.4652      -2.0        0.778          0.605            0.7231      3.3
           decel_max 38         36         -1.3299      -4.5        0.806          0.421            1.3503      3.7
           accel_p95 38         38          0.0004       0.1        0.474          0.053            0.0061     -0.3
           accel_max 38         37          0.0064       0.8        0.405          0.132            0.0087     -1.2
     hard_brake_rate 38         17          0.0030       0.3        0.353          0.605            0.0000     -1.2
   severe_brake_rate 38          1         -0.0006      -1.0        1.000          0.974            0.0000      1.0
     hard_accel_rate 38         36          0.1040       4.5        0.806          0.526            0.1506      3.7
            jerk_p95 38         38        -13.0173      -3.9        0.737          0.237           13.6178      2.9
            jerk_rms 38         38         -6.5847      -4.2        0.763          0.342            8.2447      3.2
      jerk_spikiness 38         38          0.0949       2.4        0.658          0.237            0.1496      1.9
          accel_kurt 38         38          1.0839       2.3        0.632          0.132            1.6395      1.6
      n_brake_events 38          5          0.0263       0.4        0.600          0.868            0.0000      0.4
      brake_per_100m  8          0          0.0000       NaN          NaN            NaN            0.0000      NaN
   n_accel_ev_events 38         18         -0.2105      -1.7        0.722          0.658            0.0000      1.9
   accel_ev_per_100m  8          8         -3.7616      -2.2        0.875          0.250            2.1481      2.1
  accel_ev_peak_mean 38         38          0.0531       1.8        0.579          0.189            0.0076      1.0
   accel_ev_peak_max 38         37          0.0063       0.8        0.378          0.135            0.0103     -1.5
   accel_ev_dur_mean 38         33          0.2536       3.8        0.848          0.514            0.2069      4.0
    accel_ev_dv_mean 38         38          0.9719       4.1        0.816          0.378            1.0804      3.9
accel_ev_abrupt_mean 38         38         -0.0311      -1.2        0.684          0.324            0.0551      2.3
     accel_mask_frac 38          5          0.0021       2.2        1.000          0.921            0.0000      2.2

=== C1:fast  PC2  (endpoint +/-PC2 sign-consistency) ===
              metric  n  n_nonzero  pop_mean_delta  paired_t  consistency  monotone_rate  median_abs_delta  z_vs_50
          speed_mean 38         38          0.2478       2.0        0.526          0.158            0.1715      0.3
           accel_abs 38         38         -0.0592      -1.2        0.579          0.105            0.1753      1.0
           accel_pos 38         38          0.0017       0.0        0.421          0.105            0.2207     -1.0
           decel_abs 38         34         -0.0609      -1.2        0.412          0.105            0.0688     -1.0
            jerk_abs 38         38          2.3478       2.7        0.789          0.263            4.3215      3.6
            turn_abs 38         38         -0.0287      -1.4        0.632          0.289            0.0500      1.6
          event_rate 38          2          0.5987       1.4        1.000          1.000            0.0000      1.4
           decel_p95 38         33         -0.0393      -0.2        0.394          0.158            0.1277     -1.2
           decel_max 38         34          0.4782       1.9        0.618          0.211            0.0634      1.4
           accel_p95 38         38         -0.0053      -1.2        0.421          0.158            0.0061     -1.0
           accel_max 38         35         -0.0112      -1.4        0.543          0.289            0.0081      0.5
     hard_brake_rate 38         11         -0.0139      -1.7        0.545          0.763            0.0000      0.3
   severe_brake_rate 38          1          0.0005       1.0        1.000          0.974            0.0000      1.0
     hard_accel_rate 38         30          0.0022       0.1        0.367          0.289            0.0718     -1.5
            jerk_p95 38         38          5.6293       2.3        0.684          0.211            6.8478      2.3
            jerk_rms 38         38          2.9516       2.7        0.763          0.263            4.1003      3.2
      jerk_spikiness 38         38         -0.0449      -1.0        0.711          0.184            0.1023      2.6
          accel_kurt 38         38          0.3979       1.3        0.553          0.105            1.3377      0.6
      n_brake_events 38          3         -0.1842      -1.6        1.000          1.000            0.0000      1.7
      brake_per_100m  8          0          0.0000       NaN          NaN            NaN            0.0000      NaN
   n_accel_ev_events 38         17          0.0000       0.0        0.000            NaN            0.0000     -4.1
   accel_ev_per_100m  8          8          2.8338       1.8        0.750          0.125            4.1394      1.4
  accel_ev_peak_mean 38         37          0.0395       1.0        0.514          0.158            0.0075      0.2
   accel_ev_peak_max 38         35          0.0258       0.7        0.457          0.289            0.0082     -0.5
   accel_ev_dur_mean 38         30         -0.0309      -0.6        0.600          0.421            0.1000      1.1
    accel_ev_dv_mean 38         38         -0.1398      -0.7        0.605          0.158            0.3340      1.3
accel_ev_abrupt_mean 38         38          0.0166       1.1        0.605          0.105            0.0456      1.3
     accel_mask_frac 38          5         -0.0065      -1.2        0.800          0.974            0.0000      1.3

=== C2:stop&go  PC1  (endpoint +/-PC1 sign-consistency) ===
              metric   n  n_nonzero  pop_mean_delta  paired_t  consistency  monotone_rate  median_abs_delta  z_vs_50
          speed_mean 959        959         -0.6117     -21.1        0.780          0.322            0.4233     17.3
           accel_abs 959        959         -0.0260      -3.2        0.551          0.142            0.1533      3.1
           accel_pos 959        959         -0.0581      -5.1        0.571          0.172            0.2104      4.4
           decel_abs 959        951          0.0321       5.0        0.502          0.124            0.0787      0.1
            jerk_abs 959        959          1.0554       7.6        0.608          0.158            2.5412      6.7
            turn_abs 959        958         -0.0304     -10.3        0.733          0.200            0.0426     14.4
          event_rate 959         60         -0.1351      -2.8        0.750          0.967            0.0000      3.9
           decel_p95 959        901          0.1175       2.8        0.501          0.147            0.5893      0.0
           decel_max 959        947         -0.2133      -4.6        0.521          0.109            0.0537      1.3
           accel_p95 959        958         -0.0003      -0.5        0.520          0.059            0.0043      1.2
           accel_max 959        933          0.0010       1.4        0.517          0.096            0.0057      1.0
     hard_brake_rate 959        541          0.0055       4.8        0.494          0.505            0.0018     -0.3
   severe_brake_rate 959          0          0.0000       NaN          NaN            NaN            0.0000      NaN
     hard_accel_rate 959        919         -0.0226      -7.2        0.598          0.220            0.0588      6.0
            jerk_p95 959        959          1.3208       3.1        0.540          0.096            7.6673      2.5
            jerk_rms 959        959          0.9633       5.5        0.589          0.141            3.1176      5.5
      jerk_spikiness 959        959         -0.0242      -4.8        0.593          0.117            0.0950      5.8
          accel_kurt 959        959         -0.3573      -4.7        0.626          0.135            1.0866      7.8
      n_brake_events 959        194          0.1168       5.2        0.675          0.898            0.0000      4.9
      brake_per_100m 921        233          0.1882       5.1        0.652          0.817            0.0000      4.7
     brake_peak_mean  78         78          0.0874       1.1        0.551          0.086            0.0219      0.9
      brake_peak_max  78         78          0.1298       1.8        0.564          0.100            0.0120      1.1
      brake_dur_mean  78         65          0.1325       4.3        0.708          0.429            0.2000      3.3
       brake_dv_mean  78         78          0.4789       4.2        0.679          0.214            0.5900      3.2
   brake_abrupt_mean  78         78          0.0051       0.2        0.449          0.114            0.1425     -0.9
   n_accel_ev_events 959        649          0.6017      14.1        0.733          0.538            1.0000     11.9
   accel_ev_per_100m 921        921          1.0104      11.9        0.643          0.117            1.6358      8.7
  accel_ev_peak_mean 958        958          0.0037       0.6        0.463          0.065            0.0097     -2.3
   accel_ev_peak_max 958        934          0.0006       0.8        0.514          0.099            0.0056      0.9
   accel_ev_dur_mean 958        885         -0.2344      -9.0        0.658          0.287            0.2917      9.4
    accel_ev_dv_mean 958        958         -0.8073      -8.9        0.644          0.166            1.0110      8.9
accel_ev_abrupt_mean 958        958          0.0077       2.3        0.511          0.092            0.0611      0.7
     accel_mask_frac 959          2          0.0000       1.4        1.000          1.000            0.0000      1.4

=== C2:stop&go  PC2  (endpoint +/-PC2 sign-consistency) ===
              metric   n  n_nonzero  pop_mean_delta  paired_t  consistency  monotone_rate  median_abs_delta  z_vs_50
          speed_mean 959        958          0.1481       7.1        0.510          0.175            0.2557      0.6
           accel_abs 959        958         -0.0245      -3.7        0.561          0.168            0.1289      3.7
           accel_pos 959        958          0.0001       0.0        0.469          0.113            0.1577     -1.9
           decel_abs 959        942         -0.0245      -5.2        0.544          0.135            0.0534      2.7
            jerk_abs 959        958          0.2073       1.9        0.550          0.125            2.0497      3.1
            turn_abs 959        955         -0.0188      -7.5        0.577          0.128            0.0345      4.8
          event_rate 959         48          0.0959       2.3        0.688          0.957            0.0000      2.6
           decel_p95 959        865         -0.1280      -4.0        0.526          0.176            0.1295      1.5
           decel_max 959        936          0.0171       0.4        0.505          0.102            0.0310      0.3
           accel_p95 959        952          0.0001       0.1        0.487          0.079            0.0041     -0.8
           accel_max 959        915         -0.0003      -0.4        0.494          0.137            0.0053     -0.4
     hard_brake_rate 959        410         -0.0042      -4.5        0.588          0.641            0.0000      3.6
   severe_brake_rate 959          0          0.0000       NaN          NaN            NaN            0.0000      NaN
     hard_accel_rate 959        892          0.0049       2.1        0.512          0.205            0.0417      0.7
            jerk_p95 959        958         -0.1961      -0.6        0.478          0.089            5.0601     -1.4
            jerk_rms 959        958          0.0766       0.6        0.533          0.098            2.4151      2.1
      jerk_spikiness 959        958         -0.0261      -5.9        0.563          0.112            0.0719      3.9
          accel_kurt 959        958         -0.0002      -0.0        0.503          0.101            0.8346      0.2
      n_brake_events 959        121         -0.0688      -4.7        0.727          0.928            0.0000      5.0
      brake_per_100m 924        176         -0.1443      -4.8        0.631          0.849            0.0000      3.5
     brake_peak_mean  87         87         -0.0362      -0.5        0.460          0.095            0.0191     -0.8
      brake_peak_max  87         87         -0.0906      -1.4        0.529          0.095            0.0125      0.5
      brake_dur_mean  87         64          0.0064       0.2        0.484          0.284            0.1000     -0.2
       brake_dv_mean  87         87          0.0219       0.2        0.483          0.081            0.4028     -0.3
   brake_abrupt_mean  87         87         -0.0022      -0.1        0.506          0.081            0.1316      0.1
   n_accel_ev_events 959        543          0.0438       1.2        0.529          0.487            1.0000      1.3
   accel_ev_per_100m 924        923          0.0437       0.6        0.522          0.100            1.3390      1.3
  accel_ev_peak_mean 959        950          0.0102       1.8        0.513          0.089            0.0093      0.8
   accel_ev_peak_max 959        913          0.0011       0.7        0.516          0.131            0.0052      1.0
   accel_ev_dur_mean 959        818         -0.0584      -2.6        0.511          0.295            0.2000      0.6
    accel_ev_dv_mean 959        957         -0.2620      -3.4        0.548          0.145            0.6660      2.9
accel_ev_abrupt_mean 959        957          0.0040       1.3        0.549          0.103            0.0519      3.0
     accel_mask_frac 959          0          0.0000       NaN          NaN            NaN            0.0000      NaN

=== C3:turning  PC1  (endpoint +/-PC1 sign-consistency) ===
              metric   n  n_nonzero  pop_mean_delta  paired_t  consistency  monotone_rate  median_abs_delta  z_vs_50
          speed_mean 384        384         -0.5211      -6.5        0.638          0.208            0.5617      5.4
           accel_abs 384        384         -0.0953      -6.1        0.599          0.130            0.1705      3.9
           accel_pos 384        384         -0.1804      -7.2        0.604          0.141            0.2441      4.1
           decel_abs 384        382          0.0851       5.7        0.518          0.122            0.1134      0.7
            jerk_abs 384        384          1.8573       7.4        0.643          0.159            2.9067      5.6
            turn_abs 384        384         -0.0394      -4.8        0.576          0.161            0.0576      3.0
          event_rate 384         78         -0.5488      -5.1        0.885          0.927            0.0000      6.8
           decel_p95 384        355          0.4201       5.7        0.566          0.174            0.7326      2.5
           decel_max 384        382          0.1137       1.3        0.537          0.112            1.2541      1.4
           accel_p95 384        384         -0.0020      -1.7        0.552          0.047            0.0069      2.0
           accel_max 384        376          0.0025       1.7        0.519          0.083            0.0101      0.7
     hard_brake_rate 384        250          0.0094       3.7        0.524          0.474            0.0196      0.8
   severe_brake_rate 384          0          0.0000       NaN          NaN            NaN            0.0000      NaN
     hard_accel_rate 384        377         -0.0568      -8.2        0.621          0.161            0.0678      4.7
            jerk_p95 384        384          3.1518       4.1        0.576          0.107            9.2974      3.0
            jerk_rms 384        384          1.8982       6.1        0.594          0.125            3.4029      3.7
      jerk_spikiness 384        384         -0.0492      -6.2        0.630          0.083            0.0962      5.1
          accel_kurt 384        384         -0.7524      -5.8        0.617          0.117            1.1091      4.6
      n_brake_events 384        119          0.3359       5.4        0.714          0.815            0.0000      4.7
      brake_per_100m 355        127          0.4967       4.0        0.654          0.718            0.0000      3.5
     brake_peak_mean  54         54          0.0513       0.6        0.574          0.104            0.0315      1.1
      brake_peak_max  54         54          0.1127       1.2        0.593          0.125            0.0258      1.4
      brake_dur_mean  54         45          0.0419       0.8        0.667          0.271            0.1500      2.2
       brake_dv_mean  54         54          0.0524       0.3        0.556          0.104            0.5322      0.8
   brake_abrupt_mean  54         54          0.0506       1.7        0.611          0.042            0.0964      1.6
   n_accel_ev_events 384        275          0.6458       8.3        0.713          0.424            1.0000      7.1
   accel_ev_per_100m 355        355          0.8882       5.3        0.586          0.068            1.8882      3.2
  accel_ev_peak_mean 384        384          0.0122       1.1        0.490          0.060            0.0175     -0.4
   accel_ev_peak_max 384        375          0.0020       1.3        0.504          0.086            0.0099      0.2
   accel_ev_dur_mean 384        370         -0.2030      -4.7        0.603          0.159            0.3375      4.0
    accel_ev_dv_mean 384        384         -0.7632      -5.1        0.617          0.122            1.1958      4.6
accel_ev_abrupt_mean 384        384          0.0224       3.4        0.547          0.076            0.0693      1.8
     accel_mask_frac 384          2          0.0000       0.0        0.000            NaN            0.0000     -1.4

=== C3:turning  PC2  (endpoint +/-PC2 sign-consistency) ===
              metric   n  n_nonzero  pop_mean_delta  paired_t  consistency  monotone_rate  median_abs_delta  z_vs_50
          speed_mean 384        384          0.3758       6.9        0.641          0.211            0.3073      5.5
           accel_abs 384        384          0.0691       5.6        0.615          0.133            0.1336      4.5
           accel_pos 384        384          0.1461       8.4        0.656          0.203            0.1746      6.1
           decel_abs 384        380         -0.0771      -7.4        0.655          0.188            0.0730      6.1
            jerk_abs 384        384         -0.7226      -3.7        0.568          0.081            2.3808      2.7
            turn_abs 384        384         -0.0193      -3.6        0.635          0.143            0.0379      5.3
          event_rate 384         34          0.1406       2.1        0.735          0.943            0.0000      2.7
           decel_p95 384        336         -0.3272      -5.7        0.661          0.266            0.0849      5.9
           decel_max 384        378         -0.1871      -2.7        0.566          0.138            0.0504      2.6
           accel_p95 384        384          0.0082       2.0        0.523          0.070            0.0058      0.9
           accel_max 384        366          0.0050       1.3        0.484          0.102            0.0083     -0.6
     hard_brake_rate 384        195         -0.0111      -5.8        0.662          0.583            0.0005      4.5
   severe_brake_rate 384          0          0.0000       NaN          NaN            NaN            0.0000      NaN
     hard_accel_rate 384        371          0.0472       9.7        0.701          0.245            0.0513      7.7
            jerk_p95 384        384         -1.6781      -2.4        0.576          0.065            7.4835      3.0
            jerk_rms 384        384         -0.8660      -3.5        0.557          0.099            2.7890      2.2
      jerk_spikiness 384        384          0.0146       1.9        0.521          0.083            0.0792      0.8
          accel_kurt 384        384          0.5489       5.0        0.643          0.135            0.9584      5.6
      n_brake_events 384         78         -0.1589      -3.5        0.744          0.849            0.0000      4.3
      brake_per_100m 357        105         -0.4083      -3.8        0.695          0.764            0.0000      4.0
     brake_peak_mean  56         56         -0.0667      -0.8        0.500          0.083            0.0270      0.0
      brake_peak_max  56         55         -0.1744      -2.5        0.582          0.125            0.0196      1.2
      brake_dur_mean  56         42         -0.1019      -3.9        0.762          0.375            0.1000      3.4
       brake_dv_mean  56         56         -0.3620      -3.9        0.661          0.229            0.3797      2.4
   brake_abrupt_mean  56         56         -0.0080      -0.3        0.446          0.021            0.1452     -0.8
   n_accel_ev_events 384        253         -0.0625      -0.9        0.514          0.406            1.0000      0.4
   accel_ev_per_100m 357        357         -0.3643      -2.5        0.594          0.090            1.7332      3.5
  accel_ev_peak_mean 383        383          0.0231       2.1        0.512          0.076            0.0134      0.5
   accel_ev_peak_max 383        366          0.0053       1.4        0.489          0.110            0.0082     -0.4
   accel_ev_dur_mean 383        347          0.1072       3.3        0.576          0.238            0.2667      2.8
    accel_ev_dv_mean 383        383          0.3709       3.3        0.580          0.099            0.8839      3.1
accel_ev_abrupt_mean 383        383         -0.0197      -3.7        0.582          0.097            0.0611      3.2
     accel_mask_frac 384          2          0.0000       0.0        0.000            NaN            0.0000     -1.4

[consistency] wrote /scratch/e452103/analysis/mifutfilm_comply_dim4/paired/role_scene_consistency.csv

Read: consistency ~0.5 = per-scene coin-flip (average-only); ->1.0 = the dial works in nearly every scene. Trust the consistency column only for metrics whose paired_t is large (a real monotone effect); for V-shaped metrics read pop_mean/paired_t instead.

==================== 4/5 role_space_map [cpu] ====================
[map] 6805 agents, role_dim=4 (PCA from role vectors)
[map] PC1 65%  PC2 19%  -> /scratch/e452103/analysis/mifutfilm_comply_dim4/paired/role_space_map.png

==================== 5/5 role_feature_corr [cpu] ====================
role dims: ['role_0', 'role_1', 'role_2', 'role_3']
raw features found: ['speed_mean', 'accel_abs', 'jerk_abs', 'turn_abs', 'event_rate']
saved /scratch/e452103/analysis/mifutfilm_comply_dim4/paired/role_role_corr.png
max |off-diagonal r| = 0.681  -- redundant dims
saved /scratch/e452103/analysis/mifutfilm_comply_dim4/paired/role_feature_corr.png

[role_an] stats archive: /scratch/e452103/analysis/mifutfilm_comply_dim4_paired.tgz (8.1M)
[role_an] DONE -> /scratch/e452103/analysis/mifutfilm_comply_dim4  (see README.txt for the file guide)
[role_an] the chained render job adds renders/role_grid/ and zips the folder
