[icc] ckpt=/scratch/e452103/checkpoints/roma_mifutagent_dim1_H8_r16p64_ft_collstop_nodiv/roma_dim1_step4000579584.pt out=/scratch/e452103/role_icc/collstop_4B_rep1 (CPU / compute partition)
[icc] branch=mi-future-agentcentric-film commit=0e4a1be
[icc] role_dim=1 checkpoint=/scratch/e452103/checkpoints/roma_mifutagent_dim1_H8_r16p64_ft_collstop_nodiv/roma_dim1_step4000579584.pt
[icc] episode 1/3: 2253 vehicles
[icc] episode 2/3: 2321 vehicles
[icc] episode 3/3: 2312 vehicles
[icc] 6886 rows -> 6448 unique (scenario, vehicle) after collapsing 438 repeats
[icc] 1033 scenes with >=2 vehicles (94 single-vehicle scenes dropped), 6354 vehicles, mean 6.2 per scene
[icc] role PCA explained var: ['100%']

==================================================================
  SCENE ICC  (1.0 = role is the map, 0.0 = role is the driver)
==================================================================

  role dims
    role_0           ICC = +0.182   (between 0.9834 / within 4.416)

  role PCs
    pc1              ICC = +0.182   (between 0.9834 / within 4.416)

  ROLE OVERALL
    role_ALL_DIMS    ICC = +0.182   (between 0.9834 / within 4.416)

  behaviour (control)
    speed_mean       ICC = +0.589   (between 27.15 / within 18.95)
    accel_abs        ICC = +0.033   (between 0.00206 / within 0.06091)
    accel_pos        ICC = +0.140   (between 0.02526 / within 0.1555)
    decel_abs        ICC = +0.128   (between 0.01716 / within 0.1168)
    jerk_abs         ICC = +0.034   (between 0.6391 / within 18.28)
    turn_abs         ICC = +0.234   (between 0.006567 / within 0.02148)
    event_rate       ICC = +0.046   (between 0.2092 / within 4.331)
    decel_p95        ICC = +0.078   (between 0.06091 / within 0.7185)
    decel_max        ICC = +0.042   (between 0.0141 / within 0.322)
    accel_p95        ICC = -0.021   (between 0 / within 0.05492)
    accel_max        ICC = -0.052   (between 0 / within 0.05251)
    hard_brake_rate  ICC = +0.078   (between 0.0003858 / within 0.004577)
    severe_brake_rate ICC = +0.221   (between 3.609e-07 / within 1.275e-06)
    hard_accel_rate  ICC = +0.127   (between 0.001834 / within 0.01258)
    jerk_p95         ICC = +0.009   (between 0.7546 / within 87.14)
    jerk_rms         ICC = +0.024   (between 0.5153 / within 20.92)
    jerk_spikiness   ICC = +0.028   (between 0.0001398 / within 0.004821)
    accel_kurt       ICC = +0.083   (between 0.03036 / within 0.3373)
    n_brake_events   ICC = +0.109   (between 0.2317 / within 1.89)
    brake_per_100m   ICC = +0.141   (between 1.772 / within 10.77)
    brake_peak_mean  ICC = +0.012   (between 0.004715 / within 0.3899)
    brake_peak_max   ICC = +0.030   (between 0.01097 / within 0.3598)
    brake_dur_mean   ICC = +0.043   (between 0.001084 / within 0.02412)
    brake_dv_mean    ICC = +0.052   (between 0.01686 / within 0.3082)
    brake_abrupt_mean ICC = +0.020   (between 0.0008135 / within 0.03995)
    n_accel_ev_events ICC = +0.075   (between 0.3522 / within 4.373)
    accel_ev_per_100m ICC = +0.359   (between 14 / within 24.96)
    accel_ev_peak_mean ICC = +0.003   (between 0.0002382 / within 0.09339)
    accel_ev_peak_max ICC = -0.007   (between 0 / within 0.05204)
    accel_ev_dur_mean ICC = +0.047   (between 0.001244 / within 0.0252)
    accel_ev_dv_mean ICC = +0.056   (between 0.01535 / within 0.2574)
    accel_ev_abrupt_mean ICC = +0.006   (between 9.331e-05 / within 0.01578)
    accel_mask_frac  ICC = +0.137   (between 8.005e-05 / within 0.0005036)

------------------------------------------------------------------
  role overall ICC      : +0.182
  behaviour median ICC  : +0.047   <- the honest reference
  VERDICT: the role is MORE scene-determined than the behaviour it
           explains. Map-based-role diagnosis confirmed.
------------------------------------------------------------------

[icc] wrote role_scene_icc.csv / .png / _agents.csv -> /scratch/e452103/role_icc/collstop_4B_rep1
[icc] done -> /scratch/e452103/role_icc/collstop_4B_rep1
