[icc] ckpt=/scratch/e452103/checkpoints/roma_mifutagent_dim4_H8_r16p64_ep_film/roma_dim4_final.pt out=/scratch/e452103/role_icc/mifutfilm_dim4_rep3 (CPU / compute partition)
[icc] branch=mi-future-agentcentric-film commit=2994ddb
[icc] role_dim=4 checkpoint=/scratch/e452103/checkpoints/roma_mifutagent_dim4_H8_r16p64_ep_film/roma_dim4_final.pt
[icc] episode 1/3: 2177 vehicles
[icc] episode 2/3: 2322 vehicles
[icc] episode 3/3: 2234 vehicles
[icc] 6733 rows -> 6350 unique (scenario, vehicle) after collapsing 383 repeats
[icc] 1057 scenes with >=2 vehicles (127 single-vehicle scenes dropped), 6223 vehicles, mean 5.9 per scene
[icc] role PCA explained var: ['89%', '9%']

==================================================================
  SCENE ICC  (1.0 = role is the map, 0.0 = role is the driver)
==================================================================

  role dims
    role_0           ICC = +0.165   (between 0.05149 / within 0.261)
    role_1           ICC = +0.492   (between 1.738 / within 1.795)
    role_2           ICC = +0.562   (between 0.8733 / within 0.6805)
    role_3           ICC = +0.351   (between 0.143 / within 0.2646)

  role PCs
    pc1              ICC = +0.516   (between 2.668 / within 2.502)
    pc2              ICC = +0.211   (between 0.1122 / within 0.4207)

  ROLE OVERALL
    role_ALL_DIMS    ICC = +0.483   (between 2.805 / within 3.001)

  behaviour (control)
    speed_mean       ICC = +0.603   (between 33.32 / within 21.97)
    accel_abs        ICC = +0.295   (between 0.04607 / within 0.11)
    accel_pos        ICC = +0.258   (between 0.09437 / within 0.2716)
    decel_abs        ICC = +0.127   (between 0.01502 / within 0.1033)
    jerk_abs         ICC = +0.196   (between 6.227 / within 25.6)
    turn_abs         ICC = +0.305   (between 0.006057 / within 0.01382)
    event_rate       ICC = +0.175   (between 0.1664 / within 0.7839)
    decel_p95        ICC = +0.159   (between 0.3333 / within 1.76)
    decel_max        ICC = +0.125   (between 0.2549 / within 1.786)
    accel_p95        ICC = +0.013   (between 0.0003016 / within 0.02256)
    accel_max        ICC = +0.100   (between 0.005365 / within 0.04847)
    hard_brake_rate  ICC = +0.086   (between 0.0003196 / within 0.003407)
    severe_brake_rate ICC = -0.047   (between 0 / within 9.339e-07)
    hard_accel_rate  ICC = +0.240   (between 0.006834 / within 0.02162)
    jerk_p95         ICC = +0.100   (between 17.45 / within 157.8)
    jerk_rms         ICC = +0.149   (between 5.991 / within 34.19)
    jerk_spikiness   ICC = +0.175   (between 0.00506 / within 0.02388)
    accel_kurt       ICC = +0.161   (between 0.5901 / within 3.065)
    n_brake_events   ICC = +0.094   (between 0.08739 / within 0.8442)
    brake_per_100m   ICC = +0.141   (between 0.7014 / within 4.268)
    brake_peak_mean  ICC = +0.063   (between 0.02425 / within 0.3609)
    brake_peak_max   ICC = +0.066   (between 0.02434 / within 0.3448)
    brake_dur_mean   ICC = +0.062   (between 0.003474 / within 0.05229)
    brake_dv_mean    ICC = +0.088   (between 0.07052 / within 0.7354)
    brake_abrupt_mean ICC = +0.024   (between 0.001094 / within 0.04441)
    n_accel_ev_events ICC = +0.181   (between 0.6286 / within 2.844)
    accel_ev_per_100m ICC = +0.307   (between 5.888 / within 13.3)
    accel_ev_peak_mean ICC = +0.047   (between 0.002151 / within 0.04374)
    accel_ev_peak_max ICC = +0.157   (between 0.003549 / within 0.01906)
    accel_ev_dur_mean ICC = +0.150   (between 0.05408 / within 0.3057)
    accel_ev_dv_mean ICC = +0.173   (between 0.7652 / within 3.653)
    accel_ev_abrupt_mean ICC = +0.121   (between 0.00169 / within 0.01229)
    accel_mask_frac  ICC = +0.091   (between 8.172e-05 / within 0.0008209)

------------------------------------------------------------------
  role overall ICC      : +0.483
  behaviour median ICC  : +0.141   <- the honest reference
  VERDICT: the role is MORE scene-determined than the behaviour it
           explains. Map-based-role diagnosis confirmed.
------------------------------------------------------------------

[icc] wrote role_scene_icc.csv / .png / _agents.csv -> /scratch/e452103/role_icc/mifutfilm_dim4_rep3
[icc] done -> /scratch/e452103/role_icc/mifutfilm_dim4_rep3
