[icc] ckpt=/scratch/e452103/checkpoints/roma_mifutagent_dim1_H8_r16p64_ft_collstop_nodiv/roma_dim1_step4000579584.pt out=/scratch/e452103/role_icc/collstop_4B_rep3 (CPU / compute partition)
[icc] branch=mi-future-agentcentric-film commit=0e4a1be
[icc] role_dim=1 checkpoint=/scratch/e452103/checkpoints/roma_mifutagent_dim1_H8_r16p64_ft_collstop_nodiv/roma_dim1_step4000579584.pt
[icc] episode 1/3: 2370 vehicles
[icc] episode 2/3: 2295 vehicles
[icc] episode 3/3: 2294 vehicles
[icc] 6959 rows -> 6637 unique (scenario, vehicle) after collapsing 322 repeats
[icc] 1102 scenes with >=2 vehicles (94 single-vehicle scenes dropped), 6543 vehicles, mean 5.9 per scene
[icc] role PCA explained var: ['100%']

==================================================================
  SCENE ICC  (1.0 = role is the map, 0.0 = role is the driver)
==================================================================

  role dims
    role_0           ICC = +0.156   (between 0.7934 / within 4.286)

  role PCs
    pc1              ICC = +0.156   (between 0.7934 / within 4.286)

  ROLE OVERALL
    role_ALL_DIMS    ICC = +0.156   (between 0.7934 / within 4.286)

  behaviour (control)
    speed_mean       ICC = +0.573   (between 26.31 / within 19.63)
    accel_abs        ICC = +0.035   (between 0.002106 / within 0.05885)
    accel_pos        ICC = +0.138   (between 0.0245 / within 0.1529)
    decel_abs        ICC = +0.129   (between 0.01628 / within 0.1103)
    jerk_abs         ICC = +0.047   (between 0.9421 / within 18.94)
    turn_abs         ICC = +0.253   (between 0.007395 / within 0.02186)
    event_rate       ICC = +0.107   (between 0.2564 / within 2.138)
    decel_p95        ICC = +0.072   (between 0.05711 / within 0.7408)
    decel_max        ICC = +0.024   (between 0.007509 / within 0.3031)
    accel_p95        ICC = -0.055   (between 0 / within 0.04959)
    accel_max        ICC = +0.001   (between 2.859e-05 / within 0.02682)
    hard_brake_rate  ICC = +0.090   (between 0.0004056 / within 0.004101)
    severe_brake_rate ICC = +0.043   (between 4.742e-08 / within 1.062e-06)
    hard_accel_rate  ICC = +0.122   (between 0.001743 / within 0.01249)
    jerk_p95         ICC = +0.021   (between 1.769 / within 83.76)
    jerk_rms         ICC = +0.039   (between 0.8619 / within 21.03)
    jerk_spikiness   ICC = +0.038   (between 0.0001979 / within 0.004959)
    accel_kurt       ICC = +0.085   (between 0.03113 / within 0.3342)
    n_brake_events   ICC = +0.133   (between 0.2864 / within 1.867)
    brake_per_100m   ICC = +0.163   (between 1.833 / within 9.414)
    brake_peak_mean  ICC = +0.046   (between 0.01767 / within 0.3702)
    brake_peak_max   ICC = +0.042   (between 0.01536 / within 0.3546)
    brake_dur_mean   ICC = +0.026   (between 0.0006324 / within 0.02342)
    brake_dv_mean    ICC = +0.056   (between 0.01748 / within 0.2927)
    brake_abrupt_mean ICC = +0.017   (between 0.0007052 / within 0.04073)
    n_accel_ev_events ICC = +0.061   (between 0.2863 / within 4.434)
    accel_ev_per_100m ICC = +0.380   (between 13.85 / within 22.61)
    accel_ev_peak_mean ICC = -0.009   (between 0 / within 0.09228)
    accel_ev_peak_max ICC = -0.009   (between 0 / within 0.04711)
    accel_ev_dur_mean ICC = +0.054   (between 0.001624 / within 0.0284)
    accel_ev_dv_mean ICC = +0.064   (between 0.01958 / within 0.2883)
    accel_ev_abrupt_mean ICC = -0.002   (between 0 / within 0.01643)
    accel_mask_frac  ICC = +0.174   (between 7.275e-05 / within 0.0003446)

------------------------------------------------------------------
  role overall ICC      : +0.156
  behaviour median ICC  : +0.054   <- the honest reference
  VERDICT: the role is MORE scene-determined than the behaviour it
           explains. Map-based-role diagnosis confirmed.
------------------------------------------------------------------

[icc] wrote role_scene_icc.csv / .png / _agents.csv -> /scratch/e452103/role_icc/collstop_4B_rep3
[icc] done -> /scratch/e452103/role_icc/collstop_4B_rep3
