[icc] ckpt=/scratch/e452103/checkpoints/roma_mifutagent_dim1_H8_r16p64_ft_collstop_nodiv/roma_dim1_step4000579584.pt out=/scratch/e452103/role_icc/collstop_4000579584_rep3 (CPU / compute partition)
[icc] branch=mi-future-agentcentric-film commit=0e4a1be
[icc] role_dim=1 checkpoint=/scratch/e452103/checkpoints/roma_mifutagent_dim1_H8_r16p64_ft_collstop_nodiv/roma_dim1_step4000579584.pt
[icc] episode 1/3: 2341 vehicles
[icc] episode 2/3: 2348 vehicles
[icc] episode 3/3: 2204 vehicles
[icc] 6893 rows -> 6470 unique (scenario, vehicle) after collapsing 423 repeats
[icc] 1104 scenes with >=2 vehicles (97 single-vehicle scenes dropped), 6373 vehicles, mean 5.8 per scene
[icc] role PCA explained var: ['100%']

==================================================================
  SCENE ICC  (1.0 = role is the map, 0.0 = role is the driver)
==================================================================

  role dims
    role_0           ICC = +0.179   (between 0.9487 / within 4.344)

  role PCs
    pc1              ICC = +0.179   (between 0.9487 / within 4.344)

  ROLE OVERALL
    role_ALL_DIMS    ICC = +0.179   (between 0.9487 / within 4.344)

  behaviour (control)
    speed_mean       ICC = +0.628   (between 29.51 / within 17.51)
    accel_abs        ICC = +0.051   (between 0.003148 / within 0.05851)
    accel_pos        ICC = +0.163   (between 0.02881 / within 0.1481)
    decel_abs        ICC = +0.140   (between 0.01747 / within 0.1076)
    jerk_abs         ICC = +0.028   (between 0.5528 / within 19.34)
    turn_abs         ICC = +0.272   (between 0.007793 / within 0.02085)
    event_rate       ICC = +0.093   (between 0.3093 / within 3.032)
    decel_p95        ICC = +0.079   (between 0.0611 / within 0.7081)
    decel_max        ICC = +0.037   (between 0.01088 / within 0.2845)
    accel_p95        ICC = -0.033   (between 0 / within 0.05019)
    accel_max        ICC = +0.187   (between 0.009144 / within 0.03987)
    hard_brake_rate  ICC = +0.095   (between 0.0004345 / within 0.004119)
    severe_brake_rate ICC = +0.213   (between 2.277e-08 / within 8.411e-08)
    hard_accel_rate  ICC = +0.154   (between 0.002202 / within 0.01208)
    jerk_p95         ICC = +0.015   (between 1.227 / within 82.87)
    jerk_rms         ICC = +0.021   (between 0.4616 / within 21.53)
    jerk_spikiness   ICC = +0.032   (between 0.0001591 / within 0.004741)
    accel_kurt       ICC = +0.100   (between 0.03619 / within 0.3255)
    n_brake_events   ICC = +0.125   (between 0.278 / within 1.943)
    brake_per_100m   ICC = +0.211   (between 2.885 / within 10.81)
    brake_peak_mean  ICC = +0.038   (between 0.01432 / within 0.3643)
    brake_peak_max   ICC = +0.061   (between 0.02202 / within 0.3405)
    brake_dur_mean   ICC = +0.035   (between 0.0007813 / within 0.02131)
    brake_dv_mean    ICC = +0.069   (between 0.02011 / within 0.2698)
    brake_abrupt_mean ICC = -0.001   (between 0 / within 0.03921)
    n_accel_ev_events ICC = +0.050   (between 0.2417 / within 4.556)
    accel_ev_per_100m ICC = +0.415   (between 15.46 / within 21.8)
    accel_ev_peak_mean ICC = +0.015   (between 0.001342 / within 0.08664)
    accel_ev_peak_max ICC = +0.078   (between 0.00378 / within 0.04473)
    accel_ev_dur_mean ICC = +0.041   (between 0.001151 / within 0.02685)
    accel_ev_dv_mean ICC = +0.052   (between 0.01539 / within 0.2786)
    accel_ev_abrupt_mean ICC = +0.003   (between 5.408e-05 / within 0.01621)
    accel_mask_frac  ICC = +0.083   (between 4.262e-05 / within 0.0004718)

------------------------------------------------------------------
  role overall ICC      : +0.179
  behaviour median ICC  : +0.069   <- the honest reference
  VERDICT: the role is MORE scene-determined than the behaviour it
           explains. Map-based-role diagnosis confirmed.
------------------------------------------------------------------

[icc] wrote role_scene_icc.csv / .png / _agents.csv -> /scratch/e452103/role_icc/collstop_4000579584_rep3
[icc] done -> /scratch/e452103/role_icc/collstop_4000579584_rep3
