[icc] ckpt=/scratch/e452103/checkpoints/roma_mifutagent_dim1_H8_r16p64_ft_collstop_nodiv/roma_dim1_step4000579584.pt out=/scratch/e452103/role_icc/collstop_4B_rep2 (CPU / compute partition)
[icc] branch=mi-future-agentcentric-film commit=0e4a1be
[icc] role_dim=1 checkpoint=/scratch/e452103/checkpoints/roma_mifutagent_dim1_H8_r16p64_ft_collstop_nodiv/roma_dim1_step4000579584.pt
[icc] episode 1/3: 2399 vehicles
[icc] episode 2/3: 2327 vehicles
[icc] episode 3/3: 2309 vehicles
[icc] 7035 rows -> 6515 unique (scenario, vehicle) after collapsing 520 repeats
[icc] 1012 scenes with >=2 vehicles (85 single-vehicle scenes dropped), 6430 vehicles, mean 6.4 per scene
[icc] role PCA explained var: ['100%']

==================================================================
  SCENE ICC  (1.0 = role is the map, 0.0 = role is the driver)
==================================================================

  role dims
    role_0           ICC = +0.164   (between 0.9022 / within 4.588)

  role PCs
    pc1              ICC = +0.164   (between 0.9022 / within 4.588)

  ROLE OVERALL
    role_ALL_DIMS    ICC = +0.164   (between 0.9022 / within 4.588)

  behaviour (control)
    speed_mean       ICC = +0.596   (between 28.31 / within 19.17)
    accel_abs        ICC = +0.053   (between 0.003336 / within 0.05972)
    accel_pos        ICC = +0.151   (between 0.02672 / within 0.1507)
    decel_abs        ICC = +0.122   (between 0.01599 / within 0.1146)
    jerk_abs         ICC = +0.028   (between 0.5676 / within 19.6)
    turn_abs         ICC = +0.262   (between 0.007286 / within 0.02057)
    event_rate       ICC = +0.123   (between 0.4084 / within 2.917)
    decel_p95        ICC = +0.092   (between 0.07137 / within 0.7003)
    decel_max        ICC = +0.045   (between 0.01435 / within 0.3061)
    accel_p95        ICC = -0.061   (between 0 / within 0.06073)
    accel_max        ICC = -0.032   (between 0 / within 0.05399)
    hard_brake_rate  ICC = +0.094   (between 0.0004515 / within 0.004328)
    severe_brake_rate ICC = -0.072   (between 0 / within 3.869e-06)
    hard_accel_rate  ICC = +0.136   (between 0.001945 / within 0.01234)
    jerk_p95         ICC = +0.025   (between 2.278 / within 87.64)
    jerk_rms         ICC = +0.021   (between 0.4732 / within 22.42)
    jerk_spikiness   ICC = +0.037   (between 0.0001841 / within 0.004752)
    accel_kurt       ICC = +0.082   (between 0.02912 / within 0.3245)
    n_brake_events   ICC = +0.144   (between 0.3175 / within 1.886)
    brake_per_100m   ICC = +0.224   (between 2.795 / within 9.682)
    brake_peak_mean  ICC = +0.059   (between 0.02152 / within 0.3421)
    brake_peak_max   ICC = +0.061   (between 0.02047 / within 0.3144)
    brake_dur_mean   ICC = +0.040   (between 0.0009735 / within 0.02326)
    brake_dv_mean    ICC = +0.062   (between 0.01983 / within 0.2993)
    brake_abrupt_mean ICC = -0.004   (between 0 / within 0.03855)
    n_accel_ev_events ICC = +0.069   (between 0.3216 / within 4.348)
    accel_ev_per_100m ICC = +0.394   (between 14.84 / within 22.86)
    accel_ev_peak_mean ICC = +0.006   (between 0.0005468 / within 0.0851)
    accel_ev_peak_max ICC = -0.008   (between 0 / within 0.04327)
    accel_ev_dur_mean ICC = +0.065   (between 0.001861 / within 0.02698)
    accel_ev_dv_mean ICC = +0.079   (between 0.02424 / within 0.2841)
    accel_ev_abrupt_mean ICC = -0.001   (between 0 / within 0.01563)
    accel_mask_frac  ICC = +0.090   (between 5.61e-05 / within 0.0005701)

------------------------------------------------------------------
  role overall ICC      : +0.164
  behaviour median ICC  : +0.062   <- the honest reference
  VERDICT: the role is MORE scene-determined than the behaviour it
           explains. Map-based-role diagnosis confirmed.
------------------------------------------------------------------

[icc] wrote role_scene_icc.csv / .png / _agents.csv -> /scratch/e452103/role_icc/collstop_4B_rep2
[icc] done -> /scratch/e452103/role_icc/collstop_4B_rep2
