[icc] ckpt=/scratch/e452103/checkpoints/roma_mifutagent_dim1_H8_r16p64_ft_pc40_cb1_lr_half_nodiv/roma_dim1_final.pt out=/scratch/e452103/role_icc/mifutagent_dim1_H8_r16p64_ep_comply_mifix_nodiv
[icc] role_dim=1 checkpoint=/scratch/e452103/checkpoints/roma_mifutagent_dim1_H8_r16p64_ft_pc40_cb1_lr_half_nodiv/roma_dim1_final.pt
[icc] episode 1/3: 2224 vehicles
[icc] episode 2/3: 2312 vehicles
[icc] episode 3/3: 2359 vehicles
[icc] 6895 rows -> 6491 unique (scenario, vehicle) after collapsing 404 repeats
[icc] 1061 scenes with >=2 vehicles (89 single-vehicle scenes dropped), 6402 vehicles, mean 6.0 per scene
[icc] role PCA explained var: ['100%']

==================================================================
  SCENE ICC  (1.0 = role is the map, 0.0 = role is the driver)
==================================================================

  role dims
    role_0           ICC = +0.275   (between 7.584 / within 19.96)

  role PCs
    pc1              ICC = +0.275   (between 7.584 / within 19.96)

  ROLE OVERALL
    role_ALL_DIMS    ICC = +0.275   (between 7.584 / within 19.96)

  behaviour (control)
    speed_mean       ICC = +0.566   (between 23.71 / within 18.2)
    accel_abs        ICC = +0.053   (between 0.003519 / within 0.06239)
    accel_pos        ICC = +0.149   (between 0.03061 / within 0.1753)
    decel_abs        ICC = +0.142   (between 0.02351 / within 0.1417)
    jerk_abs         ICC = +0.020   (between 0.4158 / within 19.95)
    turn_abs         ICC = +0.255   (between 0.007734 / within 0.02262)
    event_rate       ICC = +0.098   (between 0.2303 / within 2.111)
    decel_p95        ICC = +0.092   (between 0.07711 / within 0.7608)
    decel_max        ICC = +0.038   (between 0.01245 / within 0.3171)
    accel_p95        ICC = -0.015   (between 0 / within 0.07124)
    accel_max        ICC = -0.009   (between 0 / within 0.05872)
    hard_brake_rate  ICC = +0.110   (between 0.0006971 / within 0.005654)
    severe_brake_rate ICC = -0.112   (between 0 / within 1.312e-07)
    hard_accel_rate  ICC = +0.140   (between 0.002285 / within 0.01401)
    jerk_p95         ICC = +0.018   (between 1.635 / within 88.37)
    jerk_rms         ICC = +0.018   (between 0.4201 / within 22.62)
    jerk_spikiness   ICC = +0.033   (between 0.0001775 / within 0.005274)
    accel_kurt       ICC = +0.103   (between 0.04607 / within 0.4)
    n_brake_events   ICC = +0.156   (between 0.3802 / within 2.052)
    brake_per_100m   ICC = +0.279   (between 4.592 / within 11.85)
    brake_peak_mean  ICC = +0.036   (between 0.01092 / within 0.293)
    brake_peak_max   ICC = +0.053   (between 0.0144 / within 0.2597)
    brake_dur_mean   ICC = +0.092   (between 0.002872 / within 0.02818)
    brake_dv_mean    ICC = +0.114   (between 0.04814 / within 0.3727)
    brake_abrupt_mean ICC = +0.011   (between 0.0003692 / within 0.03461)
    n_accel_ev_events ICC = +0.056   (between 0.2495 / within 4.238)
    accel_ev_per_100m ICC = +0.380   (between 13.02 / within 21.23)
    accel_ev_peak_mean ICC = +0.016   (between 0.00133 / within 0.08268)
    accel_ev_peak_max ICC = +0.007   (between 0.0003816 / within 0.05062)
    accel_ev_dur_mean ICC = +0.072   (between 0.002277 / within 0.02954)
    accel_ev_dv_mean ICC = +0.084   (between 0.02801 / within 0.3052)
    accel_ev_abrupt_mean ICC = -0.006   (between 0 / within 0.01559)
    accel_mask_frac  ICC = +0.067   (between 3.48e-05 / within 0.0004848)

------------------------------------------------------------------
  role overall ICC      : +0.275
  behaviour median ICC  : +0.067   <- the honest reference
  VERDICT: the role is MORE scene-determined than the behaviour it
           explains. Map-based-role diagnosis confirmed.
------------------------------------------------------------------

[icc] wrote role_scene_icc.csv / .png / _agents.csv -> /scratch/e452103/role_icc/mifutagent_dim1_H8_r16p64_ep_comply_mifix_nodiv
[icc] done -> /scratch/e452103/role_icc/mifutagent_dim1_H8_r16p64_ep_comply_mifix_nodiv
