[icc] ckpt=/scratch/e452103/checkpoints/roma_mifutagent_dim1_H8_r16p64_ep_film_comply_mifix_nodiv/roma_dim1_final.pt out=/scratch/e452103/role_icc/dim1_film_comply_mifix_rep1 (CPU / compute partition)
[icc] branch=mi-future-agentcentric-film commit=26046d4
[icc] role_dim=1 checkpoint=/scratch/e452103/checkpoints/roma_mifutagent_dim1_H8_r16p64_ep_film_comply_mifix_nodiv/roma_dim1_final.pt
[icc] episode 1/3: 2377 vehicles
[icc] episode 2/3: 2366 vehicles
[icc] episode 3/3: 2200 vehicles
[icc] 6943 rows -> 6529 unique (scenario, vehicle) after collapsing 414 repeats
[icc] 1080 scenes with >=2 vehicles (111 single-vehicle scenes dropped), 6418 vehicles, mean 5.9 per scene
[icc] role PCA explained var: ['100%']

==================================================================
  SCENE ICC  (1.0 = role is the map, 0.0 = role is the driver)
==================================================================

  role dims
    role_0           ICC = +0.156   (between 5.653 / within 30.64)

  role PCs
    pc1              ICC = +0.156   (between 5.653 / within 30.64)

  ROLE OVERALL
    role_ALL_DIMS    ICC = +0.156   (between 5.653 / within 30.64)

  behaviour (control)
    speed_mean       ICC = +0.594   (between 30.98 / within 21.19)
    accel_abs        ICC = +0.347   (between 0.05855 / within 0.1103)
    accel_pos        ICC = +0.300   (between 0.1073 / within 0.2504)
    decel_abs        ICC = +0.118   (between 0.01109 / within 0.08313)
    jerk_abs         ICC = +0.244   (between 8.433 / within 26.17)
    turn_abs         ICC = +0.287   (between 0.00672 / within 0.01671)
    event_rate       ICC = +0.073   (between 0.08754 / within 1.119)
    decel_p95        ICC = +0.150   (between 0.2943 / within 1.67)
    decel_max        ICC = +0.115   (between 0.2385 / within 1.834)
    accel_p95        ICC = -0.017   (between 0 / within 0.01044)
    accel_max        ICC = +0.076   (between 0.002353 / within 0.0286)
    hard_brake_rate  ICC = +0.078   (between 0.0002248 / within 0.002665)
    severe_brake_rate ICC = -0.081   (between 0 / within 1.075e-06)
    hard_accel_rate  ICC = +0.289   (between 0.008014 / within 0.01967)
    jerk_p95         ICC = +0.111   (between 20.99 / within 168.9)
    jerk_rms         ICC = +0.184   (between 8.004 / within 35.55)
    jerk_spikiness   ICC = +0.220   (between 0.006987 / within 0.0248)
    accel_kurt       ICC = +0.183   (between 0.7868 / within 3.509)
    n_brake_events   ICC = +0.072   (between 0.05107 / within 0.6542)
    brake_per_100m   ICC = +0.098   (between 0.3562 / within 3.294)
    brake_peak_mean  ICC = -0.001   (between 0 / within 0.4211)
    brake_peak_max   ICC = -0.018   (between 0 / within 0.4095)
    brake_dur_mean   ICC = +0.089   (between 0.004015 / within 0.04119)
    brake_dv_mean    ICC = +0.136   (between 0.08389 / within 0.5345)
    brake_abrupt_mean ICC = -0.017   (between 0 / within 0.04776)
    n_accel_ev_events ICC = +0.201   (between 0.6828 / within 2.719)
    accel_ev_per_100m ICC = +0.318   (between 4.867 / within 10.45)
    accel_ev_peak_mean ICC = +0.025   (between 0.0009839 / within 0.03854)
    accel_ev_peak_max ICC = +0.081   (between 0.001388 / within 0.01566)
    accel_ev_dur_mean ICC = +0.171   (between 0.06785 / within 0.33)
    accel_ev_dv_mean ICC = +0.191   (between 0.956 / within 4.039)
    accel_ev_abrupt_mean ICC = +0.150   (between 0.002099 / within 0.01191)
    accel_mask_frac  ICC = +0.105   (between 9.813e-05 / within 0.0008365)

------------------------------------------------------------------
  role overall ICC      : +0.156
  behaviour median ICC  : +0.118   <- the honest reference
  VERDICT: role tracks behaviour's own scene structure. Not obviously
           map-driven; whatever caps per-scene consistency is elsewhere.
------------------------------------------------------------------

[icc] wrote role_scene_icc.csv / .png / _agents.csv -> /scratch/e452103/role_icc/dim1_film_comply_mifix_rep1
[icc] done -> /scratch/e452103/role_icc/dim1_film_comply_mifix_rep1
