[icc] ckpt=/scratch/e452103/checkpoints/roma_mifutagent_dim1_H8_r16p64_paperrew_nodiv/roma_dim1_final.pt out=/scratch/e452103/role_icc/paperrew_final_rep3 (CPU / compute partition)
[icc] branch=mi-future-agentcentric-film commit=c172c12
[icc] role_dim=1 checkpoint=/scratch/e452103/checkpoints/roma_mifutagent_dim1_H8_r16p64_paperrew_nodiv/roma_dim1_final.pt
[icc] episode 1/3: 2285 vehicles
[icc] episode 2/3: 2268 vehicles
[icc] episode 3/3: 2283 vehicles
[icc] 6836 rows -> 6336 unique (scenario, vehicle) after collapsing 500 repeats
[icc] 1030 scenes with >=2 vehicles (92 single-vehicle scenes dropped), 6244 vehicles, mean 6.1 per scene
[icc] role PCA explained var: ['100%']

==================================================================
  SCENE ICC  (1.0 = role is the map, 0.0 = role is the driver)
==================================================================

  role dims
    role_0           ICC = +0.130   (between 0.0542 / within 0.3624)

  role PCs
    pc1              ICC = +0.130   (between 0.0542 / within 0.3624)

  ROLE OVERALL
    role_ALL_DIMS    ICC = +0.130   (between 0.0542 / within 0.3624)

  behaviour (control)
    speed_mean       ICC = +0.617   (between 29.16 / within 18.07)
    accel_abs        ICC = +0.176   (between 0.01799 / within 0.08416)
    accel_pos        ICC = +0.198   (between 0.05967 / within 0.242)
    decel_abs        ICC = +0.140   (between 0.02351 / within 0.1449)
    jerk_abs         ICC = +0.105   (between 2.827 / within 24.16)
    turn_abs         ICC = +0.117   (between 0.001767 / within 0.01333)
    event_rate       ICC = +0.081   (between 0.1156 / within 1.307)
    decel_p95        ICC = +0.123   (between 0.2115 / within 1.509)
    decel_max        ICC = +0.082   (between 0.08573 / within 0.9633)
    accel_p95        ICC = -0.028   (between 0 / within 0.03502)
    accel_max        ICC = +0.096   (between 0.004231 / within 0.03996)
    hard_brake_rate  ICC = +0.109   (between 0.000631 / within 0.005161)
    severe_brake_rate ICC = -0.038   (between 0 / within 1.908e-06)
    hard_accel_rate  ICC = +0.193   (between 0.004569 / within 0.01909)
    jerk_p95         ICC = +0.066   (between 9.333 / within 131.8)
    jerk_rms         ICC = +0.084   (between 2.757 / within 29.98)
    jerk_spikiness   ICC = +0.125   (between 0.001357 / within 0.009517)
    accel_kurt       ICC = +0.167   (between 0.2165 / within 1.082)
    n_brake_events   ICC = +0.144   (between 0.2718 / within 1.616)
    brake_per_100m   ICC = +0.236   (between 2.585 / within 8.348)
    brake_peak_mean  ICC = +0.063   (between 0.01931 / within 0.2855)
    brake_peak_max   ICC = +0.064   (between 0.01772 / within 0.2581)
    brake_dur_mean   ICC = +0.056   (between 0.002176 / within 0.03678)
    brake_dv_mean    ICC = +0.077   (between 0.04202 / within 0.5066)
    brake_abrupt_mean ICC = +0.058   (between 0.002099 / within 0.03397)
    n_accel_ev_events ICC = +0.072   (between 0.2795 / within 3.627)
    accel_ev_per_100m ICC = +0.419   (between 11.63 / within 16.16)
    accel_ev_peak_mean ICC = +0.021   (between 0.001144 / within 0.05302)
    accel_ev_peak_max ICC = +0.135   (between 0.00449 / within 0.02871)
    accel_ev_dur_mean ICC = +0.107   (between 0.01097 / within 0.09176)
    accel_ev_dv_mean ICC = +0.123   (between 0.1429 / within 1.024)
    accel_ev_abrupt_mean ICC = +0.047   (between 0.0006663 / within 0.01349)
    accel_mask_frac  ICC = +0.087   (between 5.894e-05 / within 0.0006166)

------------------------------------------------------------------
  role overall ICC      : +0.130
  behaviour median ICC  : +0.105   <- the honest reference
  VERDICT: role tracks behaviour's own scene structure. Not obviously
           map-driven; whatever caps per-scene consistency is elsewhere.
------------------------------------------------------------------

[icc] wrote role_scene_icc.csv / .png / _agents.csv -> /scratch/e452103/role_icc/paperrew_final_rep3
[icc] done -> /scratch/e452103/role_icc/paperrew_final_rep3
