[icc] ckpt=/scratch/e452103/checkpoints/roma_mifutagent_dim1_H8_r16p64_ft_collstop_nodiv/roma_dim1_step4750835712.pt out=/scratch/e452103/role_icc/collstop_4750835712_rep3 (CPU / compute partition)
[icc] branch=mi-future-agentcentric-film commit=0e4a1be
[icc] role_dim=1 checkpoint=/scratch/e452103/checkpoints/roma_mifutagent_dim1_H8_r16p64_ft_collstop_nodiv/roma_dim1_step4750835712.pt
[icc] episode 1/3: 2289 vehicles
[icc] episode 2/3: 2268 vehicles
[icc] episode 3/3: 2309 vehicles
[icc] 6866 rows -> 6525 unique (scenario, vehicle) after collapsing 341 repeats
[icc] 1068 scenes with >=2 vehicles (112 single-vehicle scenes dropped), 6413 vehicles, mean 6.0 per scene
[icc] role PCA explained var: ['100%']

==================================================================
  SCENE ICC  (1.0 = role is the map, 0.0 = role is the driver)
==================================================================

  role dims
    role_0           ICC = +0.182   (between 1.313 / within 5.906)

  role PCs
    pc1              ICC = +0.182   (between 1.313 / within 5.906)

  ROLE OVERALL
    role_ALL_DIMS    ICC = +0.182   (between 1.313 / within 5.906)

  behaviour (control)
    speed_mean       ICC = +0.597   (between 26.89 / within 18.12)
    accel_abs        ICC = +0.071   (between 0.00469 / within 0.06146)
    accel_pos        ICC = +0.179   (between 0.0362 / within 0.1665)
    decel_abs        ICC = +0.146   (between 0.02158 / within 0.1258)
    jerk_abs         ICC = +0.047   (between 1.019 / within 20.48)
    turn_abs         ICC = +0.164   (between 0.003983 / within 0.02027)
    event_rate       ICC = +0.040   (between 0.2201 / within 5.239)
    decel_p95        ICC = +0.099   (between 0.09023 / within 0.8257)
    decel_max        ICC = +0.059   (between 0.0235 / within 0.3725)
    accel_p95        ICC = -0.050   (between 0 / within 0.06945)
    accel_max        ICC = -0.061   (between 0 / within 0.0502)
    hard_brake_rate  ICC = +0.099   (between 0.0005475 / within 0.004978)
    severe_brake_rate ICC = -0.035   (between 0 / within 1.535e-06)
    hard_accel_rate  ICC = +0.157   (between 0.002489 / within 0.01339)
    jerk_p95         ICC = +0.030   (between 2.862 / within 92.48)
    jerk_rms         ICC = +0.045   (between 1.104 / within 23.5)
    jerk_spikiness   ICC = +0.034   (between 0.0001973 / within 0.005555)
    accel_kurt       ICC = +0.110   (between 0.05484 / within 0.4423)
    n_brake_events   ICC = +0.119   (between 0.2243 / within 1.667)
    brake_per_100m   ICC = +0.199   (between 2.252 / within 9.04)
    brake_peak_mean  ICC = +0.071   (between 0.02593 / within 0.338)
    brake_peak_max   ICC = +0.090   (between 0.0304 / within 0.3084)
    brake_dur_mean   ICC = -0.002   (between 0 / within 0.03079)
    brake_dv_mean    ICC = +0.010   (between 0.004287 / within 0.4106)
    brake_abrupt_mean ICC = +0.017   (between 0.0006535 / within 0.03889)
    n_accel_ev_events ICC = +0.052   (between 0.2451 / within 4.439)
    accel_ev_per_100m ICC = +0.396   (between 14.43 / within 22.01)
    accel_ev_peak_mean ICC = +0.007   (between 0.0005785 / within 0.0797)
    accel_ev_peak_max ICC = -0.015   (between 0 / within 0.04307)
    accel_ev_dur_mean ICC = +0.051   (between 0.001702 / within 0.03199)
    accel_ev_dv_mean ICC = +0.061   (between 0.02184 / within 0.3382)
    accel_ev_abrupt_mean ICC = +0.003   (between 4.734e-05 / within 0.01489)
    accel_mask_frac  ICC = +0.067   (between 4.498e-05 / within 0.0006232)

------------------------------------------------------------------
  role overall ICC      : +0.182
  behaviour median ICC  : +0.059   <- the honest reference
  VERDICT: the role is MORE scene-determined than the behaviour it
           explains. Map-based-role diagnosis confirmed.
------------------------------------------------------------------

[icc] wrote role_scene_icc.csv / .png / _agents.csv -> /scratch/e452103/role_icc/collstop_4750835712_rep3
[icc] done -> /scratch/e452103/role_icc/collstop_4750835712_rep3
