[icc] ckpt=/scratch/e452103/checkpoints/roma_mifutagent_dim1_H8_r16p64_ft_collstop_nodiv/roma_dim1_step4250664960.pt out=/scratch/e452103/role_icc/collstop_4250664960_rep1 (CPU / compute partition)
[icc] branch=mi-future-agentcentric-film commit=0e4a1be
[icc] role_dim=1 checkpoint=/scratch/e452103/checkpoints/roma_mifutagent_dim1_H8_r16p64_ft_collstop_nodiv/roma_dim1_step4250664960.pt
[icc] episode 1/3: 2400 vehicles
[icc] episode 2/3: 2261 vehicles
[icc] episode 3/3: 2349 vehicles
[icc] 7010 rows -> 6549 unique (scenario, vehicle) after collapsing 461 repeats
[icc] 1045 scenes with >=2 vehicles (81 single-vehicle scenes dropped), 6468 vehicles, mean 6.2 per scene
[icc] role PCA explained var: ['100%']

==================================================================
  SCENE ICC  (1.0 = role is the map, 0.0 = role is the driver)
==================================================================

  role dims
    role_0           ICC = +0.203   (between 1.133 / within 4.446)

  role PCs
    pc1              ICC = +0.203   (between 1.133 / within 4.446)

  ROLE OVERALL
    role_ALL_DIMS    ICC = +0.203   (between 1.133 / within 4.446)

  behaviour (control)
    speed_mean       ICC = +0.610   (between 26.26 / within 16.79)
    accel_abs        ICC = +0.097   (between 0.007085 / within 0.06597)
    accel_pos        ICC = +0.130   (between 0.02664 / within 0.1785)
    decel_abs        ICC = +0.097   (between 0.01225 / within 0.1135)
    jerk_abs         ICC = +0.030   (between 0.6722 / within 21.48)
    turn_abs         ICC = +0.192   (between 0.004865 / within 0.02052)
    event_rate       ICC = +0.141   (between 0.3445 / within 2.107)
    decel_p95        ICC = +0.070   (between 0.07859 / within 1.038)
    decel_max        ICC = +0.059   (between 0.03201 / within 0.5131)
    accel_p95        ICC = -0.023   (between 0 / within 0.0369)
    accel_max        ICC = +0.127   (between 0.004932 / within 0.03397)
    hard_brake_rate  ICC = +0.075   (between 0.0003384 / within 0.00415)
    severe_brake_rate ICC = +0.055   (between 1.958e-07 / within 3.391e-06)
    hard_accel_rate  ICC = +0.116   (between 0.001899 / within 0.01443)
    jerk_p95         ICC = +0.006   (between 0.6826 / within 105.5)
    jerk_rms         ICC = +0.018   (between 0.4743 / within 25.65)
    jerk_spikiness   ICC = +0.045   (between 0.0002727 / within 0.00574)
    accel_kurt       ICC = +0.066   (between 0.04098 / within 0.5786)
    n_brake_events   ICC = +0.094   (between 0.1343 / within 1.301)
    brake_per_100m   ICC = +0.187   (between 1.64 / within 7.119)
    brake_peak_mean  ICC = +0.030   (between 0.01193 / within 0.3865)
    brake_peak_max   ICC = +0.033   (between 0.01258 / within 0.3703)
    brake_dur_mean   ICC = +0.049   (between 0.001425 / within 0.02763)
    brake_dv_mean    ICC = +0.081   (between 0.03336 / within 0.3769)
    brake_abrupt_mean ICC = +0.011   (between 0.0004254 / within 0.03945)
    n_accel_ev_events ICC = +0.086   (between 0.3906 / within 4.176)
    accel_ev_per_100m ICC = +0.362   (between 12.56 / within 22.14)
    accel_ev_peak_mean ICC = +0.017   (between 0.001288 / within 0.07654)
    accel_ev_peak_max ICC = +0.088   (between 0.004214 / within 0.04391)
    accel_ev_dur_mean ICC = +0.052   (between 0.002249 / within 0.04074)
    accel_ev_dv_mean ICC = +0.069   (between 0.03068 / within 0.4115)
    accel_ev_abrupt_mean ICC = +0.004   (between 5.72e-05 / within 0.01524)
    accel_mask_frac  ICC = +0.095   (between 5.217e-05 / within 0.0004998)

------------------------------------------------------------------
  role overall ICC      : +0.203
  behaviour median ICC  : +0.070   <- the honest reference
  VERDICT: the role is MORE scene-determined than the behaviour it
           explains. Map-based-role diagnosis confirmed.
------------------------------------------------------------------

[icc] wrote role_scene_icc.csv / .png / _agents.csv -> /scratch/e452103/role_icc/collstop_4250664960_rep1
[icc] done -> /scratch/e452103/role_icc/collstop_4250664960_rep1
