[icc] ckpt=/scratch/e452103/checkpoints/roma_mifutagent_dim1_H8_r16p64_ft_collstop_nodiv/roma_dim1_step4000579584.pt out=/scratch/e452103/role_icc/collstop_4000579584_rep2 (CPU / compute partition)
[icc] branch=mi-future-agentcentric-film commit=0e4a1be
[icc] role_dim=1 checkpoint=/scratch/e452103/checkpoints/roma_mifutagent_dim1_H8_r16p64_ft_collstop_nodiv/roma_dim1_step4000579584.pt
[icc] episode 1/3: 2288 vehicles
[icc] episode 2/3: 2219 vehicles
[icc] episode 3/3: 2421 vehicles
[icc] 6928 rows -> 6487 unique (scenario, vehicle) after collapsing 441 repeats
[icc] 1049 scenes with >=2 vehicles (85 single-vehicle scenes dropped), 6402 vehicles, mean 6.1 per scene
[icc] role PCA explained var: ['100%']

==================================================================
  SCENE ICC  (1.0 = role is the map, 0.0 = role is the driver)
==================================================================

  role dims
    role_0           ICC = +0.193   (between 0.9789 / within 4.099)

  role PCs
    pc1              ICC = +0.193   (between 0.9789 / within 4.099)

  ROLE OVERALL
    role_ALL_DIMS    ICC = +0.193   (between 0.9789 / within 4.099)

  behaviour (control)
    speed_mean       ICC = +0.617   (between 28.91 / within 17.96)
    accel_abs        ICC = +0.048   (between 0.002967 / within 0.05853)
    accel_pos        ICC = +0.153   (between 0.02669 / within 0.148)
    decel_abs        ICC = +0.129   (between 0.01591 / within 0.1077)
    jerk_abs         ICC = +0.031   (between 0.6461 / within 19.97)
    turn_abs         ICC = +0.270   (between 0.007818 / within 0.02113)
    event_rate       ICC = +0.121   (between 0.4285 / within 3.109)
    decel_p95        ICC = +0.082   (between 0.06467 / within 0.7245)
    decel_max        ICC = +0.031   (between 0.0107 / within 0.3303)
    accel_p95        ICC = -0.020   (between 0 / within 0.048)
    accel_max        ICC = +0.036   (between 0.0007578 / within 0.02005)
    hard_brake_rate  ICC = +0.085   (between 0.0003848 / within 0.004156)
    severe_brake_rate ICC = +0.271   (between 4.268e-08 / within 1.149e-07)
    hard_accel_rate  ICC = +0.134   (between 0.001881 / within 0.01216)
    jerk_p95         ICC = +0.017   (between 1.475 / within 87.66)
    jerk_rms         ICC = +0.024   (between 0.5409 / within 22.44)
    jerk_spikiness   ICC = +0.026   (between 0.0001366 / within 0.005077)
    accel_kurt       ICC = +0.090   (between 0.03087 / within 0.3115)
    n_brake_events   ICC = +0.122   (between 0.2604 / within 1.872)
    brake_per_100m   ICC = +0.181   (between 2.111 / within 9.519)
    brake_peak_mean  ICC = +0.054   (between 0.02224 / within 0.3906)
    brake_peak_max   ICC = +0.070   (between 0.02779 / within 0.3705)
    brake_dur_mean   ICC = +0.035   (between 0.00078 / within 0.02148)
    brake_dv_mean    ICC = +0.049   (between 0.01478 / within 0.287)
    brake_abrupt_mean ICC = +0.057   (between 0.002324 / within 0.03831)
    n_accel_ev_events ICC = +0.042   (between 0.1967 / within 4.534)
    accel_ev_per_100m ICC = +0.409   (between 14.56 / within 21)
    accel_ev_peak_mean ICC = +0.010   (between 0.0009056 / within 0.09139)
    accel_ev_peak_max ICC = +0.016   (between 0.0007467 / within 0.04539)
    accel_ev_dur_mean ICC = +0.059   (between 0.001636 / within 0.02587)
    accel_ev_dv_mean ICC = +0.070   (between 0.01999 / within 0.2668)
    accel_ev_abrupt_mean ICC = -0.013   (between 0 / within 0.01638)
    accel_mask_frac  ICC = +0.089   (between 4.168e-05 / within 0.0004284)

------------------------------------------------------------------
  role overall ICC      : +0.193
  behaviour median ICC  : +0.059   <- the honest reference
  VERDICT: the role is MORE scene-determined than the behaviour it
           explains. Map-based-role diagnosis confirmed.
------------------------------------------------------------------

[icc] wrote role_scene_icc.csv / .png / _agents.csv -> /scratch/e452103/role_icc/collstop_4000579584_rep2
[icc] done -> /scratch/e452103/role_icc/collstop_4000579584_rep2
