[role_an] tag=paperrew role_dim=1
[role_an] ckpt=/scratch/e452103/checkpoints/roma_mifutagent_dim1_H8_r16p64_paperrew_nodiv/roma_dim1_final.pt
[role_an] out=/scratch/e452103/analysis/paperrew  traj_clusters=/scratch/e452103/traj_atlas/trajectory_clusters_stopfrac.csv
[role_an] branch=mi-future-agentcentric-film commit=c172c12

==================== 0/5 build scenario->trajectory scaffold ====================
[scaffold] 9388 scenarios from 55279 labeled trajectories; cluster mix {2: 4302, 3: 1743, 0: 1698, 1: 1645}

==================== 1/5 role_paired_sweep [GPU] ====================
[paired] 8988 core scenarios, regimes [0, 1, 2, 3]
[paired] warmup 1/3: 2385 (role, behavior) pairs
[paired] warmup 2/3: 4601 (role, behavior) pairs
[paired] warmup 3/3: 6992 (role, behavior) pairs
[paired] PCA: explained var ['100%']  sigma=[0.647]

[paired] === observational r (natural, plausibility-masked) ===
[paired]   PC1 vs speed_mean : r=+0.115
[paired]   PC1 vs turn_abs   : r=-0.120
[paired]   PC1 vs event_rate : r=-0.144
[paired]   PC1 vs accel_p95  : r=-0.041
[paired]   PC1 vs hard_accel_rate: r=+0.171
[paired]   PC1 vs accel_ev_peak_mean: r=-0.017
[paired]   PC1 vs accel_ev_dur_mean: r=-0.018
[paired]   PC1 vs decel_p95  : r=-0.390
[paired]   PC1 vs hard_brake_rate: r=-0.405
[paired]   PC1 vs brake_peak_mean: r=-0.177
[paired]   PC1 vs brake_dur_mean: r=-0.240
[paired]   PC1 vs accel_mask_frac: r=+0.393
[paired] 5 conditions per episode x 6 episodes (natural-offset forcing)
[paired] ep0   natural: 360 focals
[paired] ep0    PC1|-2: 361 focals
[paired] ep0    PC1|-1: 361 focals
[paired] ep0    PC1|+1: 360 focals
[paired] ep0    PC1|+2: 360 focals
[paired] ep1   natural: 352 focals
[paired] ep1    PC1|-2: 352 focals
[paired] ep1    PC1|-1: 352 focals
[paired] ep1    PC1|+1: 352 focals
[paired] ep1    PC1|+2: 352 focals
[paired] ep2   natural: 356 focals
[paired] ep2    PC1|-2: 356 focals
[paired] ep2    PC1|-1: 356 focals
[paired] ep2    PC1|+1: 355 focals
[paired] ep2    PC1|+2: 355 focals
[paired] ep3   natural: 364 focals
[paired] ep3    PC1|-2: 365 focals
[paired] ep3    PC1|-1: 364 focals
[paired] ep3    PC1|+1: 364 focals
[paired] ep3    PC1|+2: 364 focals
[paired] ep4   natural: 375 focals
[paired] ep4    PC1|-2: 377 focals
[paired] ep4    PC1|-1: 375 focals
[paired] ep4    PC1|+1: 375 focals
[paired] ep4    PC1|+2: 375 focals
[paired] ep5   natural: 348 focals
[paired] ep5    PC1|-2: 349 focals
[paired] ep5    PC1|-1: 348 focals
[paired] ep5    PC1|+1: 348 focals
[paired] ep5    PC1|+2: 348 focals

[paired] === accel mask rate per condition (audit) ===
[paired]         PC1|+1: mean=0.0006  max=0.360  n=2154
[paired]         PC1|+2: mean=0.0006  max=0.371  n=2154
[paired]         PC1|-1: mean=0.0004  max=0.337  n=2156
[paired]         PC1|-2: mean=0.0005  max=0.315  n=2160
[paired]        natural: mean=0.0005  max=0.360  n=2155
[paired]   spread across conditions: 0.0002

[paired] === HEADLINE: alpha=+2 vs -2, SAME (map, vehicle) ===
[paired]   PC1  speed_mean : diff=+2.051 ± 0.086  t=+46.7  n=2154 pairs
[paired]   PC1  accel_abs  : diff=-0.213 ± 0.014  t=-29.0  n=2154 pairs
[paired]   PC1  accel_pos  : diff=+0.381 ± 0.019  t=+38.5  n=2154 pairs
[paired]   PC1  decel_abs  : diff=-0.594 ± 0.018  t=-66.4  n=2154 pairs
[paired]   PC1  jerk_abs   : diff=-3.892 ± 0.226  t=-33.7  n=2154 pairs
[paired]   PC1  turn_abs   : diff=-0.287 ± 0.013  t=-44.2  n=2154 pairs
[paired]   PC1  event_rate : diff=+0.000 ± 0.097  t=+0.0  n=2154 pairs
[paired]   PC1  decel_p95  : diff=-1.546 ± 0.056  t=-53.9  n=2154 pairs
[paired]   PC1  decel_max  : diff=-0.661 ± 0.045  t=-29.1  n=2154 pairs
[paired]   PC1  accel_p95  : diff=+0.005 ± 0.006  t=+1.8  n=2154 pairs
[paired]   PC1  accel_max  : diff=-0.000 ± 0.002  t=-0.1  n=2154 pairs
[paired]   PC1  hard_brake_rate: diff=-0.111 ± 0.004  t=-55.6  n=2154 pairs
[paired]   PC1  severe_brake_rate: diff=+0.000 ± 0.000  t=+1.4  n=2154 pairs
[paired]   PC1  hard_accel_rate: diff=+0.110 ± 0.005  t=+40.9  n=2154 pairs
[paired]   PC1  jerk_p95   : diff=-13.388 ± 0.550  t=-47.7  n=2154 pairs
[paired]   PC1  jerk_rms   : diff=-6.124 ± 0.247  t=-48.6  n=2154 pairs
[paired]   PC1  jerk_spikiness: diff=-0.052 ± 0.007  t=-14.8  n=2154 pairs
[paired]   PC1  accel_kurt : diff=+0.976 ± 0.064  t=+29.8  n=2154 pairs
[paired]   PC1  n_brake_events: diff=-1.887 ± 0.081  t=-45.9  n=2154 pairs
[paired]   PC1  brake_per_100m: diff=-3.037 ± 0.172  t=-34.6  n=2039 pairs
[paired]   PC1  brake_peak_mean: diff=-0.208 ± 0.048  t=-8.5  n=662 pairs
[paired]   PC1  brake_peak_max: diff=-0.229 ± 0.047  t=-9.6  n=662 pairs
[paired]   PC1  brake_dur_mean: diff=-0.035 ± 0.023  t=-3.0  n=662 pairs
[paired]   PC1  brake_dv_mean: diff=-0.216 ± 0.083  t=-5.1  n=662 pairs
[paired]   PC1  brake_abrupt_mean: diff=+0.050 ± 0.017  t=+5.7  n=662 pairs
[paired]   PC1  n_accel_ev_events: diff=+0.444 ± 0.077  t=+11.2  n=2154 pairs
[paired]   PC1  accel_ev_per_100m: diff=+0.406 ± 0.150  t=+5.3  n=2039 pairs
[paired]   PC1  accel_ev_peak_mean: diff=-0.019 ± 0.010  t=-3.7  n=2134 pairs
[paired]   PC1  accel_ev_peak_max: diff=-0.000 ± 0.003  t=-0.3  n=2134 pairs
[paired]   PC1  accel_ev_dur_mean: diff=+0.056 ± 0.018  t=+5.9  n=2134 pairs
[paired]   PC1  accel_ev_dv_mean: diff=-0.005 ± 0.067  t=-0.1  n=2134 pairs
[paired]   PC1  accel_ev_abrupt_mean: diff=+0.065 ± 0.006  t=+22.2  n=2134 pairs
[paired]   PC1  accel_mask_frac: diff=+0.000 ± 0.000  t=+1.7  n=2154 pairs

[paired] outputs -> /scratch/e452103/analysis/paperrew/paired/role_paired_*.png + *.csv

==================== 3/5 role_scene_consistency [cpu] ====================
[consistency] axes=['PC1']  metrics=['speed_mean', 'accel_abs', 'accel_pos', 'decel_abs', 'jerk_abs', 'turn_abs', 'event_rate', 'decel_p95', 'decel_max', 'accel_p95', 'accel_max', 'hard_brake_rate', 'severe_brake_rate', 'hard_accel_rate', 'jerk_p95', 'jerk_rms', 'jerk_spikiness', 'accel_kurt', 'n_brake_events', 'brake_per_100m', 'brake_peak_mean', 'brake_peak_max', 'brake_dur_mean', 'brake_dv_mean', 'brake_abrupt_mean', 'n_accel_ev_events', 'accel_ev_per_100m', 'accel_ev_peak_mean', 'accel_ev_peak_max', 'accel_ev_dur_mean', 'accel_ev_dv_mean', 'accel_ev_abrupt_mean', 'accel_mask_frac']  rows=10779

=== ALL  PC1  (endpoint +/-PC1 sign-consistency) ===
              metric    n  n_nonzero  pop_mean_delta  paired_t  consistency  monotone_rate  median_abs_delta  z_vs_50
          speed_mean 2154       2154          2.0511      46.7        0.893          0.539            1.9757     36.5
           accel_abs 2154       2154         -0.2132     -29.0        0.721          0.195            0.2440     20.6
           accel_pos 2154       2154          0.3811      38.5        0.829          0.356            0.4265     30.5
           decel_abs 2154       2153         -0.5943     -66.4        0.952          0.525            0.5569     42.0
            jerk_abs 2154       2154         -3.8919     -33.7        0.786          0.229            4.6181     26.5
            turn_abs 2154       2154         -0.2869     -44.2        0.891          0.340            0.2435     36.3
          event_rate 2154        304          0.0001       0.0        0.579          0.900            0.0000      2.8
           decel_p95 2154       2149         -1.5463     -53.9        0.927          0.404            1.3464     39.6
           decel_max 2154       2146         -0.6612     -29.1        0.822          0.248            0.0435     29.9
           accel_p95 2154       2154          0.0052       1.8        0.514          0.071            0.0065      1.3
           accel_max 2154       2130         -0.0001      -0.1        0.530          0.084            0.0081      2.7
     hard_brake_rate 2154       2055         -0.1106     -55.6        0.947          0.546            0.0978     40.6
   severe_brake_rate 2154          2          0.0000       1.4        1.000          1.000            0.0000      1.4
     hard_accel_rate 2154       2134          0.1096      40.9        0.841          0.366            0.1154     31.5
            jerk_p95 2154       2154        -13.3878     -47.7        0.865          0.252           13.2982     33.9
            jerk_rms 2154       2154         -6.1240     -48.6        0.863          0.294            6.1515     33.7
      jerk_spikiness 2154       2154         -0.0518     -14.8        0.595          0.104            0.0711      8.8
          accel_kurt 2154       2154          0.9762      29.8        0.868          0.360            0.9235     34.2
      n_brake_events 2154       1714         -1.8867     -45.9        0.948          0.732            2.0000     37.1
      brake_per_100m 2039       1722         -3.0373     -34.6        0.929          0.586            2.0839     35.6
     brake_peak_mean  662        662         -0.2080      -8.5        0.571          0.090            0.1220      3.7
      brake_peak_max  662        660         -0.2290      -9.6        0.723          0.133            0.0201     11.4
      brake_dur_mean  662        614         -0.0354      -3.0        0.645          0.233            0.1333      7.2
       brake_dv_mean  662        662         -0.2165      -5.1        0.671          0.163            0.5138      8.8
   brake_abrupt_mean  662        662          0.0498       5.7        0.585          0.088            0.1335      4.4
   n_accel_ev_events 2154       1668          0.4443      11.2        0.618          0.261            1.0000      9.6
   accel_ev_per_100m 2039       2039          0.4065       5.3        0.619          0.094            1.7780     10.8
  accel_ev_peak_mean 2134       2134         -0.0191      -3.7        0.559          0.076            0.0263      5.5
   accel_ev_peak_max 2134       2115         -0.0004      -0.3        0.493          0.070            0.0084     -0.6
   accel_ev_dur_mean 2134       2106          0.0555       5.9        0.629          0.162            0.1600     11.9
    accel_ev_dv_mean 2134       2134         -0.0049      -0.1        0.441          0.057            0.5260     -5.4
accel_ev_abrupt_mean 2134       2134          0.0646      22.2        0.673          0.133            0.0926     16.0
     accel_mask_frac 2154         11          0.0001       1.7        0.545          0.995            0.0000      0.3

=== C0:fast  PC1  (endpoint +/-PC1 sign-consistency) ===
              metric   n  n_nonzero  pop_mean_delta  paired_t  consistency  monotone_rate  median_abs_delta  z_vs_50
          speed_mean 485        485          2.5352      36.1        0.967          0.699            2.5437     20.6
           accel_abs 485        485         -0.2692     -22.8        0.858          0.285            0.2750     15.8
           accel_pos 485        485          0.3014      20.5        0.847          0.365            0.2933     15.3
           decel_abs 485        485         -0.5706     -42.4        0.981          0.557            0.5447     21.2
            jerk_abs 485        485         -3.1414     -15.8        0.784          0.223            3.8582     12.5
            turn_abs 485        485         -0.4881     -37.7        0.981          0.412            0.4532     21.2
          event_rate 485         61         -0.1887      -1.9        0.557          0.920            0.0000      0.9
           decel_p95 485        485         -0.8831     -19.9        0.907          0.361            0.8262     17.9
           decel_max 485        479         -0.2082      -8.5        0.747          0.184            0.0160     10.8
           accel_p95 485        485          0.0186       1.9        0.551          0.070            0.0072      2.2
           accel_max 485        479          0.0018       0.6        0.493          0.107            0.0070     -0.3
     hard_brake_rate 485        482         -0.0973     -32.8        0.956          0.437            0.0913     20.0
   severe_brake_rate 485          0          0.0000       NaN          NaN            NaN            0.0000      NaN
     hard_accel_rate 485        482          0.0816      19.9        0.846          0.348            0.0802     15.2
            jerk_p95 485        485         -8.5205     -19.5        0.841          0.221           10.4503     15.0
            jerk_rms 485        485         -4.4689     -21.9        0.835          0.274            4.4739     14.8
      jerk_spikiness 485        485         -0.0184      -4.9        0.571          0.078            0.0462      3.1
          accel_kurt 485        485          0.6207      17.9        0.932          0.421            0.5484     19.0
      n_brake_events 485        440         -2.2289     -28.4        0.961          0.612            2.0000     19.4
      brake_per_100m 484        469         -1.6565     -28.1        0.942          0.446            1.5812     19.2
     brake_peak_mean 289        289         -0.1969      -5.1        0.561          0.093            0.2462      2.1
      brake_peak_max 289        287         -0.2304      -6.2        0.732          0.141            0.0200      7.9
      brake_dur_mean 289        270         -0.0159      -1.1        0.644          0.242            0.1000      4.7
       brake_dv_mean 289        289         -0.1205      -2.4        0.678          0.169            0.4323      6.1
   brake_abrupt_mean 289        289          0.0404       3.4        0.599          0.069            0.1220      3.4
   n_accel_ev_events 485        394          0.9526      11.7        0.746          0.301            1.0000      9.8
   accel_ev_per_100m 484        484          0.6539      10.6        0.692          0.116            0.8911      8.5
  accel_ev_peak_mean 471        471         -0.0590      -5.1        0.622          0.081            0.0943      5.3
   accel_ev_peak_max 471        466          0.0015       0.4        0.552          0.102            0.0082      2.2
   accel_ev_dur_mean 471        465          0.0346       3.3        0.639          0.149            0.1000      6.0
    accel_ev_dv_mean 471        471         -0.0186      -0.5        0.482          0.060            0.3326     -0.8
accel_ev_abrupt_mean 471        471          0.0739      12.3        0.694          0.145            0.0923      8.4
     accel_mask_frac 485          0          0.0000       NaN          NaN            NaN            0.0000      NaN

=== C1:stop&go  PC1  (endpoint +/-PC1 sign-consistency) ===
              metric  n  n_nonzero  pop_mean_delta  paired_t  consistency  monotone_rate  median_abs_delta  z_vs_50
          speed_mean 30         30          1.5610       5.7        0.933          0.633            1.4429      4.7
           accel_abs 30         30         -0.1075      -1.7        0.567          0.133            0.2241      0.7
           accel_pos 30         30          0.5812       6.3        0.867          0.300            0.5733      4.0
           decel_abs 30         30         -0.6888      -9.5        0.967          0.567            0.6275      5.1
            jerk_abs 30         30         -4.7749      -3.7        0.800          0.167            5.6355      3.3
            turn_abs 30         30         -0.0729      -1.4        0.700          0.233            0.0842      2.2
          event_rate 30          2          0.6021       1.1        1.000          0.933            0.0000      1.4
           decel_p95 30         29         -2.1063      -7.8        0.966          0.400            2.5101      5.0
           decel_max 30         30         -1.2117      -3.0        0.867          0.433            1.3396      4.0
           accel_p95 30         30         -0.0003      -0.1        0.467          0.033            0.0059     -0.4
           accel_max 30         30          0.0256       0.8        0.433          0.067            0.0067     -0.7
     hard_brake_rate 30         27         -0.1437      -8.1        1.000          0.800            0.1481      5.2
   severe_brake_rate 30          2          0.0008       1.4        1.000          1.000            0.0000      1.4
     hard_accel_rate 30         30          0.1606       6.5        0.900          0.367            0.1705      4.4
            jerk_p95 30         30        -16.5676      -5.0        0.800          0.200           13.4200      3.3
            jerk_rms 30         30         -7.1794      -4.7        0.833          0.167            7.5289      3.7
      jerk_spikiness 30         30         -0.0505      -2.1        0.700          0.167            0.0965      2.2
          accel_kurt 30         30          1.4341       2.6        0.767          0.400            1.6305      2.9
      n_brake_events 30         22         -1.5333      -5.7        1.000          0.933            1.0000      4.7
      brake_per_100m  4          2         -1.5284      -1.7        1.000          0.667            1.4974      1.4
   n_accel_ev_events 30         22         -0.3667      -1.1        0.682          0.367            1.0000      1.7
   accel_ev_per_100m  4          4          1.4435       0.5        0.500          0.333            5.3927      0.0
  accel_ev_peak_mean 30         30          0.0231       0.4        0.500          0.069            0.0209      0.0
   accel_ev_peak_max 30         30         -0.0001      -0.0        0.467          0.103            0.0048     -0.4
   accel_ev_dur_mean 30         28          0.1807       2.6        0.643          0.241            0.1437      1.5
    accel_ev_dv_mean 30         30          0.5412       2.2        0.600          0.138            0.4754      1.1
accel_ev_abrupt_mean 30         30          0.0228       0.9        0.500          0.103            0.0926      0.0
     accel_mask_frac 30          8          0.0097       2.0        0.750          0.900            0.0000      1.4

=== C2:mid-speed  PC1  (endpoint +/-PC1 sign-consistency) ===
              metric   n  n_nonzero  pop_mean_delta  paired_t  consistency  monotone_rate  median_abs_delta  z_vs_50
          speed_mean 934        934          1.7313      27.8        0.873          0.504            1.5804     22.8
           accel_abs 934        934         -0.1853     -15.4        0.660          0.170            0.2261      9.8
           accel_pos 934        934          0.3769      25.5        0.820          0.363            0.4368     19.6
           decel_abs 934        934         -0.5622     -42.2        0.951          0.519            0.5105     27.6
            jerk_abs 934        934         -3.9286     -21.9        0.791          0.226            4.8143     17.8
            turn_abs 934        934         -0.2363     -29.6        0.915          0.338            0.1704     25.4
          event_rate 934        108         -0.0719      -1.1        0.444          0.907            0.0000     -1.2
           decel_p95 934        931         -1.7829     -40.5        0.939          0.438            1.7964     26.8
           decel_max 934        933         -0.8573     -23.1        0.850          0.275            0.1242     21.4
           accel_p95 934        934          0.0012       1.8        0.528          0.067            0.0061      1.7
           accel_max 934        923         -0.0018      -2.6        0.535          0.086            0.0078      2.1
     hard_brake_rate 934        856         -0.1065     -34.7        0.949          0.604            0.0909     26.2
   severe_brake_rate 934          0          0.0000       NaN          NaN            NaN            0.0000      NaN
     hard_accel_rate 934        925          0.1083      27.6        0.827          0.370            0.1165     19.9
            jerk_p95 934        934        -14.6085     -33.3        0.868          0.257           13.5504     22.5
            jerk_rms 934        934         -6.3898     -33.3        0.872          0.292            6.5221     22.7
      jerk_spikiness 934        934         -0.0651     -10.8        0.584          0.117            0.0792      5.1
          accel_kurt 934        934          0.9979      18.7        0.838          0.338            1.1548     20.7
      n_brake_events 934        662         -1.5707     -28.0        0.961          0.817            1.0000     23.7
      brake_per_100m 898        682         -2.9475     -25.5        0.931          0.682            2.2270     22.5
     brake_peak_mean 161        161         -0.2589      -4.8        0.609          0.130            0.0556      2.8
      brake_peak_max 161        161         -0.2853      -5.4        0.733          0.167            0.0201      5.9
      brake_dur_mean 161        149         -0.0519      -1.9        0.698          0.246            0.1500      4.8
       brake_dv_mean 161        161         -0.2592      -2.6        0.696          0.159            0.6663      5.0
   brake_abrupt_mean 161        161          0.0117       0.6        0.484          0.087            0.1332     -0.4
   n_accel_ev_events 934        705          0.1927       3.4        0.552          0.261            1.0000      2.7
   accel_ev_per_100m 898        898          0.3234       2.6        0.588          0.088            2.2338      5.3
  accel_ev_peak_mean 932        932         -0.0052      -0.8        0.548          0.072            0.0210      2.9
   accel_ev_peak_max 932        923          0.0000       0.0        0.480          0.095            0.0080     -1.2
   accel_ev_dur_mean 932        918          0.0613       3.9        0.637          0.189            0.2000      8.3
    accel_ev_dv_mean 932        932          0.0057       0.1        0.586          0.122            0.6337      5.2
accel_ev_abrupt_mean 932        932          0.0581      13.6        0.674          0.137            0.0890     10.6
     accel_mask_frac 934          0          0.0000       NaN          NaN            NaN            0.0000      NaN

=== C3:turning  PC1  (endpoint +/-PC1 sign-consistency) ===
              metric   n  n_nonzero  pop_mean_delta  paired_t  consistency  monotone_rate  median_abs_delta  z_vs_50
          speed_mean 393        393          2.3511      17.1        0.845          0.440            2.3951     13.7
           accel_abs 393        393         -0.2371     -13.5        0.746          0.165            0.2684      9.7
           accel_pos 393        393          0.4867      16.2        0.819          0.303            0.5796     12.7
           decel_abs 393        393         -0.7237     -27.1        0.919          0.463            0.7417     16.6
            jerk_abs 393        393         -4.4314     -14.3        0.761          0.219            4.9831     10.3
            turn_abs 393        393         -0.1669     -10.5        0.720          0.232            0.2096      8.7
          event_rate 393         95          0.2802       1.9        0.663          0.835            0.0000      3.2
           decel_p95 393        393         -1.6862     -23.3        0.908          0.382            1.4023     16.2
           decel_max 393        393         -0.6603     -12.6        0.840          0.237            0.0476     13.5
           accel_p95 393        393         -0.0039      -1.1        0.534          0.071            0.0066      1.4
           accel_max 393        391         -0.0035      -1.0        0.537          0.066            0.0109      1.5
     hard_brake_rate 393        385         -0.1417     -25.5        0.938          0.527            0.1439     17.2
   severe_brake_rate 393          0          0.0000       NaN          NaN            NaN            0.0000      NaN
     hard_accel_rate 393        389          0.1466      17.9        0.853          0.351            0.1692     13.9
            jerk_p95 393        393        -16.3468     -22.6        0.875          0.270           15.7885     14.9
            jerk_rms 393        393         -7.2822     -20.9        0.860          0.308            7.6246     14.3
      jerk_spikiness 393        393         -0.0692      -7.3        0.628          0.102            0.0845      5.1
          accel_kurt 393        393          1.3661      15.3        0.883          0.336            1.2453     15.2
      n_brake_events 393        357         -2.4707     -20.5        0.908          0.662            2.0000     15.4
      brake_per_100m 360        337         -5.6727     -17.9        0.908          0.535            4.4925     15.0
     brake_peak_mean 127        127         -0.2599      -4.7        0.614          0.039            0.0712      2.6
      brake_peak_max 127        127         -0.2051      -4.0        0.740          0.078            0.0231      5.4
      brake_dur_mean 127        117         -0.0598      -2.2        0.615          0.196            0.1571      2.5
       brake_dv_mean 127        127         -0.3693      -3.8        0.685          0.167            0.6033      4.2
   brake_abrupt_mean 127        127          0.0780       3.7        0.622          0.088            0.1600      2.8
   n_accel_ev_events 393        316          0.2799       2.8        0.576          0.191            1.0000      2.7
   accel_ev_per_100m 360        360          0.0384       0.1        0.561          0.058            3.1091      2.3
  accel_ev_peak_mean 392        392         -0.0095      -0.7        0.538          0.069            0.0204      1.5
   accel_ev_peak_max 392        392         -0.0055      -1.1        0.497          0.046            0.0113     -0.1
   accel_ev_dur_mean 392        390          0.0750       2.9        0.623          0.118            0.2146      4.9
    accel_ev_dv_mean 392        392         -0.0101      -0.1        0.436          0.043            0.7649     -2.5
accel_ev_abrupt_mean 392        392          0.0825      11.2        0.704          0.136            0.1011      8.1
     accel_mask_frac 393          3         -0.0001      -1.7        1.000          0.995            0.0000      1.7

[consistency] wrote /scratch/e452103/analysis/paperrew/paired/role_scene_consistency.csv

Read: consistency ~0.5 = per-scene coin-flip (average-only); ->1.0 = the dial works in nearly every scene. Trust the consistency column only for metrics whose paired_t is large (a real monotone effect); for V-shaped metrics read pop_mean/paired_t instead.

==================== 4/5 role_space_map [cpu] ====================
[map] 6992 agents, role_dim=1 (PCA from role vectors)
[map] PC1 100%  PC2 0%  -> /scratch/e452103/analysis/paperrew/paired/role_space_map.png

==================== 5/5 role_feature_corr [cpu] ====================
role dims: ['role_0']
raw features found: ['speed_mean', 'accel_abs', 'jerk_abs', 'turn_abs', 'event_rate']
saved /scratch/e452103/analysis/paperrew/paired/role_role_corr.png
max |off-diagonal r| = 0.000  -- fairly independent
saved /scratch/e452103/analysis/paperrew/paired/role_feature_corr.png

[role_an] stats archive: /scratch/e452103/analysis/paperrew_paired.tgz (4.9M)
[role_an] DONE -> /scratch/e452103/analysis/paperrew  (see README.txt for the file guide)
[role_an] the chained render job adds renders/role_grid/ and zips the folder
