[icc] ckpt=/scratch/e452103/checkpoints/roma_mifutagent_dim1_H8_r16p64_ft_collstop_nodiv/roma_dim1_step4500750336.pt out=/scratch/e452103/role_icc/collstop_4500750336_rep3 (CPU / compute partition)
[icc] branch=mi-future-agentcentric-film commit=0e4a1be
[icc] role_dim=1 checkpoint=/scratch/e452103/checkpoints/roma_mifutagent_dim1_H8_r16p64_ft_collstop_nodiv/roma_dim1_step4500750336.pt
[icc] episode 1/3: 2306 vehicles
[icc] episode 2/3: 2287 vehicles
[icc] episode 3/3: 2304 vehicles
[icc] 6897 rows -> 6409 unique (scenario, vehicle) after collapsing 488 repeats
[icc] 1047 scenes with >=2 vehicles (81 single-vehicle scenes dropped), 6328 vehicles, mean 6.0 per scene
[icc] role PCA explained var: ['100%']

==================================================================
  SCENE ICC  (1.0 = role is the map, 0.0 = role is the driver)
==================================================================

  role dims
    role_0           ICC = +0.152   (between 1.074 / within 5.977)

  role PCs
    pc1              ICC = +0.152   (between 1.074 / within 5.977)

  ROLE OVERALL
    role_ALL_DIMS    ICC = +0.152   (between 1.074 / within 5.977)

  behaviour (control)
    speed_mean       ICC = +0.611   (between 28.8 / within 18.3)
    accel_abs        ICC = +0.031   (between 0.002133 / within 0.06747)
    accel_pos        ICC = +0.148   (between 0.02949 / within 0.1691)
    decel_abs        ICC = +0.141   (between 0.02099 / within 0.1281)
    jerk_abs         ICC = +0.046   (between 0.9781 / within 20.32)
    turn_abs         ICC = +0.154   (between 0.003773 / within 0.02068)
    event_rate       ICC = +0.106   (between 0.51 / within 4.322)
    decel_p95        ICC = +0.096   (between 0.07875 / within 0.7438)
    decel_max        ICC = +0.042   (between 0.01509 / within 0.3477)
    accel_p95        ICC = -0.010   (between 0 / within 0.06451)
    accel_max        ICC = +0.028   (between 0.0009043 / within 0.03104)
    hard_brake_rate  ICC = +0.093   (between 0.0005245 / within 0.005101)
    severe_brake_rate ICC = -0.039   (between 0 / within 1.182e-06)
    hard_accel_rate  ICC = +0.139   (between 0.002186 / within 0.0135)
    jerk_p95         ICC = +0.017   (between 1.533 / within 88.64)
    jerk_rms         ICC = +0.037   (between 0.8991 / within 23.08)
    jerk_spikiness   ICC = +0.037   (between 0.0001946 / within 0.00513)
    accel_kurt       ICC = +0.079   (between 0.03498 / within 0.4085)
    n_brake_events   ICC = +0.107   (between 0.2016 / within 1.678)
    brake_per_100m   ICC = +0.177   (between 1.734 / within 8.07)
    brake_peak_mean  ICC = +0.039   (between 0.01464 / within 0.3576)
    brake_peak_max   ICC = +0.048   (between 0.01713 / within 0.3372)
    brake_dur_mean   ICC = +0.036   (between 0.000948 / within 0.02506)
    brake_dv_mean    ICC = +0.060   (between 0.02067 / within 0.3266)
    brake_abrupt_mean ICC = +0.008   (between 0.0003181 / within 0.03844)
    n_accel_ev_events ICC = +0.076   (between 0.362 / within 4.374)
    accel_ev_per_100m ICC = +0.409   (between 14.86 / within 21.48)
    accel_ev_peak_mean ICC = -0.003   (between 0 / within 0.07962)
    accel_ev_peak_max ICC = +0.015   (between 0.0005294 / within 0.03441)
    accel_ev_dur_mean ICC = +0.037   (between 0.00114 / within 0.02933)
    accel_ev_dv_mean ICC = +0.051   (between 0.01599 / within 0.2968)
    accel_ev_abrupt_mean ICC = -0.018   (between 0 / within 0.0157)
    accel_mask_frac  ICC = +0.102   (between 6.747e-05 / within 0.0005963)

------------------------------------------------------------------
  role overall ICC      : +0.152
  behaviour median ICC  : +0.048   <- the honest reference
  VERDICT: the role is MORE scene-determined than the behaviour it
           explains. Map-based-role diagnosis confirmed.
------------------------------------------------------------------

[icc] wrote role_scene_icc.csv / .png / _agents.csv -> /scratch/e452103/role_icc/collstop_4500750336_rep3
[icc] done -> /scratch/e452103/role_icc/collstop_4500750336_rep3
