[icc] ckpt=/scratch/e452103/checkpoints/roma_mifutagent_dim1_H8_r16p64_ft_collstop_nodiv/roma_dim1_step3750494208.pt out=/scratch/e452103/role_icc/collstop_3750494208_rep1 (CPU / compute partition)
[icc] branch=mi-future-agentcentric-film commit=0e4a1be
[icc] role_dim=1 checkpoint=/scratch/e452103/checkpoints/roma_mifutagent_dim1_H8_r16p64_ft_collstop_nodiv/roma_dim1_step3750494208.pt
[icc] episode 1/3: 2312 vehicles
[icc] episode 2/3: 2263 vehicles
[icc] episode 3/3: 2273 vehicles
[icc] 6848 rows -> 6525 unique (scenario, vehicle) after collapsing 323 repeats
[icc] 1060 scenes with >=2 vehicles (106 single-vehicle scenes dropped), 6419 vehicles, mean 6.1 per scene
[icc] role PCA explained var: ['100%']

==================================================================
  SCENE ICC  (1.0 = role is the map, 0.0 = role is the driver)
==================================================================

  role dims
    role_0           ICC = +0.167   (between 0.5142 / within 2.556)

  role PCs
    pc1              ICC = +0.167   (between 0.5142 / within 2.556)

  ROLE OVERALL
    role_ALL_DIMS    ICC = +0.167   (between 0.5142 / within 2.556)

  behaviour (control)
    speed_mean       ICC = +0.592   (between 24.53 / within 16.91)
    accel_abs        ICC = +0.032   (between 0.002048 / within 0.06127)
    accel_pos        ICC = +0.218   (between 0.04167 / within 0.1492)
    decel_abs        ICC = +0.206   (between 0.02754 / within 0.1058)
    jerk_abs         ICC = +0.061   (between 1.145 / within 17.76)
    turn_abs         ICC = +0.318   (between 0.01147 / within 0.02458)
    event_rate       ICC = +0.047   (between 0.215 / within 4.371)
    decel_p95        ICC = +0.117   (between 0.08857 / within 0.6685)
    decel_max        ICC = +0.054   (between 0.01526 / within 0.2684)
    accel_p95        ICC = -0.027   (between 0 / within 0.07459)
    accel_max        ICC = +0.039   (between 0.001887 / within 0.0468)
    hard_brake_rate  ICC = +0.127   (between 0.0005609 / within 0.00384)
    severe_brake_rate ICC = +0.209   (between 5.086e-08 / within 1.928e-07)
    hard_accel_rate  ICC = +0.201   (between 0.003079 / within 0.01225)
    jerk_p95         ICC = +0.016   (between 1.315 / within 81.32)
    jerk_rms         ICC = +0.042   (between 0.9134 / within 20.6)
    jerk_spikiness   ICC = +0.044   (between 0.0002078 / within 0.004566)
    accel_kurt       ICC = +0.140   (between 0.04981 / within 0.305)
    n_brake_events   ICC = +0.180   (between 0.4177 / within 1.909)
    brake_per_100m   ICC = +0.173   (between 1.777 / within 8.472)
    brake_peak_mean  ICC = +0.035   (between 0.01213 / within 0.3371)
    brake_peak_max   ICC = +0.046   (between 0.01512 / within 0.317)
    brake_dur_mean   ICC = +0.037   (between 0.000764 / within 0.01999)
    brake_dv_mean    ICC = +0.064   (between 0.01656 / within 0.2422)
    brake_abrupt_mean ICC = +0.037   (between 0.00132 / within 0.03418)
    n_accel_ev_events ICC = +0.063   (between 0.2855 / within 4.28)
    accel_ev_per_100m ICC = +0.414   (between 16.03 / within 22.65)
    accel_ev_peak_mean ICC = -0.009   (between 0 / within 0.09209)
    accel_ev_peak_max ICC = +0.047   (between 0.002214 / within 0.0452)
    accel_ev_dur_mean ICC = +0.094   (between 0.002454 / within 0.02362)
    accel_ev_dv_mean ICC = +0.105   (between 0.02919 / within 0.2485)
    accel_ev_abrupt_mean ICC = +0.003   (between 4.887e-05 / within 0.0158)
    accel_mask_frac  ICC = +0.082   (between 4.985e-05 / within 0.0005564)

------------------------------------------------------------------
  role overall ICC      : +0.167
  behaviour median ICC  : +0.063   <- the honest reference
  VERDICT: the role is MORE scene-determined than the behaviour it
           explains. Map-based-role diagnosis confirmed.
------------------------------------------------------------------

[icc] wrote role_scene_icc.csv / .png / _agents.csv -> /scratch/e452103/role_icc/collstop_3750494208_rep1
[icc] done -> /scratch/e452103/role_icc/collstop_3750494208_rep1
