[role_an] tag=mifutcomply_mifix_dim1_nodiv role_dim=1
[role_an] ckpt=/scratch/e452103/checkpoints/roma_mifutagent_dim1_H8_r16p64_ep_comply_mifix_nodiv/roma_dim1_final.pt
[role_an] out=/scratch/e452103/analysis/mifutcomply_mifix_dim1_nodiv  traj_clusters=/scratch/e452103/traj_atlas/trajectory_clusters_stopfrac.csv
[role_an] branch=mi-future-agentcentric-film commit=8c58edc

==================== 0/5 build scenario->trajectory scaffold ====================
[scaffold] 9388 scenarios from 55279 labeled trajectories; cluster mix {2: 4302, 3: 1743, 0: 1698, 1: 1645}

==================== 1/5 role_paired_sweep [GPU] ====================
[paired] 8988 core scenarios, regimes [0, 1, 2, 3]
[paired] warmup 1/3: 2287 (role, behavior) pairs
[paired] warmup 2/3: 4614 (role, behavior) pairs
[paired] warmup 3/3: 6860 (role, behavior) pairs
[paired] PCA: explained var ['100%']  sigma=[36.313]

[paired] === observational r (natural, plausibility-masked) ===
[paired]   PC1 vs speed_mean : r=-0.728
[paired]   PC1 vs turn_abs   : r=+0.098
[paired]   PC1 vs event_rate : r=-0.086
[paired]   PC1 vs accel_p95  : r=+0.061
[paired]   PC1 vs hard_accel_rate: r=+0.469
[paired]   PC1 vs accel_ev_peak_mean: r=+0.160
[paired]   PC1 vs accel_ev_dur_mean: r=+0.230
[paired]   PC1 vs decel_p95  : r=-0.364
[paired]   PC1 vs hard_brake_rate: r=-0.234
[paired]   PC1 vs brake_peak_mean: r=+0.052
[paired]   PC1 vs brake_dur_mean: r=-0.093
[paired]   PC1 vs accel_mask_frac: r=-0.041
[paired] 5 conditions per episode x 6 episodes (natural-offset forcing)
[paired] ep0   natural: 365 focals
[paired] ep0    PC1|-2: 365 focals
[paired] ep0    PC1|-1: 365 focals
[paired] ep0    PC1|+1: 365 focals
[paired] ep0    PC1|+2: 365 focals
[paired] ep1   natural: 385 focals
[paired] ep1    PC1|-2: 385 focals
[paired] ep1    PC1|-1: 385 focals
[paired] ep1    PC1|+1: 385 focals
[paired] ep1    PC1|+2: 385 focals
[paired] ep2   natural: 375 focals
[paired] ep2    PC1|-2: 376 focals
[paired] ep2    PC1|-1: 376 focals
[paired] ep2    PC1|+1: 375 focals
[paired] ep2    PC1|+2: 375 focals
[paired] ep3   natural: 362 focals
[paired] ep3    PC1|-2: 362 focals
[paired] ep3    PC1|-1: 362 focals
[paired] ep3    PC1|+1: 361 focals
[paired] ep3    PC1|+2: 362 focals
[paired] ep4   natural: 366 focals
[paired] ep4    PC1|-2: 366 focals
[paired] ep4    PC1|-1: 366 focals
[paired] ep4    PC1|+1: 366 focals
[paired] ep4    PC1|+2: 366 focals
[paired] ep5   natural: 352 focals
[paired] ep5    PC1|-2: 351 focals
[paired] ep5    PC1|-1: 351 focals
[paired] ep5    PC1|+1: 352 focals
[paired] ep5    PC1|+2: 352 focals

[paired] === accel mask rate per condition (audit) ===
[paired]         PC1|+1: mean=0.0017  max=0.461  n=2204
[paired]         PC1|+2: mean=0.0017  max=0.472  n=2205
[paired]         PC1|-1: mean=0.0018  max=0.528  n=2205
[paired]         PC1|-2: mean=0.0018  max=0.506  n=2205
[paired]        natural: mean=0.0018  max=0.539  n=2205
[paired]   spread across conditions: 0.0001

[paired] === HEADLINE: alpha=+2 vs -2, SAME (map, vehicle) ===
[paired]   PC1  speed_mean : diff=+0.154 ± 0.033  t=+9.2  n=2204 pairs
[paired]   PC1  accel_abs  : diff=-0.009 ± 0.008  t=-2.3  n=2204 pairs
[paired]   PC1  accel_pos  : diff=+0.020 ± 0.010  t=+3.9  n=2204 pairs
[paired]   PC1  decel_abs  : diff=-0.030 ± 0.007  t=-8.4  n=2204 pairs
[paired]   PC1  jerk_abs   : diff=-0.068 ± 0.140  t=-0.9  n=2204 pairs
[paired]   PC1  turn_abs   : diff=-0.025 ± 0.004  t=-12.0  n=2204 pairs
[paired]   PC1  event_rate : diff=+0.054 ± 0.059  t=+1.8  n=2204 pairs
[paired]   PC1  decel_p95  : diff=-0.149 ± 0.040  t=-7.3  n=2204 pairs
[paired]   PC1  decel_max  : diff=-0.160 ± 0.047  t=-6.7  n=2204 pairs
[paired]   PC1  accel_p95  : diff=+0.000 ± 0.002  t=+0.3  n=2204 pairs
[paired]   PC1  accel_max  : diff=-0.002 ± 0.004  t=-1.1  n=2204 pairs
[paired]   PC1  hard_brake_rate: diff=-0.005 ± 0.001  t=-7.0  n=2204 pairs
[paired]   PC1  severe_brake_rate: diff=+0.000 ± 0.000  t=+0.6  n=2204 pairs
[paired]   PC1  hard_accel_rate: diff=+0.009 ± 0.003  t=+5.7  n=2204 pairs
[paired]   PC1  jerk_p95   : diff=-0.914 ± 0.472  t=-3.8  n=2204 pairs
[paired]   PC1  jerk_rms   : diff=-0.322 ± 0.177  t=-3.6  n=2204 pairs
[paired]   PC1  jerk_spikiness: diff=-0.018 ± 0.005  t=-7.2  n=2204 pairs
[paired]   PC1  accel_kurt : diff=-0.029 ± 0.073  t=-0.8  n=2204 pairs
[paired]   PC1  n_brake_events: diff=-0.087 ± 0.029  t=-5.9  n=2204 pairs
[paired]   PC1  brake_per_100m: diff=-0.124 ± 0.048  t=-5.0  n=2078 pairs
[paired]   PC1  brake_peak_mean: diff=-0.017 ± 0.054  t=-0.6  n=315 pairs
[paired]   PC1  brake_peak_max: diff=-0.027 ± 0.051  t=-1.0  n=315 pairs
[paired]   PC1  brake_dur_mean: diff=-0.006 ± 0.027  t=-0.4  n=315 pairs
[paired]   PC1  brake_dv_mean: diff=+0.010 ± 0.098  t=+0.2  n=315 pairs
[paired]   PC1  brake_abrupt_mean: diff=-0.022 ± 0.021  t=-2.1  n=315 pairs
[paired]   PC1  n_accel_ev_events: diff=+0.054 ± 0.049  t=+2.2  n=2204 pairs
[paired]   PC1  accel_ev_per_100m: diff=+0.073 ± 0.086  t=+1.7  n=2078 pairs
[paired]   PC1  accel_ev_peak_mean: diff=+0.001 ± 0.007  t=+0.2  n=2201 pairs
[paired]   PC1  accel_ev_peak_max: diff=-0.001 ± 0.001  t=-1.9  n=2201 pairs
[paired]   PC1  accel_ev_dur_mean: diff=-0.008 ± 0.023  t=-0.7  n=2201 pairs
[paired]   PC1  accel_ev_dv_mean: diff=-0.073 ± 0.077  t=-1.9  n=2201 pairs
[paired]   PC1  accel_ev_abrupt_mean: diff=+0.004 ± 0.004  t=+2.3  n=2201 pairs
[paired]   PC1  accel_mask_frac: diff=-0.000 ± 0.000  t=-0.4  n=2204 pairs

[paired] outputs -> /scratch/e452103/analysis/mifutcomply_mifix_dim1_nodiv/paired/role_paired_*.png + *.csv

==================== 3/5 role_scene_consistency [cpu] ====================
[consistency] axes=['PC1']  metrics=['speed_mean', 'accel_abs', 'accel_pos', 'decel_abs', 'jerk_abs', 'turn_abs', 'event_rate', 'decel_p95', 'decel_max', 'accel_p95', 'accel_max', 'hard_brake_rate', 'severe_brake_rate', 'hard_accel_rate', 'jerk_p95', 'jerk_rms', 'jerk_spikiness', 'accel_kurt', 'n_brake_events', 'brake_per_100m', 'brake_peak_mean', 'brake_peak_max', 'brake_dur_mean', 'brake_dv_mean', 'brake_abrupt_mean', 'n_accel_ev_events', 'accel_ev_per_100m', 'accel_ev_peak_mean', 'accel_ev_peak_max', 'accel_ev_dur_mean', 'accel_ev_dv_mean', 'accel_ev_abrupt_mean', 'accel_mask_frac']  rows=11024

=== ALL  PC1  (endpoint +/-PC1 sign-consistency) ===
              metric    n  n_nonzero  pop_mean_delta  paired_t  consistency  monotone_rate  median_abs_delta  z_vs_50
          speed_mean 2204       2198          0.1537       9.2        0.565          0.153            0.2667      6.1
           accel_abs 2204       2198         -0.0093      -2.3        0.530          0.091            0.1050      2.8
           accel_pos 2204       2198          0.0204       3.9        0.521          0.108            0.1278      2.0
           decel_abs 2204       2157         -0.0297      -8.4        0.567          0.143            0.0544      6.2
            jerk_abs 2204       2198         -0.0675      -0.9        0.475          0.084            1.8445     -2.3
            turn_abs 2204       2164         -0.0251     -12.0        0.634          0.167            0.0319     12.4
          event_rate 2204        146          0.0541       1.8        0.596          0.947            0.0000      2.3
           decel_p95 2204       1982         -0.1495      -7.3        0.553          0.178            0.0766      4.7
           decel_max 2204       2126         -0.1602      -6.7        0.553          0.128            0.0284      4.9
           accel_p95 2204       2176          0.0003       0.3        0.489          0.080            0.0049     -1.0
           accel_max 2204       2037         -0.0021      -1.1        0.506          0.148            0.0048      0.5
     hard_brake_rate 2204       1162         -0.0050      -7.0        0.592          0.532            0.0005      6.3
   severe_brake_rate 2204          2          0.0000       0.6        0.500          0.999            0.0000      0.0
     hard_accel_rate 2204       2027          0.0085       5.7        0.540          0.182            0.0374      3.6
            jerk_p95 2204       2191         -0.9140      -3.8        0.513          0.093            3.8028      1.3
            jerk_rms 2204       2198         -0.3224      -3.6        0.500          0.088            2.1670      0.0
      jerk_spikiness 2204       2198         -0.0185      -7.2        0.562          0.089            0.0529      5.8
          accel_kurt 2204       2198         -0.0293      -0.8        0.494          0.087            0.6097     -0.6
      n_brake_events 2204        410         -0.0871      -5.9        0.639          0.833            0.0000      5.6
      brake_per_100m 2078        565         -0.1236      -5.0        0.602          0.748            0.0000      4.8
     brake_peak_mean  315        310         -0.0166      -0.6        0.474          0.082            0.0203     -0.9
      brake_peak_max  315        311         -0.0265      -1.0        0.543          0.097            0.0122      1.5
      brake_dur_mean  315        227         -0.0057      -0.4        0.533          0.311            0.1000      1.0
       brake_dv_mean  315        311          0.0102       0.2        0.473          0.082            0.2680     -1.0
   brake_abrupt_mean  315        313         -0.0221      -2.1        0.550          0.105            0.0921      1.8
   n_accel_ev_events 2204       1298          0.0544       2.2        0.544          0.427            1.0000      3.2
   accel_ev_per_100m 2078       2072          0.0726       1.7        0.521          0.073            0.9029      1.9
  accel_ev_peak_mean 2201       2175          0.0008       0.2        0.482          0.080            0.0105     -1.7
   accel_ev_peak_max 2201       2031         -0.0014      -1.9        0.516          0.158            0.0051      1.4
   accel_ev_dur_mean 2201       1903         -0.0084      -0.7        0.510          0.222            0.1250      0.8
    accel_ev_dv_mean 2201       2193         -0.0733      -1.9        0.531          0.093            0.4328      2.9
accel_ev_abrupt_mean 2201       2193          0.0043       2.3        0.534          0.083            0.0453      3.2
     accel_mask_frac 2204         13         -0.0000      -0.4        0.615          0.995            0.0000      0.8

=== C0:fast  PC1  (endpoint +/-PC1 sign-consistency) ===
              metric   n  n_nonzero  pop_mean_delta  paired_t  consistency  monotone_rate  median_abs_delta  z_vs_50
          speed_mean 512        509          0.0558       1.3        0.444          0.102            0.3968     -2.5
           accel_abs 512        509         -0.0058      -0.9        0.521          0.082            0.0923      0.9
           accel_pos 512        509         -0.0054      -0.7        0.554          0.064            0.1118      2.4
           decel_abs 512        508         -0.0004      -0.1        0.451          0.102            0.0678     -2.2
            jerk_abs 512        509          0.7873       6.9        0.633          0.119            1.6775      6.0
            turn_abs 512        478         -0.0312      -6.6        0.695          0.242            0.0323      8.5
          event_rate 512         18          0.0246       1.3        0.667          0.967            0.0000      1.4
           decel_p95 512        500          0.0371       1.1        0.506          0.117            0.0758      0.3
           decel_max 512        491         -0.0165      -0.5        0.481          0.137            0.0179     -0.9
           accel_p95 512        498         -0.0009      -0.9        0.514          0.117            0.0047      0.6
           accel_max 512        443         -0.0009      -1.1        0.506          0.207            0.0018      0.2
     hard_brake_rate 512        384         -0.0001      -0.1        0.495          0.299            0.0143     -0.2
   severe_brake_rate 512          0          0.0000       NaN          NaN            NaN            0.0000      NaN
     hard_accel_rate 512        481          0.0021       0.9        0.472          0.148            0.0345     -1.2
            jerk_p95 512        506          1.7192       4.6        0.595          0.127            1.4792      4.3
            jerk_rms 512        509          0.9056       6.8        0.640          0.135            1.7694      6.3
      jerk_spikiness 512        509         -0.0050      -2.1        0.550          0.104            0.0329      2.3
          accel_kurt 512        509         -0.0700      -2.6        0.530          0.115            0.2170      1.4
      n_brake_events 512        153         -0.1250      -3.5        0.621          0.703            0.0000      3.0
      brake_per_100m 512        232         -0.0885      -3.9        0.582          0.568            0.0000      2.5
     brake_peak_mean 150        145         -0.0278      -0.6        0.462          0.115            0.0341     -0.9
      brake_peak_max 150        146         -0.0430      -0.9        0.541          0.153            0.0131      1.0
      brake_dur_mean 150        100          0.0054       0.3        0.460          0.321            0.0881     -0.8
       brake_dv_mean 150        146          0.0476       0.7        0.473          0.107            0.1997     -0.7
   brake_abrupt_mean 150        148         -0.0197      -1.3        0.561          0.107            0.0809      1.5
   n_accel_ev_events 512        339          0.2324       4.0        0.611          0.393            1.0000      4.1
   accel_ev_per_100m 512        509          0.1403       3.3        0.568          0.094            0.5861      3.1
  accel_ev_peak_mean 512        504         -0.0054      -0.7        0.571          0.123            0.0247      3.2
   accel_ev_peak_max 512        442         -0.0021      -2.3        0.538          0.223            0.0023      1.6
   accel_ev_dur_mean 512        479         -0.0360      -3.8        0.608          0.199            0.0750      4.7
    accel_ev_dv_mean 512        509         -0.1163      -3.9        0.597          0.102            0.2491      4.4
accel_ev_abrupt_mean 512        509         -0.0026      -0.7        0.515          0.109            0.0442      0.7
     accel_mask_frac 512          0          0.0000       NaN          NaN            NaN            0.0000      NaN

=== C1:stop&go  PC1  (endpoint +/-PC1 sign-consistency) ===
              metric  n  n_nonzero  pop_mean_delta  paired_t  consistency  monotone_rate  median_abs_delta  z_vs_50
          speed_mean 60         59          0.3107       3.1        0.780          0.267            0.1850      4.3
           accel_abs 60         59          0.0646       1.7        0.542          0.183            0.1666      0.7
           accel_pos 60         59          0.1456       2.7        0.627          0.250            0.1811      2.0
           decel_abs 60         44         -0.0811      -2.3        0.568          0.417            0.0027      0.9
            jerk_abs 60         59         -1.6436      -2.6        0.593          0.150            2.4647      1.4
            turn_abs 60         59         -0.0052      -0.5        0.627          0.267            0.0249      2.0
          event_rate 60          3          0.1926       0.5        0.667          0.933            0.0000      0.6
           decel_p95 60         37         -0.4049      -2.6        0.703          0.500            0.0027      2.5
           decel_max 60         44         -0.2827      -1.7        0.682          0.300            0.0074      2.4
           accel_p95 60         59          0.0296       1.3        0.559          0.217            0.0063      0.9
           accel_max 60         57         -0.0565      -0.9        0.491          0.150            0.0078     -0.1
     hard_brake_rate 60         18         -0.0081      -1.0        0.556          0.817            0.0000      0.5
   severe_brake_rate 60          2          0.0005       0.6        0.500          0.950            0.0000      0.0
     hard_accel_rate 60         49          0.0414       2.7        0.592          0.450            0.0625      1.3
            jerk_p95 60         59         -3.9651      -2.4        0.627          0.167            7.6198      2.0
            jerk_rms 60         59         -2.3283      -2.9        0.610          0.167            2.6553      1.7
      jerk_spikiness 60         59         -0.0215      -0.8        0.458          0.117            0.0993     -0.7
          accel_kurt 60         59         -0.3001      -1.2        0.610          0.183            0.8379      1.7
      n_brake_events 60         14         -0.3333      -2.8        0.857          0.917            0.0000      2.7
      brake_per_100m 11          7         -3.1402      -3.1        1.000          0.818            1.7670      2.6
     brake_peak_mean  6          6          0.1066       0.5        0.500          0.200            0.3784      0.0
      brake_peak_max  6          6         -0.0251      -1.3        1.000          0.000            0.0080      2.4
      brake_dur_mean  6          6          0.0728       0.6        0.667          0.400            0.1583      0.8
       brake_dv_mean  6          6          0.3320       0.8        0.667          0.400            0.6954      0.8
   brake_abrupt_mean  6          6         -0.0778      -1.3        0.833          0.400            0.1801      1.6
   n_accel_ev_events 60         22         -0.2000      -1.0        0.545          0.717            0.0000      0.4
   accel_ev_per_100m 11          9          2.0598       2.0        0.667          0.273            2.6729      1.0
  accel_ev_peak_mean 57         54          0.0178       1.7        0.537          0.175            0.0073      0.5
   accel_ev_peak_max 57         54          0.0026       0.8        0.556          0.158            0.0077      0.8
   accel_ev_dur_mean 57         40          0.0702       1.5        0.675          0.404            0.0525      2.2
    accel_ev_dv_mean 57         56          0.2547       1.6        0.625          0.158            0.2653      1.9
accel_ev_abrupt_mean 57         56         -0.0034      -0.3        0.429          0.175            0.0542     -1.1
     accel_mask_frac 60         11         -0.0006      -0.2        0.545          0.867            0.0000      0.3

=== C2:mid-speed  PC1  (endpoint +/-PC1 sign-consistency) ===
              metric   n  n_nonzero  pop_mean_delta  paired_t  consistency  monotone_rate  median_abs_delta  z_vs_50
          speed_mean 930        928          0.1336       6.3        0.552          0.152            0.2201      3.2
           accel_abs 930        928         -0.0093      -1.6        0.540          0.097            0.1067      2.4
           accel_pos 930        928          0.0187       2.5        0.523          0.101            0.1257      1.4
           decel_abs 930        913         -0.0281      -5.5        0.582          0.133            0.0462      4.9
            jerk_abs 930        928         -0.0930      -0.9        0.487          0.083            1.7405     -0.8
            turn_abs 930        928         -0.0214      -8.6        0.631          0.140            0.0305      8.0
          event_rate 930         48          0.0253       0.8        0.583          0.958            0.0000      1.2
           decel_p95 930        818         -0.1338      -4.4        0.564          0.162            0.0812      3.6
           decel_max 930        905         -0.1748      -4.5        0.576          0.109            0.0375      4.6
           accel_p95 930        922         -0.0001      -0.1        0.524          0.083            0.0048      1.4
           accel_max 930        871         -0.0014      -1.9        0.538          0.135            0.0056      2.3
     hard_brake_rate 930        399         -0.0048      -4.9        0.627          0.616            0.0000      5.1
   severe_brake_rate 930          0          0.0000       NaN          NaN            NaN            0.0000      NaN
     hard_accel_rate 930        844          0.0070       3.3        0.545          0.178            0.0368      2.6
            jerk_p95 930        927         -0.9892      -2.7        0.531          0.090            4.0665      1.9
            jerk_rms 930        928         -0.3413      -2.6        0.520          0.075            2.1503      1.2
      jerk_spikiness 930        928         -0.0227      -5.6        0.569          0.090            0.0615      4.2
          accel_kurt 930        928         -0.0670      -1.1        0.491          0.083            0.7876     -0.5
      n_brake_events 930        119         -0.0570      -3.1        0.639          0.888            0.0000      3.0
      brake_per_100m 905        166         -0.1058      -2.8        0.590          0.819            0.0000      2.3
     brake_peak_mean  71         71         -0.0029      -0.0        0.465          0.052            0.0189     -0.6
      brake_peak_max  71         71         -0.0042      -0.1        0.507          0.052            0.0126      0.1
      brake_dur_mean  71         52         -0.0037      -0.1        0.538          0.276            0.1000      0.6
       brake_dv_mean  71         71          0.0085       0.1        0.408          0.034            0.2649     -1.5
   brake_abrupt_mean  71         71         -0.0165      -0.8        0.493          0.069            0.0982     -0.1
   n_accel_ev_events 930        493          0.0344       1.0        0.531          0.458            1.0000      1.4
   accel_ev_per_100m 905        904          0.1280       1.9        0.533          0.076            1.1603      2.0
  accel_ev_peak_mean 930        920          0.0013       0.2        0.475          0.073            0.0083     -1.5
   accel_ev_peak_max 930        869         -0.0031      -1.9        0.547          0.142            0.0056      2.7
   accel_ev_dur_mean 930        754         -0.0291      -1.6        0.481          0.247            0.1500     -1.0
    accel_ev_dv_mean 930        927         -0.1561      -2.4        0.530          0.106            0.5289      1.8
accel_ev_abrupt_mean 930        927          0.0051       1.8        0.553          0.090            0.0426      3.3
     accel_mask_frac 930          0          0.0000       NaN          NaN            NaN            0.0000      NaN

=== C3:turning  PC1  (endpoint +/-PC1 sign-consistency) ===
              metric   n  n_nonzero  pop_mean_delta  paired_t  consistency  monotone_rate  median_abs_delta  z_vs_50
          speed_mean 361        361          0.2303       5.1        0.679          0.202            0.2784      6.8
           accel_abs 361        361         -0.0426      -3.6        0.576          0.100            0.1211      2.9
           accel_pos 361        361          0.0080       0.5        0.521          0.105            0.1468      0.8
           decel_abs 361        353         -0.0506      -4.9        0.635          0.172            0.0607      5.1
            jerk_abs 361        361         -0.5153      -2.3        0.507          0.111            2.2935      0.3
            turn_abs 361        361         -0.0256      -5.1        0.593          0.122            0.0389      3.5
          event_rate 361         43          0.1819       1.7        0.605          0.911            0.0000      1.4
           decel_p95 361        307         -0.2999      -5.1        0.586          0.216            0.1186      3.0
           decel_max 361        352         -0.1765      -2.5        0.562          0.116            0.0348      2.3
           accel_p95 361        361         -0.0041      -1.2        0.551          0.058            0.0058      1.9
           accel_max 361        349          0.0001       0.1        0.516          0.094            0.0073      0.6
     hard_brake_rate 361        176         -0.0095      -4.8        0.693          0.587            0.0000      5.1
   severe_brake_rate 361          0          0.0000       NaN          NaN            NaN            0.0000      NaN
     hard_accel_rate 361        341          0.0079       1.7        0.540          0.169            0.0455      1.5
            jerk_p95 361        360         -2.5063      -3.5        0.564          0.089            7.9813      2.4
            jerk_rms 361        361         -1.1425      -4.1        0.560          0.116            2.8314      2.3
      jerk_spikiness 361        361         -0.0321      -4.2        0.590          0.066            0.0764      3.4
          accel_kurt 361        361          0.0681       0.5        0.540          0.102            1.1493      1.5
      n_brake_events 361         59         -0.0305      -0.8        0.593          0.870            0.0000      1.4
      brake_per_100m 330         70         -0.0688      -0.8        0.657          0.818            0.0000      2.6
     brake_peak_mean  34         34         -0.0026      -0.1        0.559          0.038            0.0175      0.7
      brake_peak_max  34         34          0.0396       1.0        0.500          0.077            0.0144      0.0
      brake_dur_mean  34         27         -0.0874      -1.9        0.593          0.269            0.1000      1.0
       brake_dv_mean  34         34         -0.2903      -1.8        0.529          0.077            0.3762      0.3
   brake_abrupt_mean  34         34         -0.0159      -0.5        0.588          0.154            0.1044      1.0
   n_accel_ev_events 361        239         -0.0443      -0.7        0.498          0.360            1.0000     -0.1
   accel_ev_per_100m 330        330         -0.2039      -1.3        0.567          0.130            1.7522      2.4
  accel_ev_peak_mean 361        360         -0.0074      -0.8        0.486          0.061            0.0099     -0.5
   accel_ev_peak_max 361        348         -0.0002      -0.1        0.483          0.094            0.0076     -0.6
   accel_ev_dur_mean 361        323          0.0452       1.1        0.526          0.202            0.2750      0.9
    accel_ev_dv_mean 361        361          0.0609       0.4        0.507          0.086            0.9108      0.3
accel_ev_abrupt_mean 361        361          0.0106       2.2        0.554          0.075            0.0495      2.1
     accel_mask_frac 361          1         -0.0000      -1.0        1.000          0.997            0.0000      1.0

[consistency] wrote /scratch/e452103/analysis/mifutcomply_mifix_dim1_nodiv/paired/role_scene_consistency.csv

Read: consistency ~0.5 = per-scene coin-flip (average-only); ->1.0 = the dial works in nearly every scene. Trust the consistency column only for metrics whose paired_t is large (a real monotone effect); for V-shaped metrics read pop_mean/paired_t instead.

==================== 4/5 role_space_map [cpu] ====================
[map] 6860 agents, role_dim=1 (PCA from role vectors)
[map] PC1 100%  PC2 0%  -> /scratch/e452103/analysis/mifutcomply_mifix_dim1_nodiv/paired/role_space_map.png

==================== 5/5 role_feature_corr [cpu] ====================
role dims: ['role_0']
raw features found: ['speed_mean', 'accel_abs', 'jerk_abs', 'turn_abs', 'event_rate']
saved /scratch/e452103/analysis/mifutcomply_mifix_dim1_nodiv/paired/role_role_corr.png
max |off-diagonal r| = 0.000  -- fairly independent
saved /scratch/e452103/analysis/mifutcomply_mifix_dim1_nodiv/paired/role_feature_corr.png

[role_an] stats archive: /scratch/e452103/analysis/mifutcomply_mifix_dim1_nodiv_paired.tgz (4.7M)
[role_an] DONE -> /scratch/e452103/analysis/mifutcomply_mifix_dim1_nodiv  (see README.txt for the file guide)
[role_an] the chained render job adds renders/role_grid/ and zips the folder
