[icc] ckpt=/scratch/e452103/checkpoints/roma_mifutagent_dim1_H8_r16p64_ft_comply25_nodiv/roma_dim1_final.pt out=/scratch/e452103/role_icc/ft_comply25_rep2 (CPU / compute partition)
[icc] branch=mi-future-agentcentric-film commit=8c58edc
[icc] role_dim=1 checkpoint=/scratch/e452103/checkpoints/roma_mifutagent_dim1_H8_r16p64_ft_comply25_nodiv/roma_dim1_final.pt
[icc] episode 1/3: 2242 vehicles
[icc] episode 2/3: 2234 vehicles
[icc] episode 3/3: 2290 vehicles
[icc] 6766 rows -> 6354 unique (scenario, vehicle) after collapsing 412 repeats
[icc] 1109 scenes with >=2 vehicles (107 single-vehicle scenes dropped), 6247 vehicles, mean 5.6 per scene
[icc] role PCA explained var: ['100%']

==================================================================
  SCENE ICC  (1.0 = role is the map, 0.0 = role is the driver)
==================================================================

  role dims
    role_0           ICC = +0.186   (between 0.1594 / within 0.6954)

  role PCs
    pc1              ICC = +0.186   (between 0.1594 / within 0.6954)

  ROLE OVERALL
    role_ALL_DIMS    ICC = +0.186   (between 0.1594 / within 0.6954)

  behaviour (control)
    speed_mean       ICC = +0.623   (between 32.17 / within 19.48)
    accel_abs        ICC = +0.358   (between 0.05645 / within 0.1014)
    accel_pos        ICC = +0.333   (between 0.1154 / within 0.2315)
    decel_abs        ICC = +0.140   (between 0.01361 / within 0.08387)
    jerk_abs         ICC = +0.247   (between 8.662 / within 26.44)
    turn_abs         ICC = +0.327   (between 0.00789 / within 0.01622)
    event_rate       ICC = +0.169   (between 0.1872 / within 0.9232)
    decel_p95        ICC = +0.189   (between 0.3691 / within 1.586)
    decel_max        ICC = +0.157   (between 0.305 / within 1.636)
    accel_p95        ICC = +0.023   (between 0.0002159 / within 0.009006)
    accel_max        ICC = +0.094   (between 0.002748 / within 0.02638)
    hard_brake_rate  ICC = +0.067   (between 0.0001961 / within 0.002725)
    severe_brake_rate ICC = -0.028   (between 0 / within 4.022e-07)
    hard_accel_rate  ICC = +0.324   (between 0.008762 / within 0.0183)
    jerk_p95         ICC = +0.125   (between 24.23 / within 169.2)
    jerk_rms         ICC = +0.195   (between 8.653 / within 35.67)
    jerk_spikiness   ICC = +0.186   (between 0.004885 / within 0.02134)
    accel_kurt       ICC = +0.180   (between 0.5666 / within 2.589)
    n_brake_events   ICC = +0.107   (between 0.08291 / within 0.693)
    brake_per_100m   ICC = +0.190   (between 0.7418 / within 3.17)
    brake_peak_mean  ICC = +0.033   (between 0.01398 / within 0.4155)
    brake_peak_max   ICC = +0.057   (between 0.02403 / within 0.3963)
    brake_dur_mean   ICC = +0.018   (between 0.0007209 / within 0.0392)
    brake_dv_mean    ICC = +0.030   (between 0.01711 / within 0.5592)
    brake_abrupt_mean ICC = +0.023   (between 0.001068 / within 0.04576)
    n_accel_ev_events ICC = +0.199   (between 0.7465 / within 2.997)
    accel_ev_per_100m ICC = +0.353   (between 6.335 / within 11.61)
    accel_ev_peak_mean ICC = +0.064   (between 0.0027 / within 0.03937)
    accel_ev_peak_max ICC = +0.092   (between 0.002643 / within 0.026)
    accel_ev_dur_mean ICC = +0.185   (between 0.06159 / within 0.272)
    accel_ev_dv_mean ICC = +0.211   (between 0.8506 / within 3.189)
    accel_ev_abrupt_mean ICC = +0.170   (between 0.00256 / within 0.01252)
    accel_mask_frac  ICC = +0.151   (between 0.0001433 / within 0.0008027)

------------------------------------------------------------------
  role overall ICC      : +0.186
  behaviour median ICC  : +0.169   <- the honest reference
  VERDICT: role tracks behaviour's own scene structure. Not obviously
           map-driven; whatever caps per-scene consistency is elsewhere.
------------------------------------------------------------------

[icc] wrote role_scene_icc.csv / .png / _agents.csv -> /scratch/e452103/role_icc/ft_comply25_rep2
[icc] done -> /scratch/e452103/role_icc/ft_comply25_rep2
