wandb: [wandb.login()] Loaded credentials for https://api.wandb.ai from WANDB_API_KEY.
wandb: Currently logged in as: baturalpkorpe (baturalpkorpe-bilkent-niversitesi) to https://api.wandb.ai. Use `wandb login --relogin` to force relogin
wandb: setting up run wsedut6q
wandb: Tracking run with wandb version 0.28.0
wandb: Run data is saved locally in /scratch/e452103/PufferDrive/wandb/run-20260810_161725-wsedut6q
wandb: Run `wandb offline` to turn off syncing.
wandb: Syncing run roma_mifutagent_dim1_ft_collstop_nodiv
wandb: ⭐️ View project at https://wandb.ai/s-rahmani-tu-delft/roma-pufferdrive
wandb: 🚀 View run at https://wandb.ai/s-rahmani-tu-delft/roma-pufferdrive/runs/wsedut6q
wandb: updating run metadata
wandb: uploading config.yaml
wandb: uploading config.yaml; uploading output.log; uploading wandb-summary.json
wandb: uploading config.yaml; uploading output.log; uploading wandb-summary.json; uploading data
wandb: uploading config.yaml; uploading output.log; uploading wandb-summary.json
wandb: uploading config.yaml; uploading output.log; uploading wandb-summary.json; uploading data
wandb: uploading config.yaml; uploading output.log; uploading wandb-summary.json
wandb: uploading config.yaml; uploading output.log; uploading wandb-summary.json; uploading data
wandb: uploading config.yaml; uploading output.log; uploading wandb-summary.json
wandb: uploading config.yaml; uploading output.log; uploading wandb-summary.json; uploading data
wandb: uploading config.yaml; uploading output.log; uploading wandb-summary.json
wandb: uploading config.yaml; uploading output.log; uploading wandb-summary.json; uploading data
wandb: uploading config.yaml; uploading output.log; uploading wandb-summary.json
wandb: uploading config.yaml; uploading output.log; uploading wandb-summary.json; uploading data
wandb: uploading config.yaml; uploading output.log; uploading wandb-summary.json
wandb: uploading config.yaml; uploading output.log; uploading wandb-summary.json; uploading data
wandb: uploading config.yaml; uploading output.log; uploading wandb-summary.json
wandb: uploading config.yaml; uploading output.log; uploading wandb-summary.json; uploading data
wandb: uploading config.yaml; uploading output.log; uploading wandb-summary.json
wandb: uploading config.yaml; uploading output.log; uploading wandb-summary.json; uploading data
wandb: uploading config.yaml; uploading output.log; uploading wandb-summary.json
wandb: uploading config.yaml; uploading output.log; uploading wandb-summary.json; uploading data
wandb: uploading config.yaml; uploading output.log; uploading wandb-summary.json
wandb: uploading config.yaml; uploading output.log; uploading wandb-summary.json; uploading data
wandb: uploading config.yaml; uploading output.log; uploading wandb-summary.json
wandb: uploading config.yaml; uploading output.log; uploading wandb-summary.json; uploading data
wandb: uploading config.yaml; uploading output.log; uploading wandb-summary.json
wandb: uploading config.yaml; uploading output.log; uploading wandb-summary.json; uploading data
wandb: uploading config.yaml; uploading output.log; uploading wandb-summary.json
wandb: uploading config.yaml; uploading output.log; uploading wandb-summary.json; uploading data
wandb: uploading config.yaml; uploading output.log; uploading wandb-summary.json
wandb: uploading config.yaml; uploading output.log; uploading wandb-summary.json; uploading data
wandb: uploading config.yaml; uploading output.log; uploading wandb-summary.json
wandb: uploading config.yaml; uploading output.log; uploading wandb-summary.json; uploading data
wandb: uploading config.yaml; uploading output.log; uploading wandb-summary.json
wandb: uploading config.yaml; uploading output.log; uploading wandb-summary.json; uploading data
wandb: uploading config.yaml; uploading output.log; uploading wandb-summary.json
wandb: uploading config.yaml; uploading wandb-summary.json
wandb: uploading config.yaml
wandb: uploading config.yaml; uploading data
wandb: uploading config.yaml
wandb: 
wandb: Run history:
wandb:        encoders/ego_delta ▇█▅▅▇▆▇▄▅█▅▄▆▄▄▄▅▅▆▆▄▄▄▄▄▃▃▄▂▃▂▃▃▂▂▁▁▁▁▁
wandb:    encoders/partner_delta ▆█▆▇█▆▇█▅▇▅▅▅▆▅▄▄▄▄▄▄▄▄▄▄▄▄▃▃▃▂▂▂▂▂▂▁▁▁▁
wandb:       encoders/road_delta ██▅▆▆▅▅▅▄▆▄▄▅▅▄▄▅▄▅▄▄▃▃▄▅▃▃▄▃▃▃▃▂▂▃▂▁▁▁▁
wandb:  eval/wosac_angular_accel ▁█
wandb:  eval/wosac_angular_speed █▁
wandb:      eval/wosac_collision ▁█
wandb:       eval/wosac_dist_obj █▁
wandb: eval/wosac_dist_road_edge ▁█
wandb:    eval/wosac_interactive ▁█
wandb:      eval/wosac_kinematic █▁
wandb:                       +21 ...
wandb: 
wandb: Run summary:
wandb:        encoders/ego_delta 0.0
wandb:    encoders/partner_delta 0.0
wandb:       encoders/road_delta 0.0
wandb:  eval/wosac_angular_accel 0.28743
wandb:  eval/wosac_angular_speed 0.24613
wandb:      eval/wosac_collision 0.9497
wandb:       eval/wosac_dist_obj 0.3036
wandb: eval/wosac_dist_road_edge 0.63087
wandb:    eval/wosac_interactive 0.68314
wandb:      eval/wosac_kinematic 0.27541
wandb:                       +21 ...
wandb: 
wandb: 🚀 View run roma_mifutagent_dim1_ft_collstop_nodiv at: https://wandb.ai/s-rahmani-tu-delft/roma-pufferdrive/runs/wsedut6q
wandb: ⭐️ View project at: https://wandb.ai/s-rahmani-tu-delft/roma-pufferdrive
wandb: Synced 5 W&B file(s), 0 media file(s), 0 artifact file(s) and 0 other file(s)
wandb: Find logs at: ./wandb/run-20260810_161725-wsedut6q/logs
