wandb: [wandb.login()] Loaded credentials for https://api.wandb.ai from WANDB_API_KEY.
wandb: Currently logged in as: baturalpkorpe (baturalpkorpe-bilkent-niversitesi) to https://api.wandb.ai. Use `wandb login --relogin` to force relogin
wandb: Tracking run with wandb version 0.28.0
wandb: Run data is saved locally in /scratch/e452103/PufferDrive/wandb/run-20260809_104920-58mj0kx8
wandb: Run `wandb offline` to turn off syncing.
wandb: Syncing run roma_mifutagent_dim1_ft_comply25_nodiv
wandb: ⭐️ View project at https://wandb.ai/s-rahmani-tu-delft/roma-pufferdrive
wandb: 🚀 View run at https://wandb.ai/s-rahmani-tu-delft/roma-pufferdrive/runs/58mj0kx8
wandb: updating run metadata
wandb: uploading wandb-summary.json; uploading config.yaml; uploading output.log
wandb: uploading wandb-summary.json; uploading config.yaml; uploading output.log; uploading history steps 634-635, summary, console lines 642-644
wandb: uploading wandb-summary.json; uploading config.yaml; uploading output.log
wandb: uploading wandb-summary.json; uploading config.yaml; uploading output.log; uploading data
wandb: uploading wandb-summary.json; uploading config.yaml; uploading output.log
wandb: uploading wandb-summary.json; uploading config.yaml; uploading output.log; uploading data
wandb: uploading wandb-summary.json; uploading config.yaml; uploading output.log
wandb: uploading wandb-summary.json; uploading config.yaml; uploading output.log; uploading data
wandb: uploading wandb-summary.json; uploading config.yaml; uploading output.log
wandb: uploading wandb-summary.json; uploading config.yaml; uploading output.log; uploading data
wandb: uploading wandb-summary.json; uploading config.yaml; uploading output.log
wandb: uploading wandb-summary.json; uploading config.yaml; uploading output.log; uploading data
wandb: uploading wandb-summary.json; uploading config.yaml; uploading output.log
wandb: uploading wandb-summary.json; uploading config.yaml; uploading output.log; uploading data
wandb: uploading wandb-summary.json; uploading config.yaml; uploading output.log
wandb: uploading wandb-summary.json; uploading config.yaml; uploading output.log; uploading data
wandb: uploading wandb-summary.json; uploading config.yaml; uploading output.log
wandb: uploading wandb-summary.json; uploading config.yaml; uploading output.log; uploading data
wandb: uploading wandb-summary.json; uploading config.yaml; uploading output.log
wandb: uploading wandb-summary.json; uploading config.yaml; uploading output.log; uploading data
wandb: uploading wandb-summary.json; uploading config.yaml; uploading output.log
wandb: uploading wandb-summary.json; uploading config.yaml; uploading output.log; uploading data
wandb: uploading wandb-summary.json; uploading config.yaml; uploading output.log
wandb: uploading wandb-summary.json; uploading config.yaml; uploading output.log; uploading data
wandb: uploading wandb-summary.json; uploading config.yaml; uploading output.log
wandb: uploading wandb-summary.json; uploading config.yaml; uploading output.log; uploading data
wandb: uploading wandb-summary.json; uploading config.yaml; uploading output.log
wandb: uploading wandb-summary.json; uploading config.yaml; uploading output.log; uploading data
wandb: uploading wandb-summary.json; uploading config.yaml; uploading output.log
wandb: uploading wandb-summary.json; uploading config.yaml; uploading output.log; uploading data
wandb: uploading wandb-summary.json; uploading config.yaml; uploading output.log
wandb: uploading wandb-summary.json; uploading config.yaml; uploading output.log; uploading data
wandb: uploading wandb-summary.json; uploading config.yaml; uploading output.log
wandb: uploading wandb-summary.json; uploading config.yaml; uploading output.log; uploading data
wandb: uploading wandb-summary.json; uploading config.yaml; uploading output.log
wandb: uploading wandb-summary.json; uploading config.yaml; uploading output.log; uploading data
wandb: uploading wandb-summary.json; uploading config.yaml; uploading output.log
wandb: uploading wandb-summary.json; uploading config.yaml; uploading output.log; uploading data
wandb: uploading wandb-summary.json; uploading config.yaml; uploading output.log
wandb: uploading wandb-summary.json; uploading config.yaml; uploading output.log; uploading data
wandb: uploading wandb-summary.json; uploading config.yaml; uploading output.log
wandb: uploading wandb-summary.json; uploading output.log
wandb: uploading wandb-summary.json
wandb: uploading wandb-summary.json; uploading data
wandb: uploading wandb-summary.json
wandb: 
wandb: Run history:
wandb:     encoders/ego_delta ▇█▇▆▇▅▅▆▅▄▅▄▆▄▅▃▅▃▆▄▃▄▄▃▄▄▃▄▄▃▂▂▃▂▂▂▁▁▁▁
wandb: encoders/partner_delta ▆▇▆▇█▇▅▇▆▅▆▅▆▅▅▄▅▅▄▅▄▄▄▅▄▄▄▄▃▃▃▃▃▃▂▂▂▂▁▁
wandb:    encoders/road_delta █▆▆▅▆▄▅▆▄▅▄▄▄▅▄▄▄▅▄▃▄▄▄▅▃▃▄▃▃▃▃▃▂▂▂▂▂▁▁▁
wandb:         role/role_norm █▆▆▆▅▃▆▇▁▅▂▅▅▆▅▅▄▂▃▅▃▆▆▆▄▄▅▄▂▅▆▄▆▅▅▁▄▅▃▆
wandb:          role/role_std ▂▁▁▂▁▃▃▄▁▃▄▃▃▄▃▃▅▃▄▃▄▃▃▅▃▄▄▃▄▄▄▃▄▃▄█▅▅▅▄
wandb: train/compliance_error ▂▅▄▄▄▂▃▅▇▂▆▅▆▆▅▅▆▃▅▆▅▄▂▅▆▁▄▆▄▆▆██▄▆▅▆▆▆▅
wandb:         train/div_loss █▇▇▅▆▄▅▅▄▅▆▃▃▅▃▄▅▄▆▃▃▂▂▃▃▂▃▁▂▄▂▄▂▁▂▃▄▂▂▁
wandb:          train/kl_loss ▁▁▁▁▁▁▁▁▁▁▁▁▁▁▁▁▁▁▁▁▁▁▁▁▁▁▁▁▁▁▁▁▁▁▁▁▁▁▁▁
wandb:      train/mean_return ▁▃▄▄▄▅▅▆▆▆▅▆▅▆▇█▇▇▇▆▅▅▅▄▄▇▇▇▇▇▇██▇▇████▇
wandb:          train/mi_loss ▆█▂▃▆▂▃▂▂▄▂▂▄▁▃▄▃▄▆▅▅▄▄▂▅▅▃▃▂▅▄▄▅▅▅▄▅▅▅▅
wandb:                     +6 ...
wandb: 
wandb: Run summary:
wandb:     encoders/ego_delta 0.0
wandb: encoders/partner_delta 0.0
wandb:    encoders/road_delta 0.0
wandb:         role/role_norm 4.32715
wandb:          role/role_std 2.52359
wandb: train/compliance_error 0.00052
wandb:         train/div_loss -0.58984
wandb:          train/kl_loss 0
wandb:      train/mean_return 1.02722
wandb:          train/mi_loss 0.00085
wandb:                     +6 ...
wandb: 
wandb: 🚀 View run roma_mifutagent_dim1_ft_comply25_nodiv at: https://wandb.ai/s-rahmani-tu-delft/roma-pufferdrive/runs/58mj0kx8
wandb: ⭐️ View project at: https://wandb.ai/s-rahmani-tu-delft/roma-pufferdrive
wandb: Synced 5 W&B file(s), 0 media file(s), 0 artifact file(s) and 0 other file(s)
wandb: Find logs at: ./wandb/run-20260809_104920-58mj0kx8/logs
