wandb: [wandb.login()] Loaded credentials for https://api.wandb.ai from WANDB_API_KEY.
wandb: W&B API key is configured. Use `wandb login --relogin` to force relogin
wandb: Tracking run with wandb version 0.28.0
wandb: Run data is saved locally in /scratch/e452103/PufferDrive/wandb/run-20260807_000311-fgxj22rl
wandb: Run `wandb offline` to turn off syncing.
wandb: Syncing run roma_mifutagentH8_dim1_r16p64_ep_comply_mifix_nodiv_maps10000_0
wandb: ⭐️ View project at https://wandb.ai/s-rahmani-tu-delft/roma-pufferdrive
wandb: 🚀 View run at https://wandb.ai/s-rahmani-tu-delft/roma-pufferdrive/runs/fgxj22rl
wandb: updating run metadata
wandb: uploading config.yaml
wandb: uploading config.yaml; uploading output.log; uploading wandb-summary.json
wandb: uploading config.yaml; uploading output.log; uploading wandb-summary.json; uploading data
wandb: uploading config.yaml; uploading output.log; uploading wandb-summary.json
wandb: uploading config.yaml; uploading output.log; uploading wandb-summary.json; uploading data
wandb: uploading config.yaml; uploading output.log; uploading wandb-summary.json
wandb: uploading config.yaml; uploading output.log; uploading wandb-summary.json; uploading data
wandb: uploading config.yaml; uploading output.log; uploading wandb-summary.json
wandb: uploading config.yaml; uploading output.log; uploading wandb-summary.json; uploading data
wandb: uploading config.yaml; uploading output.log; uploading wandb-summary.json
wandb: uploading config.yaml; uploading output.log; uploading wandb-summary.json; uploading data
wandb: uploading config.yaml; uploading output.log; uploading wandb-summary.json
wandb: uploading config.yaml; uploading output.log; uploading wandb-summary.json; uploading data
wandb: uploading config.yaml; uploading output.log; uploading wandb-summary.json
wandb: uploading config.yaml; uploading output.log; uploading wandb-summary.json; uploading data
wandb: uploading config.yaml; uploading output.log; uploading wandb-summary.json
wandb: uploading config.yaml; uploading output.log; uploading wandb-summary.json; uploading data
wandb: uploading config.yaml; uploading output.log; uploading wandb-summary.json
wandb: uploading config.yaml; uploading output.log; uploading wandb-summary.json; uploading data
wandb: uploading config.yaml; uploading output.log; uploading wandb-summary.json
wandb: uploading config.yaml; uploading output.log; uploading wandb-summary.json; uploading data
wandb: uploading config.yaml; uploading output.log; uploading wandb-summary.json
wandb: uploading config.yaml; uploading output.log; uploading wandb-summary.json; uploading data
wandb: uploading config.yaml; uploading output.log; uploading wandb-summary.json
wandb: uploading config.yaml; uploading output.log; uploading wandb-summary.json; uploading data
wandb: uploading config.yaml; uploading output.log; uploading wandb-summary.json
wandb: uploading config.yaml; uploading output.log; uploading wandb-summary.json; uploading data
wandb: uploading config.yaml; uploading output.log; uploading wandb-summary.json
wandb: uploading config.yaml; uploading output.log; uploading wandb-summary.json; uploading data
wandb: uploading config.yaml; uploading output.log; uploading wandb-summary.json
wandb: uploading config.yaml; uploading output.log; uploading wandb-summary.json; uploading data
wandb: uploading config.yaml; uploading output.log; uploading wandb-summary.json
wandb: uploading config.yaml; uploading output.log
wandb: uploading config.yaml
wandb: uploading data
wandb: 
wandb: Run history:
wandb:        encoders/ego_delta █▂▂▁▂▂▁▂▁▁▁▁▁▁▁▁▁▁▁▁▁▁▁▁▁▁▁▁▁▁▁▁▁▁▁▁▁▁▁▁
wandb:    encoders/partner_delta ▇█▅▆▆▅▆▆▄▅▅▅▄▄▄▄▃▃▃▃▃▂▂▃▂▂▂▂▂▂▂▂▂▂▂▁▁▁▁▁
wandb:       encoders/road_delta █▆▄▄▃▄▄▄▄▄▃▄▄▄▃▃▃▃▃▃▃▃▃▂▂▂▂▂▂▂▂▂▁▁▁▁▁▁▁▁
wandb:  eval/wosac_angular_accel ▁▅█▇█
wandb:  eval/wosac_angular_speed ▁▅█▇█
wandb:      eval/wosac_collision ▁▆▄▇█
wandb:       eval/wosac_dist_obj ▁▄█▆▇
wandb: eval/wosac_dist_road_edge ▁▄███
wandb:    eval/wosac_interactive ▁▅▅▇█
wandb:      eval/wosac_kinematic ▁▆█▇▇
wandb:                       +21 ...
wandb: 
wandb: Run summary:
wandb:        encoders/ego_delta 0.0
wandb:    encoders/partner_delta 0.0
wandb:       encoders/road_delta 0.0
wandb:  eval/wosac_angular_accel 0.42384
wandb:  eval/wosac_angular_speed 0.33723
wandb:      eval/wosac_collision 0.88223
wandb:       eval/wosac_dist_obj 0.29775
wandb: eval/wosac_dist_road_edge 0.6435
wandb:    eval/wosac_interactive 0.65628
wandb:      eval/wosac_kinematic 0.29687
wandb:                       +21 ...
wandb: 
wandb: 🚀 View run roma_mifutagentH8_dim1_r16p64_ep_comply_mifix_nodiv_maps10000_0 at: https://wandb.ai/s-rahmani-tu-delft/roma-pufferdrive/runs/fgxj22rl
wandb: ⭐️ View project at: https://wandb.ai/s-rahmani-tu-delft/roma-pufferdrive
wandb: Synced 5 W&B file(s), 0 media file(s), 0 artifact file(s) and 0 other file(s)
wandb: Find logs at: ./wandb/run-20260807_000311-fgxj22rl/logs
