[mifut] no existing checkpoint in /scratch/e452103/checkpoints/roma_mifutagent_dim4_H8_r16p64_ep_film -- fresh run
[mifut] role_dim=4  H=8  maps=10000  total_steps=3000000000
[mifut] role view: road=16 partner=64  mi_target=ego_partner
[mifut] FiLM conditioning: --role_film
[mifut] div_weight=0.1  mi_weight=1.0  wandb_name=roma_mifutagentH8_dim4_r16p64_ep_film_maps10000_0
[mifut] code=/home/e452103/roma_film  save=/scratch/e452103/checkpoints/roma_mifutagent_dim4_H8_r16p64_ep_film
[mifut] branch=mi-future-agentcentric-film commit=1455c8f
[ROMA] Device        : cuda
[ROMA] AMP (bf16)    : enabled
[ROMA] role_dim      : 4
[ROMA] num_maps      : 10000
[ROMA] num_agents    : 3072
[ROMA] total_steps   : 3,000,000,000
[ROMA] mi_weight     : 1.0
[ROMA] div_weight    : 0.1
[ROMA] mi_target     : ego_partner
[ROMA] role view     : road=16 partner=64 (policy GRU always sees the full 128)
[ROMA] mi_horizon    : 8 (future MI: z_t predicts emb t+1..t+8)
[ROMA] wandb initialized: https://wandb.ai/s-rahmani-tu-delft/roma-pufferdrive/runs/jhxolenk
[ROMA] obs_dim       : 1121 (auto-detected)
[ROMA] CSV log       : /scratch/e452103/checkpoints/roma_mifutagent_dim4_H8_r16p64_ep_film/training_log.csv
[ROMA] Training for 3,000,000,000 steps ...
[1;34mwandb[0m: 
[1;34mwandb[0m: 🚀 View run [33mroma_mifutagentH8_dim4_r16p64_ep_film_maps10000_0[0m at: [34mhttps://wandb.ai/s-rahmani-tu-delft/roma-pufferdrive/runs/jhxolenk[0m
[1;34mwandb[0m: Find logs at: [1;35mwandb/run-20260801_190810-jhxolenk/logs[0m
[mifut] FAILED (python exit 1)
